08-27 02:25:53.202  3095  3187 I CCodecBufferChannel: [c2.goldfish.h264.decoder#450] Created output block pool with allocatorID 18 => poolID 19 - OK
08-27 02:25:53.202  3095  3187 D CCodecBufferChannel: [c2.goldfish.h264.decoder#450] Configured output block pool ids 19 => OK
08-27 02:25:53.202  3095  3187 D Codec2-OutputBufferQueue: remote graphic buffer migration 0/0
08-27 02:25:53.203  3095  3187 D Codec2Client: setOutputSurface -- failed to set consumer usage (6/BAD_INDEX)
08-27 02:25:53.203  3095  3187 D Codec2Client: setOutputSurface -- generation=3169281 consumer usage=0x900
08-27 02:25:53.212   345  3026 D C2BqBuffer: local generation change 3169281 , bqId: 13292923781121 migrated buffers # 0
08-27 02:25:53.212  3095  3187 D Codec2Client: Surface configure completed
08-27 02:25:53.212  3095  3187 I DMABUFHEAPS: Using DMA-BUF heap named: system
08-27 02:25:53.299  2531  2547 D UiDevice: Retrieving node with selector: BySelector [DESC='^.*\QUser Profile\E.*$', FOCUSED='true'].
08-27 02:25:53.313  2531  2547 D UiDevice: Node not found with selector: BySelector [DESC='^.*\QUser Profile\E.*$', FOCUSED='true'].
08-27 02:25:53.414  2531  2547 D UiDevice: Retrieving node with selector: BySelector [DESC='^.*\QUser Profile\E.*$', FOCUSED='true'].
08-27 02:25:53.431  2531  2547 D UiDevice: Node not found with selector: BySelector [DESC='^.*\QUser Profile\E.*$', FOCUSED='true'].
08-27 02:25:53.432   455  2395 W ResourceManagerService: Ignoring request to add new resource entry with value <= 0
08-27 02:25:53.435  3095  3176 I DMCodecAdapterFactory: Creating an asynchronous MediaCodec adapter for track type audio
08-27 02:25:53.438  3095  3195 D CCodec  : allocate(c2.android.aac.decoder)
08-27 02:25:53.440  3095  3195 I CCodec  : setting up 'default' as default (vendor) store
08-27 02:25:53.446  3095  3195 I CCodec  : Created component [c2.android.aac.decoder]
08-27 02:25:53.447  3095  3195 D CCodecConfig: read media type: audio/mp4a-latm
08-27 02:25:53.449  3095  3195 D ReflectedParamUpdater: extent() != 1 for single value type: algo.buffers.max-count.values
08-27 02:25:53.450  3095  3195 D ReflectedParamUpdater: extent() != 1 for single value type: output.subscribed-indices.values
08-27 02:25:53.451  3095  3195 D ReflectedParamUpdater: extent() != 1 for single value type: input.buffers.allocator-ids.values
08-27 02:25:53.451  3095  3195 D ReflectedParamUpdater: extent() != 1 for single value type: output.buffers.allocator-ids.values
08-27 02:25:53.452  3095  3195 D ReflectedParamUpdater: extent() != 1 for single value type: algo.buffers.allocator-ids.values
08-27 02:25:53.452  3095  3195 D ReflectedParamUpdater: extent() != 1 for single value type: output.buffers.pool-ids.values
08-27 02:25:53.453  3095  3195 D ReflectedParamUpdater: extent() != 1 for single value type: algo.buffers.pool-ids.values
08-27 02:25:53.456  3095  3195 I CCodecConfig: query failed after returning 20 values (BAD_INDEX)
08-27 02:25:53.456  3095  3195 D CCodecConfig: c2 config diff is Dict {
08-27 02:25:53.456  3095  3195 D CCodecConfig:   c2::u32 coded.aac-packaging.value = 0
08-27 02:25:53.456  3095  3195 D CCodecConfig:   c2::u32 coded.bitrate.value = 64000
08-27 02:25:53.456  3095  3195 D CCodecConfig:   c2::u32 coded.pl.level = 0
08-27 02:25:53.456  3095  3195 D CCodecConfig:   c2::u32 coded.pl.profile = 8192
08-27 02:25:53.456  3095  3195 D CCodecConfig:   c2::i32 coding.drc.album-mode.value = 0
08-27 02:25:53.456  3095  3195 D CCodecConfig:   c2::float coding.drc.attenuation-factor.value = 1
08-27 02:25:53.456  3095  3195 D CCodecConfig:   c2::float coding.drc.boost-factor.value = 1
08-27 02:25:53.456  3095  3195 D CCodecConfig:   c2::i32 coding.drc.compression-mode.value = 3
08-27 02:25:53.456  3095  3195 D CCodecConfig:   c2::i32 coding.drc.effect-type.value = 3
08-27 02:25:53.456  3095  3195 D CCodecConfig:   c2::float coding.drc.encoded-level.value = 0.25
08-27 02:25:53.456  3095  3195 D CCodecConfig:   c2::float coding.drc.reference-level.value = -16
08-27 02:25:53.456  3095  3195 D CCodecConfig:   c2::u32 input.buffers.max-size.value = 8192
08-27 02:25:53.456  3095  3195 D CCodecConfig:   c2::u32 input.delay.value = 0
08-27 02:25:53.456  3095  3195 D CCodecConfig:   string input.media-type.value = "audio/mp4a-latm"
08-27 02:25:53.456  3095  3195 D CCodecConfig:   c2::u32 output.delay.value = 2
08-27 02:25:53.456  3095  3195 D CCodecConfig:   c2::float output.drc.output-loudness.value = 0.25
08-27 02:25:53.456  3095  3195 D CCodecConfig:   string output.media-type.value = "audio/raw"
08-27 02:25:53.456  3095  3195 D CCodecConfig:   c2::u32 raw.channel-count.value = 1
08-27 02:25:53.456  3095  3195 D CCodecConfig:   c2::u32 raw.channel-mask.value = 0
08-27 02:25:53.456  3095  3195 D CCodecConfig:   c2::u32 raw.max-channel-count.value = 8
08-27 02:25:53.456  3095  3195 D CCodecConfig:   c2::u32 raw.sample-rate.value = 44100
08-27 02:25:53.456  3095  3195 D CCodecConfig: }
08-27 02:25:53.460  3095  3195 I MediaCodec: MediaCodec will operate in async mode
08-27 02:25:53.462  3095  3195 D MediaCodec: flushMediametrics
08-27 02:25:53.463  3095  3195 D CCodec  : [c2.android.aac.decoder] buffers are bound to CCodec for this session
08-27 02:25:53.463  3095  3195 D CCodecConfig: no c2 equivalents for log-session-id
08-27 02:25:53.464  3095  3195 D CCodecConfig: no c2 equivalents for flags
08-27 02:25:53.464  3095  3195 D CCodecConfig: config failed => CORRUPTED
08-27 02:25:53.465  3095  3195 D CCodecConfig: c2 config diff is   c2::u32 raw.channel-count.value = 2
08-27 02:25:53.466  3095  3195 W Codec2Client: query -- param skipped: index = 1107298332.
08-27 02:25:53.467  3095  3195 D CCodec  : client requested max input size 710, which is smaller than what component recommended (8192); overriding with component recommendation.
08-27 02:25:53.468  3095  3195 W CCodec  : This behavior is subject to change. It is recommended that app developers double check whether the requested max input size is in reasonable range.
08-27 02:25:53.468  3095  3195 D CCodec  : encoding statistics level = 0
08-27 02:25:53.469  3095  3195 D CCodec  : setup formats input: AMessage(what = 0x00000000) = {
08-27 02:25:53.469  3095  3195 D CCodec  :   int32_t aac-drc-album-mode = 0
08-27 02:25:53.469  3095  3195 D CCodec  :   int32_t aac-drc-boost-level = 127
08-27 02:25:53.469  3095  3195 D CCodec  :   int32_t aac-drc-cut-level = 127
08-27 02:25:53.469  3095  3195 D CCodec  :   int32_t aac-drc-effect-type = 3
08-27 02:25:53.469  3095  3195 D CCodec  :   int32_t aac-encoded-target-level = -1
08-27 02:25:53.469  3095  3195 D CCodec  :   int32_t aac-max-output-channel_count = 8
08-27 02:25:53.469  3095  3195 D CCodec  :   int32_t aac-target-ref-level = 64
08-27 02:25:53.469  3095  3195 D CCodec  :   int32_t bitrate = 64000
08-27 02:25:53.469  3095  3195 D CCodec  :   int32_t channel-count = 2
08-27 02:25:53.469  3095  3195 D CCodec  :   int32_t channel-mask = 0
08-27 02:25:53.469  3095  3195 D CCodec  :   int32_t level = 0
08-27 02:25:53.469  3095  3195 D CCodec  :   int32_t max-input-size = 8192
08-27 02:25:53.469  3095  3195 D CCodec  :   int32_t max-output-channel-count = 8
08-27 02:25:53.469  3095  3195 D CCodec  :   string mime = "audio/mp4a-latm"
08-27 02:25:53.469  3095  3195 D CCodec  :   int32_t profile = 2
08-27 02:25:53.469  3095  3195 D CCodec  :   int32_t sample-rate = 44100
08-27 02:25:53.469  3095  3195 D CCodec  : }
08-27 02:25:53.470  3095  3195 D CCodec  : setup formats output: AMessage(what = 0x00000000) = {
08-27 02:25:53.470  3095  3195 D CCodec  :   int32_t aac-drc-album-mode = 0
08-27 02:25:53.470  3095  3195 D CCodec  :   int32_t aac-drc-boost-level = 127
08-27 02:25:53.470  3095  3195 D CCodec  :   int32_t aac-drc-cut-level = 127
08-27 02:25:53.470  3095  3195 D CCodec  :   int32_t aac-drc-effect-type = 3
08-27 02:25:53.470  3095  3195 D CCodec  :   int32_t aac-drc-output-loudness = -1
08-27 02:25:53.470  3095  3195 D CCodec  :   int32_t aac-encoded-target-level = -1
08-27 02:25:53.470  3095  3195 D CCodec  :   int32_t aac-max-output-channel_count = 8
08-27 02:25:53.470  3095  3195 D CCodec  :   int32_t aac-target-ref-level = 64
08-27 02:25:53.470  3095  3195 D CCodec  :   int32_t channel-count = 2
08-27 02:25:53.470  3095  3195 D CCodec  :   int32_t channel-mask = 0
08-27 02:25:53.470  3095  3195 D CCodec  :   int32_t max-output-channel-count = 8
08-27 02:25:53.470  3095  3195 D CCodec  :   string mime = "audio/raw"
08-27 02:25:53.470  3095  3195 D CCodec  :   int32_t sample-rate = 44100
08-27 02:25:53.470  3095  3195 D CCodec  :   int32_t android._config-pcm-encoding = 2
08-27 02:25:53.470  3095  3195 D CCodec  : }
08-27 02:25:53.470  3095  3195 I CCodecConfig: query failed after returning 20 values (BAD_INDEX)
08-27 02:25:53.474  3095  3176 D MediaCodec: keep callback message for reclaim
08-27 02:25:53.477  3095  3195 W Codec2Client: query -- param skipped: index = 1342179345.
08-27 02:25:53.477   345  3192 D SimpleC2Component: Using output block pool with poolID 19 => got 19 - 0
08-27 02:25:53.478  3095  3195 W Codec2Client: query -- param skipped: index = 2415921170.
08-27 02:25:53.479  3095  3195 W Codec2Client: query -- param skipped: index = 1610614798.
08-27 02:25:53.479  3095  3195 D CCodecBufferChannel: [c2.android.aac.decoder#214] Created input block pool with allocatorID 16 => poolID 18 - OK (0)
08-27 02:25:53.558  3095  3195 I CCodecBufferChannel: [c2.android.aac.decoder#214] Created output block pool with allocatorID 16 => poolID 28 - OK
08-27 02:25:53.558  3095  3195 D CCodecBufferChannel: [c2.android.aac.decoder#214] Configured output block pool ids 28 => OK
08-27 02:25:53.559  2531  2547 D UiDevice: Retrieving node with selector: BySelector [DESC='^.*\QUser Profile\E.*$', FOCUSED='true'].
08-27 02:25:53.573   460  3196 D SimpleC2Component: Using output block pool with poolID 28 => got 28 - 0
08-27 02:25:53.607  3095  3187 D CCodecConfig: c2 config diff is   c2::u32 raw.crop.height = 720
08-27 02:25:53.607  3095  3187 D CCodecConfig:   c2::u32 raw.crop.left = 0
08-27 02:25:53.607  3095  3187 D CCodecConfig:   c2::u32 raw.crop.top = 0
08-27 02:25:53.607  3095  3187 D CCodecConfig:   c2::u32 raw.crop.width = 1280
08-27 02:25:53.623   460  3196 I C2SoftAacDec: Reconfiguring decoder: 0->44100 Hz, 0->2 channels
08-27 02:25:53.627  2531  2547 D UiDevice: Node not found with selector: BySelector [DESC='^.*\QUser Profile\E.*$', FOCUSED='true'].
08-27 02:25:53.656   135   135 I hwservicemanager: getTransport: Cannot find entry android.hardware.graphics.mapper@4.0::IMapper/default in either framework or device VINTF manifest.
08-27 02:25:53.659  3095  3176 I Surface : Surface::setFrameRate is deprecated, setFrameRate hint is dropped as destination is not SurfaceFlinger
08-27 02:25:53.669  3095  3195 D CCodecConfig: c2 config diff is   c2::u32 raw.channel-mask.value = 12
08-27 02:25:53.669  3095  3195 D CCodecBuffers: [c2.android.aac.decoder#214:Output[N]] popFromStashAndRegister: at 1000000000000us, output format changed to AMessage(what = 0x00000000) = {
08-27 02:25:53.669  3095  3195 D CCodecBuffers:   int32_t aac-drc-album-mode = 0
08-27 02:25:53.669  3095  3195 D CCodecBuffers:   int32_t aac-drc-boost-level = 127
08-27 02:25:53.669  3095  3195 D CCodecBuffers:   int32_t aac-drc-cut-level = 127
08-27 02:25:53.669  3095  3195 D CCodecBuffers:   int32_t aac-drc-effect-type = 3
08-27 02:25:53.669  3095  3195 D CCodecBuffers:   int32_t aac-drc-output-loudness = -1
08-27 02:25:53.669  3095  3195 D CCodecBuffers:   int32_t aac-encoded-target-level = -1
08-27 02:25:53.669  3095  3195 D CCodecBuffers:   int32_t aac-max-output-channel_count = 8
08-27 02:25:53.669  3095  3195 D CCodecBuffers:   int32_t aac-target-ref-level = 64
08-27 02:25:53.669  3095  3195 D CCodecBuffers:   int32_t channel-count = 2
08-27 02:25:53.669  3095  3195 D CCodecBuffers:   int32_t channel-mask = 12
08-27 02:25:53.669  3095  3195 D CCodecBuffers:   int32_t max-output-channel-count = 8
08-27 02:25:53.669  3095  3195 D CCodecBuffers:   string mime = "audio/raw"
08-27 02:25:53.669  3095  3195 D CCodecBuffers:   int32_t sample-rate = 44100
08-27 02:25:53.669  3095  3195 D CCodecBuffers:   int32_t android._config-pcm-encoding = 2
08-27 02:25:53.669  3095  3195 D CCodecBuffers: }
08-27 02:25:53.698   386  1739 W AudioFlinger: createTrack_l(): mismatch between requested flags (00000008) and output flags (00000002)
08-27 02:25:53.698   386  1739 D AudioFlinger: Client defaulted notificationFrames to 8024 for frameCount 16048
08-27 02:25:53.700   386  1739 D AF::TrackHandle: OpPlayAudio: track:59 usage:1 not muted
08-27 02:25:53.731  2531  2547 D UiDevice: Retrieving node with selector: BySelector [DESC='^.*\QUser Profile\E.*$', FOCUSED='true'].
08-27 02:25:53.739   386  1739 D audioserver: FGS Logger Transaction failed
08-27 02:25:53.739   386  1739 D audioserver: -129
08-27 02:25:53.762  2531  2547 D UiDevice: Node not found with selector: BySelector [DESC='^.*\QUser Profile\E.*$', FOCUSED='true'].
08-27 02:25:53.846  3095  3176 D AudioTrack: getTimestamp_l(19): device stall time corrected using current time 209628026300
08-27 02:25:53.847  3095  3103 I oogle.jetstream: Background concurrent copying GC freed 151626(6267KB) AllocSpace objects, 9(528KB) LOS objects, 49% free, 10061KB/19MB, paused 3.235ms,56us total 143.514ms
08-27 02:25:53.858   386   494 D AudioFlinger: mixer(0x72f533996930) throttle end: throttle time(7)
08-27 02:25:53.868  2531  2547 D UiDevice: Retrieving node with selector: BySelector [DESC='^.*\QUser Profile\E.*$', FOCUSED='true'].
08-27 02:25:53.905  2531  2547 D UiDevice: Node not found with selector: BySelector [DESC='^.*\QUser Profile\E.*$', FOCUSED='true'].
08-27 02:25:54.008  2531  2547 D UiDevice: Retrieving node with selector: BySelector [DESC='^.*\QUser Profile\E.*$', FOCUSED='true'].
08-27 02:25:54.025  2531  2547 D UiDevice: Node not found with selector: BySelector [DESC='^.*\QUser Profile\E.*$', FOCUSED='true'].
08-27 02:25:54.115  3095  3114 D EGL_emulation: app_time_stats: avg=40.26ms min=1.59ms max=297.35ms count=26
08-27 02:25:54.127  2531  2547 D UiDevice: Retrieving node with selector: BySelector [DESC='^.*\QUser Profile\E.*$', FOCUSED='true'].
08-27 02:25:54.137  2531  2547 D UiDevice: Node not found with selector: BySelector [DESC='^.*\QUser Profile\E.*$', FOCUSED='true'].
08-27 02:25:54.138  2531  2547 D UiDevice: Pressing keycodes [22] with modifier 0.
08-27 02:25:54.177  2531  2547 D UiDevice: Pressing keycodes [22] with modifier 0.
08-27 02:25:54.209  2531  2547 D UiDevice: Waiting 1000ms for SearchCondition[findObject=BySelector [TEXT='\QCategories\E', FOCUSED='true']].
08-27 02:25:54.209  2531  2547 D UiDevice: Retrieving node with selector: BySelector [TEXT='\QCategories\E', FOCUSED='true'].
08-27 02:25:54.230  2531  2547 D UiDevice: Node not found with selector: BySelector [TEXT='\QCategories\E', FOCUSED='true'].
08-27 02:25:54.264   555   808 W BestClock: java.time.DateTimeException: Missing network time fix
08-27 02:25:54.285   327   359 I netd    : tetherGetStats() -> {[]} <1.45ms>
08-27 02:25:54.294   555   808 W BestClock: java.time.DateTimeException: Missing network time fix
08-27 02:25:54.295   327   359 I netd    : bandwidthSetGlobalAlert(2097152) <0.16ms>
08-27 02:25:54.332  2531  2547 D UiDevice: Retrieving node with selector: BySelector [TEXT='\QCategories\E', FOCUSED='true'].
08-27 02:25:54.360  2531  2547 D UiDevice: Node not found with selector: BySelector [TEXT='\QCategories\E', FOCUSED='true'].
08-27 02:25:54.462  2531  2547 D UiDevice: Retrieving node with selector: BySelector [TEXT='\QCategories\E', FOCUSED='true'].
08-27 02:25:54.479  2531  2547 D UiDevice: Node not found with selector: BySelector [TEXT='\QCategories\E', FOCUSED='true'].
08-27 02:25:54.581  2531  2547 D UiDevice: Retrieving node with selector: BySelector [TEXT='\QCategories\E', FOCUSED='true'].
08-27 02:25:54.599  2531  2547 D UiDevice: Node not found with selector: BySelector [TEXT='\QCategories\E', FOCUSED='true'].
08-27 02:25:54.701  2531  2547 D UiDevice: Retrieving node with selector: BySelector [TEXT='\QCategories\E', FOCUSED='true'].
08-27 02:25:54.726  2531  2547 D UiDevice: Node not found with selector: BySelector [TEXT='\QCategories\E', FOCUSED='true'].
08-27 02:25:54.827  2531  2547 D UiDevice: Retrieving node with selector: BySelector [TEXT='\QCategories\E', FOCUSED='true'].
08-27 02:25:54.861  2531  2547 D UiDevice: Node not found with selector: BySelector [TEXT='\QCategories\E', FOCUSED='true'].
08-27 02:25:54.865   887   887 D StatusBarIconController: ignoring old pipeline callback because the new wifi icon is enabled
08-27 02:25:54.962  2531  2547 D UiDevice: Retrieving node with selector: BySelector [TEXT='\QCategories\E', FOCUSED='true'].
08-27 02:25:54.987  2531  2547 D UiDevice: Node not found with selector: BySelector [TEXT='\QCategories\E', FOCUSED='true'].
08-27 02:25:55.091  2531  2547 D UiDevice: Retrieving node with selector: BySelector [TEXT='\QCategories\E', FOCUSED='true'].
08-27 02:25:55.107  2531  2547 D UiDevice: Node not found with selector: BySelector [TEXT='\QCategories\E', FOCUSED='true'].
08-27 02:25:55.127  3095  3114 D EGL_emulation: app_time_stats: avg=14.93ms min=1.66ms max=62.67ms count=44
08-27 02:25:55.211  2531  2547 D UiDevice: Retrieving node with selector: BySelector [TEXT='\QCategories\E', FOCUSED='true'].
08-27 02:25:55.232  2531  2547 D UiDevice: Node not found with selector: BySelector [TEXT='\QCategories\E', FOCUSED='true'].
08-27 02:25:55.233  2531  2547 D UiDevice: Pressing keycodes [20] with modifier 0.
08-27 02:25:55.260  2531  2547 D UiDevice: Pressing keycodes [23] with modifier 0.
08-27 02:25:55.294  2531  2547 D UiDevice: Pressing keycodes [20] with modifier 0.
08-27 02:25:55.326  2531  2547 D UiDevice: Pressing keycodes [20] with modifier 0.
08-27 02:25:55.360  2531  2547 D UiDevice: Pressing keycodes [20] with modifier 0.
08-27 02:25:55.408  2531  2547 D UiDevice: Pressing keycodes [20] with modifier 0.
08-27 02:25:55.441  2531  2547 D UiDevice: Pressing keycodes [19] with modifier 0.
08-27 02:25:55.475  2531  2547 D UiDevice: Pressing keycodes [19] with modifier 0.
08-27 02:25:55.508  2531  2547 D UiDevice: Pressing keycodes [19] with modifier 0.
08-27 02:25:55.560  2531  2547 D UiDevice: Pressing keycodes [19] with modifier 0.
08-27 02:25:55.594  2531  2547 D UiDevice: Pressing keycodes [23] with modifier 0.
08-27 02:25:55.617  3095  3176 I Surface : Surface::setFrameRate is deprecated, setFrameRate hint is dropped as destination is not SurfaceFlinger
08-27 02:25:55.625  3095  3187 D CCodecBufferChannel: [c2.goldfish.h264.decoder#450] Discard frames from previous generation.
08-27 02:25:55.628   555   808 W BestClock: java.time.DateTimeException: Missing network time fix
08-27 02:25:55.631  3095  3176 D MediaCodec: keep callback message for reclaim
08-27 02:25:55.632  3095  3186 I CCodecConfig: query failed after returning 12 values (BAD_INDEX)
08-27 02:25:55.633  3095  3186 W Codec2Client: query -- param skipped: index = 1342179345.
08-27 02:25:55.638   345  3192 D SimpleC2Component: work form old generation: was 1 now 0
08-27 02:25:55.640  3095  3191 D CCodecBufferChannel: [c2.goldfish.h264.decoder#450] Ignoring stale input buffer done callback: last flush index = 63, frameIndex = 60
08-27 02:25:55.641  3095  3186 W Codec2Client: query -- param skipped: index = 2415921170.
08-27 02:25:55.642  3095  3186 W Codec2Client: query -- param skipped: index = 1610614798.
08-27 02:25:55.643  3095  3195 D CCodecBuffers: [c2.android.aac.decoder#214:1D-Output.Impl[N]] Client returned a buffer it does not own according to our record: 0
08-27 02:25:55.643  2531  2547 D UiDevice: Pressing keycodes [20] with modifier 0.
08-27 02:25:55.643  3095  3176 D MediaCodec: keep callback message for reclaim
08-27 02:25:55.644  3095  3195 I CCodecConfig: query failed after returning 20 values (BAD_INDEX)
08-27 02:25:55.644  3095  3195 W Codec2Client: query -- param skipped: index = 1342179345.
08-27 02:25:55.644  3095  3195 W Codec2Client: query -- param skipped: index = 2415921170.
08-27 02:25:55.644  3095  3195 W Codec2Client: query -- param skipped: index = 1610614798.
08-27 02:25:55.646  3095  3187 D CCodecBufferChannel: [c2.goldfish.h264.decoder#450] flushed work; ignored.
08-27 02:25:55.648   327   359 I netd    : tetherGetStats() -> {[]} <0.46ms>
08-27 02:25:55.651  3095  3187 D CCodecBufferChannel: [c2.goldfish.h264.decoder#450] Discard frames from previous generation.
08-27 02:25:55.656   555   808 W BestClock: java.time.DateTimeException: Missing network time fix
08-27 02:25:55.659   327   359 I netd    : bandwidthSetGlobalAlert(2097152) <0.07ms>
08-27 02:25:55.660   555   810 W BestClock: java.time.DateTimeException: Missing network time fix
08-27 02:25:55.661   555   810 W BestClock: java.time.DateTimeException: Missing network time fix
08-27 02:25:55.669   555   810 W BestClock: java.time.DateTimeException: Missing network time fix
08-27 02:25:55.670   327   359 I netd    : bandwidthRemoveInterfaceQuota(eth0) <1.07ms>
08-27 02:25:55.672   327   359 I netd    : bandwidthSetInterfaceQuota(eth0, 9223372036854775807) <0.62ms>
08-27 02:25:55.675  2531  2547 D UiDevice: Pressing keycodes [20] with modifier 0.
08-27 02:25:55.679   555   810 W BestClock: java.time.DateTimeException: Missing network time fix
08-27 02:25:55.688   555   810 W BestClock: java.time.DateTimeException: Missing network time fix
08-27 02:25:55.690   555   810 W BestClock: java.time.DateTimeException: Missing network time fix
08-27 02:25:55.709  2531  2547 D UiDevice: Pressing keycodes [20] with modifier 0.
08-27 02:25:55.735   327  3201 I resolv  : GetAddrInfoHandler::run: {100 100 100 983140 10141 0}
08-27 02:25:55.737   327  3202 I resolv  : res_nmkquery: (QUERY, IN, AAAA)
08-27 02:25:55.738   327  3203 I resolv  : res_nmkquery: (QUERY, IN, A)
08-27 02:25:55.739   327  3202 I resolv  : res_nsend: used send_dg 50 terrno: 0
08-27 02:25:55.740   327  3202 I resolv  : doQuery: rcode=0, ancount=0, return value=50
08-27 02:25:55.744  2531  2547 D UiDevice: Pressing keycodes [20] with modifier 0.
08-27 02:25:55.748   327  3203 I resolv  : res_nsend: used send_dg 66 terrno: 0
08-27 02:25:55.749   327  3203 I resolv  : doQuery: rcode=0, ancount=1, return value=66
08-27 02:25:55.751  3095  3179 D TrafficStats: tagSocket(94) with statsTag=0xffffffff, statsUid=-1
08-27 02:25:55.763   386   494 D audioserver: FGS Logger Transaction failed
08-27 02:25:55.763   386   494 D audioserver: -129
08-27 02:25:55.776  2531  2547 D UiDevice: Pressing keycodes [19] with modifier 0.
08-27 02:25:55.777   386   494 D audioserver: FGS Logger Transaction failed
08-27 02:25:55.778   386   494 D audioserver: -129
08-27 02:25:55.810  2531  2547 D UiDevice: Pressing keycodes [19] with modifier 0.
08-27 02:25:55.842  2531  2547 D UiDevice: Pressing keycodes [19] with modifier 0.
08-27 02:25:55.877  2531  2547 D UiDevice: Pressing keycodes [19] with modifier 0.
08-27 02:25:55.909  2531  2547 D Benchmark: Flushing ART profiles for com.google.jetstream
08-27 02:25:56.154   386   400 W AudioFlinger: createTrack_l(): mismatch between requested flags (00000008) and output flags (00000002)
08-27 02:25:56.155   386   400 D AudioFlinger: Client defaulted notificationFrames to 8024 for frameCount 16048
08-27 02:25:56.156   386   400 D AF::TrackHandle: OpPlayAudio: track:60 usage:1 not muted
08-27 02:25:56.311  3095  3191 D CCodecBufferChannel: [c2.goldfish.h264.decoder#450] Ignoring stale input buffer done callback: last flush index = 63, frameIndex = 63
08-27 02:25:56.344  3095  3114 D EGL_emulation: app_time_stats: avg=14.25ms min=1.28ms max=217.77ms count=57
08-27 02:25:56.899  3095  3176 I Surface : Surface::setFrameRate is deprecated, setFrameRate hint is dropped as destination is not SurfaceFlinger
08-27 02:25:56.903   386   400 D audioserver: FGS Logger Transaction failed
08-27 02:25:56.904   386   400 D audioserver: -129
08-27 02:25:56.919  3095  3176 D AudioTrack: getTimestamp_l(20): device stall time corrected using current time 212701665000
08-27 02:25:57.348  3095  3114 D EGL_emulation: app_time_stats: avg=91.22ms min=21.05ms max=647.55ms count=11
08-27 02:25:58.096   555   808 W BestClock: java.time.DateTimeException: Missing network time fix
08-27 02:25:58.115   327   359 I netd    : tetherGetStats() -> {[]} <0.35ms>
08-27 02:25:58.120   555   808 W BestClock: java.time.DateTimeException: Missing network time fix
08-27 02:25:58.121   327   359 I netd    : bandwidthSetGlobalAlert(2097152) <0.06ms>
08-27 02:25:58.393  3095  3114 D EGL_emulation: app_time_stats: avg=38.56ms min=13.91ms max=53.82ms count=27
08-27 02:25:58.570  3095  3191 D BufferPoolAccessor2.0: bufferpool2 0x726a89e775a8 : 5(31457280 size) total buffers - 5(31457280 size) used buffers - 118/123 (recycle/alloc) - 5/123 (fetch/transfer)
08-27 02:25:58.711  3095  3195 D BufferPoolAccessor2.0: bufferpool2 0x726a89e86878 : 5(40960 size) total buffers - 1(8192 size) used buffers - 200/205 (recycle/alloc) - 5/203 (fetch/transfer)
08-27 02:25:58.722   460  3196 D BufferPoolAccessor2.0: bufferpool2 0x792afe54c568 : 6(24576 size) total buffers - 1(4096 size) used buffers - 192/198 (recycle/alloc) - 6/197 (fetch/transfer)
08-27 02:25:59.342   555   808 W BestClock: java.time.DateTimeException: Missing network time fix
08-27 02:25:59.359   327   359 I netd    : tetherGetStats() -> {[]} <0.60ms>
08-27 02:25:59.362   555   808 W BestClock: java.time.DateTimeException: Missing network time fix
08-27 02:25:59.364   327   359 I netd    : bandwidthSetGlobalAlert(2097152) <0.06ms>
08-27 02:25:59.364   555   810 W BestClock: java.time.DateTimeException: Missing network time fix
08-27 02:25:59.365   555   810 W BestClock: java.time.DateTimeException: Missing network time fix
08-27 02:25:59.367   555   810 W BestClock: java.time.DateTimeException: Missing network time fix
08-27 02:25:59.368   327   359 I netd    : bandwidthRemoveInterfaceQuota(eth0) <0.53ms>
08-27 02:25:59.369   327   359 I netd    : bandwidthSetInterfaceQuota(eth0, 9223372036854775807) <0.68ms>
08-27 02:25:59.371   555   810 W BestClock: java.time.DateTimeException: Missing network time fix
08-27 02:25:59.376   555   810 W BestClock: java.time.DateTimeException: Missing network time fix
08-27 02:25:59.377   555   810 W BestClock: java.time.DateTimeException: Missing network time fix
08-27 02:25:59.395  3095  3114 D EGL_emulation: app_time_stats: avg=37.03ms min=12.30ms max=62.19ms count=27
08-27 02:26:00.021   887   959 D EGL_emulation: app_time_stats: avg=16884.43ms min=16884.43ms max=16884.43ms count=1
08-27 02:26:00.410  3095  3114 D EGL_emulation: app_time_stats: avg=23.51ms min=13.86ms max=51.30ms count=43
08-27 02:26:00.911  2531  2547 D Benchmark: Profile Installer - Save Profile
08-27 02:26:00.935   555   652 I ActivityManager: Broadcasting: Intent { act=androidx.profileinstaller.action.SAVE_PROFILE flg=0x400000 cmp=com.google.jetstream/androidx.profileinstaller.ProfileInstallReceiver }
08-27 02:26:00.937  3095  3095 I Process : Sending signal. PID: 3095 SIG: 10
08-27 02:26:00.937  3095  3099 I oogle.jetstream: Thread[4,tid=3099,WaitingInMainSignalCatcherLoop,Thread*=0x726959dfef50,peer=0x15200920,"Signal Catcher"]: reacting to signal 10
08-27 02:26:00.937  3095  3099 I oogle.jetstream: 
08-27 02:26:00.938  3095  3099 I oogle.jetstream: SIGUSR1 forcing GC (no HPROF) and profile save
08-27 02:26:00.942  3095  3095 D ProfileInstaller: 
08-27 02:26:00.943   555   586 I ActivityManager: Broadcast completed: result=12
08-27 02:26:00.957  3095  3099 I oogle.jetstream: Explicit concurrent copying GC freed 49239(2424KB) AllocSpace objects, 4(388KB) LOS objects, 49% free, 22MB/44MB, paused 582us,59us total 19.096ms
08-27 02:26:01.427  3095  3114 D EGL_emulation: app_time_stats: avg=33.83ms min=15.61ms max=50.73ms count=30
08-27 02:26:01.946  2531  2547 D Benchmark: Killing process com.google.jetstream
08-27 02:26:01.946  2531  2547 D UiDevice: Executing shell command: am force-stop com.google.jetstream
08-27 02:26:01.965   345  3192 E hw-IPCThreadState: *** BAD COMMAND 29202 received from Binder driver
08-27 02:26:01.965   345  3192 D C2BqBuffer: cannot dequeue buffer 0
08-27 02:26:01.965   345  3192 E C2GoldfishAvcDec: fetchGraphicBlock for Output failed with status 22
08-27 02:26:01.967   345  3192 E hw-IPCThreadState: *** BAD COMMAND 29202 received from Binder driver
08-27 02:26:01.967   345  3192 W Codec2-types: registerSender -- returned error: 4.
08-27 02:26:01.967   345  3192 E Codec2-types: Failed to send buffer with BufferPool. Error: 4.
08-27 02:26:01.967   345  3192 E Codec2-types: Invalid block data in C2ConstLinearBlock.
08-27 02:26:01.968   345  3192 E Codec2-types: Invalid C2BufferData::linearBlocks. (Destination index = 0.)
08-27 02:26:01.968   345  3192 E Codec2-types: Invalid C2Buffer::data.
08-27 02:26:01.968   345  3192 E Codec2-types: Invalid C2FrameData::buffers[0].
08-27 02:26:01.968   345  3192 E Codec2-types: Invalid C2Work::input.
08-27 02:26:01.968   345  3192 E Codec2-Component: Component::Listener::onWorkDone_nb -- received corrupted work items.
08-27 02:26:01.973   455  2467 I ResourceManagerMetrics: pushConcurrentUsageReport: Concurrent Codec Usage Report for the Process[pid(3095): uid(10141)] is Peak { AudioDec[ SW: 1 ] VideoDec[ SW: 1 ]  HW: 1 ] } Peak Pixels: 921600
08-27 02:26:01.991   390   390 I BpBinder: onLastStrongRef automatically unlinking death recipients: 
08-27 02:26:01.996   345   899 I Codec2-Component: Client died ! notify and release the component !!
08-27 02:26:02.022   345   899 I GoldfishComponentStore: in ~ComponentModule
08-27 02:26:02.022   345   899 I GoldfishComponentStore: unloading dll
08-27 02:26:02.024   460   924 D BufferPoolConnection: connection 1977441159073 closed on death
08-27 02:26:02.025   460   924 I Codec2-Component@1.2: Client died ! notify and release the component !!
08-27 02:26:02.027   460   924 D BufferPoolAccessor2.0: Destruction - bufferpool2 0x792afe54c568 cached: 0/0M, 0/0% in use; allocs: 340, 98% recycled; transfers: 340, 98% unfetched
08-27 02:26:02.029   328   328 I Zygote  : Process 3095 exited due to signal 9 (Killed)
08-27 02:26:02.032   455  2395 E mediaserver: unlinkToDeath: removed reference to death recipient but unlink failed: DEAD_OBJECT
08-27 02:26:02.032   455  2395 E IPCThreadState: attemptIncStrongHandle(2): Not supported
08-27 02:26:02.032   455  2395 E mediaserver: unlinkToDeath: removed reference to death recipient but unlink failed: DEAD_OBJECT
08-27 02:26:02.032   455  2395 E IPCThreadState: attemptIncStrongHandle(3): Not supported
08-27 02:26:02.033   555  1619 I ImeTracker: com.google.jetstream:eb2650cf: onRequestHide at ORIGIN_SERVER_HIDE_INPUT reason HIDE_REMOVE_CLIENT
08-27 02:26:02.033   555  1619 I ImeTracker: com.google.jetstream:eb2650cf: onCancelled at PHASE_SERVER_SHOULD_HIDE
08-27 02:26:02.037   555  2499 W InputManager-JNI: Input channel object '5ec06a1 com.google.jetstream/com.google.jetstream.MainActivity (client)' was disposed without first being removed with the input manager!
08-27 02:26:02.065  1107  1107 D CarrierSvcBindHelper: onHandleForceStop: [com.google.jetstream]
08-27 02:26:02.066  1107  1107 D CarrierSvcBindHelper: No carrier app for: 0
08-27 02:26:02.145  1546  2309 W MediaProvider: isAppCloneUserPair for user 0: false
08-27 02:26:02.163   386   494 D audioserver: FGS Logger Transaction failed
08-27 02:26:02.163   386   494 D audioserver: -129
08-27 02:26:02.192   386   494 D audioserver: FGS Logger Transaction failed
08-27 02:26:02.192   386   494 D audioserver: -129
08-27 02:26:02.195  2592  2592 I artd    : Running profman: /apex/com.android.art/bin/art_exec --drop-capabilities --keep-fds=7:8 -- /apex/com.android.art/bin/profman --reference-profile-file-fd=7 --apk-fd=8
08-27 02:26:02.195  2592  2592 I artd    : Opened FDs: 7:/data/misc/profiles/ref/com.google.jetstream/primary.prof 8:/data/app/~~1og0BK07Ld9ygNlAy6ffhQ==/com.google.jetstream-YliBwmp2zFpeBa33ibE1Sg==/base.apk 
08-27 02:26:02.220  2592  2592 I artd    : profman returned code 2
08-27 02:26:02.277  1150  1629 E OpenGLRenderer: Unable to match the desired swap behavior.
08-27 02:26:02.294  2592  2592 I artd    : Running profman: /apex/com.android.art/bin/art_exec --drop-capabilities --keep-fds=7:8:9 -- /apex/com.android.art/bin/profman --profile-file-fd=7 --reference-profile-file-fd=8 --apk-fd=9
08-27 02:26:02.294  2592  2592 I artd    : Opened FDs: 7:/data/misc/profiles/cur/0/com.google.jetstream/primary.prof 8:/data/misc/profiles/ref/com.google.jetstream/primary.prof.QoWRzV.tmp 9:/data/app/~~1og0BK07Ld9ygNlAy6ffhQ==/com.google.jetstream-YliBwmp2zFpeBa33ibE1Sg==/base.apk 
08-27 02:26:02.322  2592  2592 I artd    : profman returned code 2
08-27 02:26:02.331  2592  2594 I artd    : Running dex2oat: /apex/com.android.art/bin/art_exec --drop-capabilities --set-task-profile=Dex2OatBootComplete --set-priority=background --keep-fds=7:8:9:10:11:12:13 -- /apex/com.android.art/bin/dex2oat64 --zip-fd=7 --zip-location=/data/app/~~1og0BK07Ld9ygNlAy6ffhQ==/com.google.jetstream-YliBwmp2zFpeBa33ibE1Sg==/base.apk --oat-fd=8 --oat-location=/data/app/~~1og0BK07Ld9ygNlAy6ffhQ==/com.google.jetstream-YliBwmp2zFpeBa33ibE1Sg==/oat/x86_64/base.odex --output-vdex-fd=9 --app-image-fd=10 --image-format=lz4 --swap-fd=11 --class-loader-context=PCL[] --classpath-dir=/data/app/~~1og0BK07Ld9ygNlAy6ffhQ==/com.google.jetstream-YliBwmp2zFpeBa33ibE1Sg== --input-vdex-fd=12 --profile-file-fd=13 --instruction-set=x86_64 --instruction-set-features=default --instruction-set-variant=x86_64 --compiler-filter=speed-profile --compilation-reason=cmdline --compact-dex-level=none --max-image-block-size=524288 --resolve-startup-const-strings=true --generate-mini-debug-info --runtime-arg -Xtarget-sdk-version:35 --runtime-arg -Xhidden-api-policy:enabled --runtime-arg -Xms64m --runtime-arg -Xmx512m --comments=app-version-name:1.0,app-version-code:1,art-version:342090000
08-27 02:26:02.331  2592  2594 I artd    : Opened FDs: 7:/data/app/~~1og0BK07Ld9ygNlAy6ffhQ==/com.google.jetstream-YliBwmp2zFpeBa33ibE1Sg==/base.apk 8:/data/app/~~1og0BK07Ld9ygNlAy6ffhQ==/com.google.jetstream-YliBwmp2zFpeBa33ibE1Sg==/oat/x86_64/base.odex.lZzHQN.tmp 9:/data/app/~~1og0BK07Ld9ygNlAy6ffhQ==/com.google.jetstream-YliBwmp2zFpeBa33ibE1Sg==/oat/x86_64/base.vdex.2grHHp.tmp 10:/data/app/~~1og0BK07Ld9ygNlAy6ffhQ==/com.google.jetstream-YliBwmp2zFpeBa33ibE1Sg==/oat/x86_64/base.art.WZoSDJ.tmp 11:/data/app/~~1og0BK07Ld9ygNlAy6ffhQ==/com.google.jetstream-YliBwmp2zFpeBa33ibE1Sg==/oat/x86_64/base.odex.swap.prRe82.tmp 12:/data/app/~~1og0BK07Ld9ygNlAy6ffhQ==/com.google.jetstream-YliBwmp2zFpeBa33ibE1Sg==/oat/x86_64/base.vdex 13:/data/misc/profiles/ref/com.google.jetstream/primary.prof 
08-27 02:26:02.351   555  3218 I ImeTracker: com.android.launcher3:9a33e18b: onRequestHide at ORIGIN_SERVER_HIDE_INPUT reason HIDE_UNSPECIFIED_WINDOW
08-27 02:26:02.352   555  3218 I ImeTracker: com.android.launcher3:9a33e18b: onCancelled at PHASE_SERVER_SHOULD_HIDE
08-27 02:26:02.388  3230  3230 W dex2oat64: Unexpected CPU variant for x86: x86_64.
08-27 02:26:02.388  3230  3230 W dex2oat64: Known variants: atom, sandybridge, silvermont, goldmont, goldmont-plus, tremont, kabylake, default
08-27 02:26:02.397  3230  3230 W dex2oat64: Mismatch between dex2oat instruction set features to use (ISA: X86_64 Feature string: -ssse3,-sse4.1,-sse4.2,-avx,-avx2,-popcnt) and those from CPP defines (ISA: X86_64 Feature string: ssse3,sse4.1,sse4.2,-avx,-avx2,popcnt) for the command line:
08-27 02:26:02.397  3230  3230 W dex2oat64: /apex/com.android.art/bin/dex2oat64 --zip-fd=7 --zip-location=/data/app/~~1og0BK07Ld9ygNlAy6ffhQ==/com.google.jetstream-YliBwmp2zFpeBa33ibE1Sg==/base.apk --oat-fd=8 --oat-location=/data/app/~~1og0BK07Ld9ygNlAy6ffhQ==/com.google.jetstream-YliBwmp2zFpeBa33ibE1Sg==/oat/x86_64/base.odex --output-vdex-fd=9 --app-image-fd=10 --image-format=lz4 --swap-fd=11 --class-loader-context=PCL[] --classpath-dir=/data/app/~~1og0BK07Ld9ygNlAy6ffhQ==/com.google.jetstream-YliBwmp2zFpeBa33ibE1Sg== --input-vdex-fd=12 --profile-file-fd=13 --instruction-set=x86_64 --instruction-set-features=default --instruction-set-variant=x86_64 --compiler-filter=speed-profile --compilation-reason=cmdline --compact-dex-level=none --max-image-block-size=524288 --resolve-startup-const-strings=true --generate-mini-debug-info --runtime-arg -Xtarget-sdk-version:35 --runtime-arg -Xhidden-api-policy:enabled --runtime-arg -Xms64m --runtime-arg -Xmx512m --comments=app-version-name:1.0,app-version-code:1,art-version:342090000
08-27 02:26:02.402  3230  3230 I dex2oat64: /apex/com.android.art/bin/dex2oat64 --output-vdex-fd=9 --class-loader-context=PCL[] --classpath-dir=/data/app/~~1og0BK07Ld9ygNlAy6ffhQ==/com.google.jetstream-YliBwmp2zFpeBa33ibE1Sg== --input-vdex-fd=12 --profile-file-fd=13 --compiler-filter=speed-profile --compilation-reason=cmdline --compact-dex-level=none --max-image-block-size=524288 --resolve-startup-const-strings=true --generate-mini-debug-info --comments=app-version-name:1.0,app-version-code:1,art-version:342090000
08-27 02:26:02.412  3230  3230 I dex2oat64: Using CollectorTypeCC GC.
08-27 02:26:02.496  3230  3230 I dex2oat64: Large app, accepted running with swap.
08-27 02:26:02.509   887   893 W ndroid.systemui: Cleared Reference was only reachable from finalizer (only reported once)
08-27 02:26:02.529   887   893 I ndroid.systemui: NativeAlloc concurrent copying GC freed 244418(13MB) AllocSpace objects, 26(584KB) LOS objects, 49% free, 12MB/24MB, paused 574us,76us total 183.458ms
08-27 02:26:02.598   555  3218 I Process : Sending signal. PID: 3095 SIG: 9
08-27 02:26:02.625   390   390 E BpTransactionCompletedListener: Failed to transact (-32)
08-27 02:26:03.104   887   887 D StatusBarIconController: ignoring old pipeline callbacks, because the new mobile icons are enabled
08-27 02:26:05.027   333  2811 D android.hardware.audio@7.1-impl.ranchu: threadLoop: entering standby, frames: 1587392
08-27 02:26:05.975   555  1820 D WifiNl80211Manager: Scan result ready event
08-27 02:26:05.975   555  1820 D WifiNative: Scan result ready event
08-27 02:26:06.492   460   885 D BufferPoolAccessor2.0: evictor expired: 1, evicted: 0
08-27 02:26:06.883   887   887 D StatusBarIconController: ignoring old pipeline callback because the new wifi icon is enabled
08-27 02:26:10.179  3230  3230 W dex2oat64: Compilation of java.lang.String com.google.common.util.concurrent.MoreExecutors$ScheduledListeningDecorator$NeverSuccessfulListenableFutureTask.pendingToString() took 147.310ms
08-27 02:26:10.180  3230  3232 W dex2oat64: Compilation of boolean com.google.common.util.concurrent.CycleDetectingLockFactory$CycleDetectingReentrantLock.tryLock(long, java.util.concurrent.TimeUnit) took 232.742ms
08-27 02:26:10.735  3230  3230 W dex2oat64: Compilation of boolean kotlin.collections.AbstractSet.equals(java.lang.Object) took 116.014ms
08-27 02:26:10.738  3230  3232 W dex2oat64: Compilation of boolean kotlin.collections.AbstractMap.containsEntry$kotlin_stdlib(java.util.Map$Entry) took 116.247ms
08-27 02:26:11.137  3230  3232 W dex2oat64: Compilation of java.lang.Byte kotlin.coroutines.jvm.internal.Boxing.boxByte(byte) took 140.863ms
08-27 02:26:11.481  3230  3232 W dex2oat64: Compilation of boolean kotlinx.coroutines.AbstractCoroutine.isActive() took 103.531ms
08-27 02:26:12.207  3230  3230 W dex2oat64: Compilation of kotlinx.coroutines.CancellableContinuationImpl kotlinx.coroutines.internal.DispatchedContinuation.claimReusableCancellableContinuation$kotlinx_coroutines_core() took 133.518ms
08-27 02:26:12.212  3230  3232 W dex2oat64: Compilation of void kotlinx.coroutines.flow.internal.SafeCollectorKt$emitFun$1.<init>() took 211.378ms
08-27 02:26:13.076  3230  3230 W dex2oat64: Compilation of void okhttp3.internal.http2.Huffman.encode(okio.ByteString, okio.BufferedSink) took 168.936ms
08-27 02:26:13.081  3230  3232 W dex2oat64: Compilation of long okhttp3.internal.http2.Http2Stream$FramingSource.read(okio.Buffer, long) took 190.388ms
08-27 02:26:13.214   887   887 D StatusBarIconController: ignoring old pipeline callbacks, because the new mobile icons are enabled
08-27 02:26:13.925  3230  3230 I dex2oat64: Explicit concurrent copying GC freed 95115(14MB) AllocSpace objects, 0(0B) LOS objects, 49% free, 1543KB/3087KB, paused 786us,133us total 53.162ms
08-27 02:26:14.948  3230  3230 I dex2oat64: dex2oat took 12.560s (20.893s cpu) (threads: 2) arena alloc=6902KB (7068520B) java alloc=1543KB (1580832B) native alloc=7509KB (7689296B) free=9561KB (9791424B) swap=16MB (16777216B)
08-27 02:26:14.976  2592  2594 I artd    : dex2oat returned code 0
08-27 02:26:15.019   555   570 I ArtService: Dexopt result: [packageName = com.google.jetstream] DexContainerFileDexoptResult{dexContainerFile=/data/app/~~1og0BK07Ld9ygNlAy6ffhQ==/com.google.jetstream-YliBwmp2zFpeBa33ibE1Sg==/base.apk, primaryAbi=true, abi=x86_64, actualCompilerFilter=speed-profile, status=PERFORMED, dex2oatWallTimeMillis=12648, dex2oatCpuTimeMillis=20940, sizeBytes=10792248, sizeBeforeBytes=10792248}
08-27 02:26:15.120  1546  2893 W MediaProvider: isAppCloneUserPair for user 0: false
08-27 02:26:15.202  2592  2594 I artd    : Running profman: /apex/com.android.art/bin/art_exec --drop-capabilities --keep-fds=7:8 -- /apex/com.android.art/bin/profman --reference-profile-file-fd=7 --apk-fd=8
08-27 02:26:15.202  2592  2594 I artd    : Opened FDs: 7:/data/misc/profiles/ref/com.google.jetstream/primary.prof 8:/data/app/~~1og0BK07Ld9ygNlAy6ffhQ==/com.google.jetstream-YliBwmp2zFpeBa33ibE1Sg==/base.apk 
08-27 02:26:15.234  2592  2594 I artd    : profman returned code 2
08-27 02:26:15.238  2592  3249 I artd    : Running profman: /apex/com.android.art/bin/art_exec --drop-capabilities --keep-fds=7:8:9:10 -- /apex/com.android.art/bin/profman --profile-file-fd=7 --profile-file-fd=8 --dump-output-to-fd=9 --apk-fd=10 --dump-classes-and-methods
08-27 02:26:15.238  2592  3249 I artd    : Opened FDs: 7:/data/misc/profiles/ref/com.google.jetstream/primary.prof 8:/data/misc/profiles/cur/0/com.google.jetstream/primary.prof 9:/data/misc/profiles/ref/com.google.jetstream/primary.prof.rRLEje.tmp 10:/data/app/~~1og0BK07Ld9ygNlAy6ffhQ==/com.google.jetstream-YliBwmp2zFpeBa33ibE1Sg==/base.apk 
08-27 02:26:15.447  3250  3250 W profman : profman took 190.216ms
08-27 02:26:15.449  2592  3249 I artd    : profman returned code 0
08-27 02:26:15.494   327  3251 I resolv  : GetAddrInfoHandler::run: {100 983140 100 983140 1000 1}
08-27 02:26:15.495   327  3253 I resolv  : res_nmkquery: (QUERY, IN, A)
08-27 02:26:15.496   327  3252 I resolv  : res_nmkquery: (QUERY, IN, AAAA)
08-27 02:26:15.509   327  3252 I resolv  : res_nsend: used send_dg 34 terrno: 0
08-27 02:26:15.511   327  3252 I resolv  : doQuery: rcode=0, ancount=0, return value=34
08-27 02:26:15.530   327  3253 I resolv  : res_nsend: used send_dg 98 terrno: 0
08-27 02:26:15.530   327  3253 I resolv  : doQuery: rcode=0, ancount=4, return value=98
08-27 02:26:15.531   555   844 D TrafficStats: tagSocket(206) with statsTag=0xffffff41, statsUid=-1
08-27 02:26:15.552  1546  1759 W MediaProvider: isAppCloneUserPair for user 0: false
08-27 02:26:15.822  1546  2309 I MediaProvider: Deleted 0 0 0 0 0 0 0 items on external_primary due to com.google.jetstream.benchmark
08-27 02:26:16.093   887   887 D StatusBarIconController: ignoring old pipeline callback because the new wifi icon is enabled
08-27 02:26:16.333  2531  2538 I tream.benchmark: Background concurrent copying GC freed 34830(1617KB) AllocSpace objects, 5(10MB) LOS objects, 49% free, 14MB/29MB, paused 647us,81us total 125.683ms
08-27 02:26:16.605  2531  2547 D Benchmark: Unstable profiles during iteration 3
08-27 02:26:16.606  2531  2547 D Benchmark: Killing package com.google.jetstream
08-27 02:26:16.606  2531  2547 D Benchmark: Killing process com.google.jetstream
08-27 02:26:16.606  2531  2547 D UiDevice: Executing shell command: am force-stop com.google.jetstream
08-27 02:26:16.651  2531  2547 D Benchmark: Compile iteration (4) for com.google.jetstream
08-27 02:26:16.668  1107  1107 D CarrierSvcBindHelper: onHandleForceStop: [com.google.jetstream]
08-27 02:26:16.671  1107  1107 D CarrierSvcBindHelper: No carrier app for: 0
08-27 02:26:16.709  2531  2547 D Benchmark: Starting activity with command: am start  -W "intent:#Intent;action=android.intent.action.MAIN;category=android.intent.category.LAUNCHER;launchFlags=0x10008000;package=com.google.jetstream;component=com.google.jetstream/.MainActivity;end"
08-27 02:26:16.715  1546  2309 W MediaProvider: isAppCloneUserPair for user 0: false
08-27 02:26:16.932   887   946 D SplashScreenView: Build android.window.SplashScreenView{be2ef3e V.E...... ......ID 0,0-0,0}
08-27 02:26:16.932   887   946 D SplashScreenView: Icon: view: android.widget.ImageView{c78f19f V.ED..... ......I. 0,0-0,0 #10204f0 android:id/splashscreen_icon_view} drawable: com.android.wm.shell.startingsurface.SplashscreenIconDrawableFactory$ImmobileIconDrawable@91782ec size: 384
08-27 02:26:16.932   887   946 D SplashScreenView: Branding: view: android.view.View{76ed6b5 G.ED..... ......I. 0,0-0,0 #10204ef android:id/splashscreen_branding_view} drawable: null size w: 0 h: 0
08-27 02:26:16.946   328   328 D Zygote  : Forked child process 3290
08-27 02:26:16.976   390   390 I BpBinder: onLastStrongRef automatically unlinking death recipients: 
08-27 02:26:16.978  3290  3290 I oogle.jetstream: Using CollectorTypeCC GC.
08-27 02:26:16.979  3290  3290 W oogle.jetstream: Unexpected CPU variant for x86: x86_64.
08-27 02:26:16.979  3290  3290 W oogle.jetstream: Known variants: atom, sandybridge, silvermont, goldmont, goldmont-plus, tremont, kabylake, default
08-27 02:26:17.411   405   419 I adbd    : jdwp connection from 3290
08-27 02:26:17.735  3290  3290 D CompatibilityChangeReporter: Compat change id reported: 171979766; UID 10141; state: ENABLED
08-27 02:26:17.741  3290  3290 D CompatibilityChangeReporter: Compat change id reported: 242716250; UID 10141; state: ENABLED
08-27 02:26:17.906  3290  3290 D nativeloader: Configuring clns-6 for other apk /data/app/~~1og0BK07Ld9ygNlAy6ffhQ==/com.google.jetstream-YliBwmp2zFpeBa33ibE1Sg==/base.apk. target_sdk_version=35, uses_libraries=, library_path=/data/app/~~1og0BK07Ld9ygNlAy6ffhQ==/com.google.jetstream-YliBwmp2zFpeBa33ibE1Sg==/lib/x86_64:/data/app/~~1og0BK07Ld9ygNlAy6ffhQ==/com.google.jetstream-YliBwmp2zFpeBa33ibE1Sg==/base.apk!/lib/x86_64, permitted_path=/data:/mnt/expand:/data/user/0/com.google.jetstream
08-27 02:26:17.954   887   959 E OpenGLRenderer: Unable to match the desired swap behavior.
08-27 02:26:17.957  3290  3290 V GraphicsEnvironment: Currently set values for:
08-27 02:26:17.959  3290  3290 V GraphicsEnvironment:   angle_gl_driver_selection_pkgs=[]
08-27 02:26:17.959  3290  3290 V GraphicsEnvironment:   angle_gl_driver_selection_values=[]
08-27 02:26:17.974   887  1459 E SurfaceSyncGroup: Failed to receive transaction ready in 1000ms. Marking SurfaceSyncGroup(wmsSync-VRI[jetstream]#12) as ready
08-27 02:26:17.974   887  1459 E SurfaceSyncGroup: Failed to receive transaction ready in 1000ms. Marking SurfaceSyncGroup(VRI[jetstream]#13) as ready
08-27 02:26:18.016  1150  1629 D EGL_emulation: app_time_stats: avg=7861.15ms min=86.43ms max=15635.88ms count=2
08-27 02:26:18.017  3290  3290 V GraphicsEnvironment: ANGLE GameManagerService for com.google.jetstream: false
08-27 02:26:18.018  3290  3290 V GraphicsEnvironment: com.google.jetstream is not listed in per-application setting
08-27 02:26:18.018  3290  3290 V GraphicsEnvironment: Neither updatable production driver nor prerelease driver is supported.
08-27 02:26:18.035  1150  1172 I OpenGLRenderer: Davey! duration=850ms; Flags=0, FrameTimelineVsyncId=28727, IntendedVsync=232871860750, Vsync=232871860750, InputEventId=0, HandleInputStart=232872805700, AnimationStart=232872835700, PerformTraversalsStart=232872877400, DrawStart=232872960900, FrameDeadline=232888527416, FrameInterval=232872786200, FrameStartTime=16666664, SyncQueued=232873064600, SyncStart=232949357500, IssueDrawCommandsStart=232949423300, SwapBuffers=232949985200, FrameCompleted=233798907200, DequeueBufferDuration=36700, QueueBufferDuration=55251900, GpuCompleted=233772891800, SwapBuffersCompleted=233798907200, DisplayPresentTime=0, CommandSubmissionCompleted=232949985200, 
08-27 02:26:18.154  3290  3290 D CompatibilityChangeReporter: Compat change id reported: 237531167; UID 10141; state: DISABLED
08-27 02:26:18.156  3290  3290 W OpenGLRenderer: Unknown dataspace 0
08-27 02:26:18.222   887   945 I Choreographer: Skipped 74 frames!  The application may be doing too much work on its main thread.
08-27 02:26:18.252   887  1747 I OpenGLRenderer: Davey! duration=1186ms; Flags=1, FrameTimelineVsyncId=28697, IntendedVsync=232738527438, Vsync=232738527438, InputEventId=0, HandleInputStart=232740060000, AnimationStart=232740092700, PerformTraversalsStart=232740203200, DrawStart=233737122000, FrameDeadline=232755194104, FrameInterval=232740034800, FrameStartTime=16666664, SyncQueued=233737278600, SyncStart=233815250300, IssueDrawCommandsStart=233832134700, SwapBuffers=233872596100, FrameCompleted=234003006800, DequeueBufferDuration=30900, QueueBufferDuration=215500, GpuCompleted=234002633400, SwapBuffersCompleted=234003006800, DisplayPresentTime=0, CommandSubmissionCompleted=233872596100, 
08-27 02:26:18.257  3290  3311 D libEGL  : loaded /vendor/lib64/egl/libEGL_emulation.so
08-27 02:26:18.265  3290  3311 D libEGL  : loaded /vendor/lib64/egl/libGLESv1_CM_emulation.so
08-27 02:26:18.269  3290  3311 D libEGL  : loaded /vendor/lib64/egl/libGLESv2_emulation.so
08-27 02:26:18.668  3290  3308 W OpenGLRenderer: Failed to choose config with EGL_SWAP_BEHAVIOR_PRESERVED, retrying without...
08-27 02:26:18.678  3290  3308 W OpenGLRenderer: Failed to initialize 101010-2 format, error = EGL_SUCCESS
