08-27 02:25:17.320  2902  2995 D CCodecConfig: no c2 equivalents for native-window
08-27 02:25:17.320  2902  2995 D CCodecConfig: no c2 equivalents for flags
08-27 02:25:17.320  2902  2995 D CCodecConfig: config failed => CORRUPTED
08-27 02:25:17.321  2902  2995 D CCodecConfig: c2 config diff is   c2::u32 raw.max-size.height = 720
08-27 02:25:17.321  2902  2995 D CCodecConfig:   c2::u32 raw.max-size.width = 1280
08-27 02:25:17.321  2902  2995 D CCodecConfig:   c2::u32 raw.size.height = 720
08-27 02:25:17.321  2902  2995 D CCodecConfig:   c2::u32 raw.size.width = 1280
08-27 02:25:17.321  2902  2995 W Codec2Client: query -- param skipped: index = 1107298332.
08-27 02:25:17.321  2902  2995 D CCodec  : client requested max input size 595237, which is smaller than what component recommended (6291456); overriding with component recommendation.
08-27 02:25:17.321  2902  2995 W CCodec  : This behavior is subject to change. It is recommended that app developers double check whether the requested max input size is in reasonable range.
08-27 02:25:17.325  2902  2995 D CCodec  : encoding statistics level = 0
08-27 02:25:17.325  2902  2995 D CCodec  : setup formats input: AMessage(what = 0x00000000) = {
08-27 02:25:17.325  2902  2995 D CCodec  :   int32_t height = 720
08-27 02:25:17.325  2902  2995 D CCodec  :   int32_t level = 65536
08-27 02:25:17.325  2902  2995 D CCodec  :   int32_t max-input-size = 6291456
08-27 02:25:17.325  2902  2995 D CCodec  :   string mime = "video/avc"
08-27 02:25:17.325  2902  2995 D CCodec  :   int32_t profile = 65536
08-27 02:25:17.325  2902  2995 D CCodec  :   int32_t width = 1280
08-27 02:25:17.325  2902  2995 D CCodec  :   Rect crop(0, 0, 1279, 719)
08-27 02:25:17.325  2902  2995 D CCodec  : }
08-27 02:25:17.325  2902  2995 D CCodec  : setup formats output: AMessage(what = 0x00000000) = {
08-27 02:25:17.325  2902  2995 D CCodec  :   int32_t android._color-format = 2135033992
08-27 02:25:17.325  2902  2995 D CCodec  :   int32_t android._video-scaling = 1
08-27 02:25:17.325  2902  2995 D CCodec  :   int32_t rotation-degrees = 0
08-27 02:25:17.325  2902  2995 D CCodec  :   int32_t color-standard = 1
08-27 02:25:17.325  2902  2995 D CCodec  :   int32_t color-range = 2
08-27 02:25:17.325  2902  2995 D CCodec  :   int32_t color-transfer = 3
08-27 02:25:17.325  2902  2995 D CCodec  :   int32_t sar-height = 1
08-27 02:25:17.325  2902  2995 D CCodec  :   int32_t sar-width = 1
08-27 02:25:17.325  2902  2995 D CCodec  :   Rect crop(0, 0, 1279, 719)
08-27 02:25:17.325  2902  2995 D CCodec  :   int32_t width = 1280
08-27 02:25:17.325  2902  2995 D CCodec  :   int32_t height = 720
08-27 02:25:17.325  2902  2995 D CCodec  :   int32_t max-height = 720
08-27 02:25:17.325  2902  2995 D CCodec  :   int32_t max-width = 1280
08-27 02:25:17.325  2902  2995 D CCodec  :   string mime = "video/raw"
08-27 02:25:17.325  2902  2995 D CCodec  :   int32_t android._dataspace = 260
08-27 02:25:17.325  2902  2995 D CCodec  :   int32_t color-format = 2130708361
08-27 02:25:17.325  2902  2995 D CCodec  : }
08-27 02:25:17.325  2902  2995 I CCodecConfig: query failed after returning 12 values (BAD_INDEX)
08-27 02:25:17.328  2902  2984 D MediaCodec: keep callback message for reclaim
08-27 02:25:17.329   345  3000 D C2GoldfishAvcDec: calling onInit
08-27 02:25:17.329  2902  2995 W Codec2Client: query -- param skipped: index = 1342179345.
08-27 02:25:17.337  2531  2547 D UiDevice: Node not found with selector: BySelector [DESC='^.*\QUser Profile\E.*$', FOCUSED='true'].
08-27 02:25:17.337  2902  2995 W Codec2Client: query -- param skipped: index = 2415921170.
08-27 02:25:17.337  2902  2995 W Codec2Client: query -- param skipped: index = 1610614798.
08-27 02:25:17.338  2902  2995 W Codec2Client: query -- param skipped: index = 2684356609.
08-27 02:25:17.339  2902  2995 D C2Store : Using DMABUF Heaps
08-27 02:25:17.342  2902  2995 D CCodecBufferChannel: [c2.goldfish.h264.decoder#750] Created input block pool with allocatorID 16 => poolID 17 - OK (0)
08-27 02:25:17.343  2902  2995 D CCodecBufferChannel: [c2.goldfish.h264.decoder#750] Query output surface allocator returned 0 params => BAD_INDEX (6)
08-27 02:25:17.344  2902  2995 I CCodecBufferChannel: [c2.goldfish.h264.decoder#750] Created output block pool with allocatorID 18 => poolID 18 - OK
08-27 02:25:17.344  2902  2995 D CCodecBufferChannel: [c2.goldfish.h264.decoder#750] Configured output block pool ids 18 => OK
08-27 02:25:17.345  2902  2995 D Codec2-OutputBufferQueue: remote graphic buffer migration 0/0
08-27 02:25:17.346  2902  2995 D Codec2Client: setOutputSurface -- failed to set consumer usage (6/BAD_INDEX)
08-27 02:25:17.347  2902  2995 D Codec2Client: setOutputSurface -- generation=2971649 consumer usage=0x900
08-27 02:25:17.349   345  2833 D C2BqBuffer: local generation change 2971649 , bqId: 12463995092993 migrated buffers # 0
08-27 02:25:17.350  2902  2995 D Codec2Client: Surface configure completed
08-27 02:25:17.351  2902  2995 I DMABUFHEAPS: Using DMA-BUF heap named: system
08-27 02:25:17.443  2531  2547 D UiDevice: Retrieving node with selector: BySelector [DESC='^.*\QUser Profile\E.*$', FOCUSED='true'].
08-27 02:25:17.467  2531  2547 D UiDevice: Node not found with selector: BySelector [DESC='^.*\QUser Profile\E.*$', FOCUSED='true'].
08-27 02:25:17.570  2531  2547 D UiDevice: Retrieving node with selector: BySelector [DESC='^.*\QUser Profile\E.*$', FOCUSED='true'].
08-27 02:25:17.590  2531  2547 D UiDevice: Node not found with selector: BySelector [DESC='^.*\QUser Profile\E.*$', FOCUSED='true'].
08-27 02:25:17.595   455  2401 W ResourceManagerService: Ignoring request to add new resource entry with value <= 0
08-27 02:25:17.598  2902  2984 I DMCodecAdapterFactory: Creating an asynchronous MediaCodec adapter for track type audio
08-27 02:25:17.607  2902  3003 D CCodec  : allocate(c2.android.aac.decoder)
08-27 02:25:17.610   345  3000 D SimpleC2Component: Using output block pool with poolID 18 => got 18 - 0
08-27 02:25:17.611  2902  3003 I CCodec  : setting up 'default' as default (vendor) store
08-27 02:25:17.691  2531  2547 D UiDevice: Retrieving node with selector: BySelector [DESC='^.*\QUser Profile\E.*$', FOCUSED='true'].
08-27 02:25:17.691  2902  3003 I CCodec  : Created component [c2.android.aac.decoder]
08-27 02:25:17.692  2902  3003 D CCodecConfig: read media type: audio/mp4a-latm
08-27 02:25:17.699  2902  3003 D ReflectedParamUpdater: extent() != 1 for single value type: algo.buffers.max-count.values
08-27 02:25:17.704  2531  2547 D UiDevice: Node not found with selector: BySelector [DESC='^.*\QUser Profile\E.*$', FOCUSED='true'].
08-27 02:25:17.705  2902  3003 D ReflectedParamUpdater: extent() != 1 for single value type: output.subscribed-indices.values
08-27 02:25:17.706  2902  3003 D ReflectedParamUpdater: extent() != 1 for single value type: input.buffers.allocator-ids.values
08-27 02:25:17.707  2902  3003 D ReflectedParamUpdater: extent() != 1 for single value type: output.buffers.allocator-ids.values
08-27 02:25:17.708  2902  3003 D ReflectedParamUpdater: extent() != 1 for single value type: algo.buffers.allocator-ids.values
08-27 02:25:17.708  2902  3003 D ReflectedParamUpdater: extent() != 1 for single value type: output.buffers.pool-ids.values
08-27 02:25:17.709  2902  3003 D ReflectedParamUpdater: extent() != 1 for single value type: algo.buffers.pool-ids.values
08-27 02:25:17.714  2902  3003 I CCodecConfig: query failed after returning 20 values (BAD_INDEX)
08-27 02:25:17.715  2902  3003 D CCodecConfig: c2 config diff is Dict {
08-27 02:25:17.715  2902  3003 D CCodecConfig:   c2::u32 coded.aac-packaging.value = 0
08-27 02:25:17.715  2902  3003 D CCodecConfig:   c2::u32 coded.bitrate.value = 64000
08-27 02:25:17.715  2902  3003 D CCodecConfig:   c2::u32 coded.pl.level = 0
08-27 02:25:17.715  2902  3003 D CCodecConfig:   c2::u32 coded.pl.profile = 8192
08-27 02:25:17.715  2902  3003 D CCodecConfig:   c2::i32 coding.drc.album-mode.value = 0
08-27 02:25:17.715  2902  3003 D CCodecConfig:   c2::float coding.drc.attenuation-factor.value = 1
08-27 02:25:17.715  2902  3003 D CCodecConfig:   c2::float coding.drc.boost-factor.value = 1
08-27 02:25:17.715  2902  3003 D CCodecConfig:   c2::i32 coding.drc.compression-mode.value = 3
08-27 02:25:17.715  2902  3003 D CCodecConfig:   c2::i32 coding.drc.effect-type.value = 3
08-27 02:25:17.715  2902  3003 D CCodecConfig:   c2::float coding.drc.encoded-level.value = 0.25
08-27 02:25:17.715  2902  3003 D CCodecConfig:   c2::float coding.drc.reference-level.value = -16
08-27 02:25:17.715  2902  3003 D CCodecConfig:   c2::u32 input.buffers.max-size.value = 8192
08-27 02:25:17.715  2902  3003 D CCodecConfig:   c2::u32 input.delay.value = 0
08-27 02:25:17.715  2902  3003 D CCodecConfig:   string input.media-type.value = "audio/mp4a-latm"
08-27 02:25:17.715  2902  3003 D CCodecConfig:   c2::u32 output.delay.value = 2
08-27 02:25:17.715  2902  3003 D CCodecConfig:   c2::float output.drc.output-loudness.value = 0.25
08-27 02:25:17.715  2902  3003 D CCodecConfig:   string output.media-type.value = "audio/raw"
08-27 02:25:17.715  2902  3003 D CCodecConfig:   c2::u32 raw.channel-count.value = 1
08-27 02:25:17.715  2902  3003 D CCodecConfig:   c2::u32 raw.channel-mask.value = 0
08-27 02:25:17.715  2902  3003 D CCodecConfig:   c2::u32 raw.max-channel-count.value = 8
08-27 02:25:17.715  2902  3003 D CCodecConfig:   c2::u32 raw.sample-rate.value = 44100
08-27 02:25:17.715  2902  3003 D CCodecConfig: }
08-27 02:25:17.717  2902  3003 I MediaCodec: MediaCodec will operate in async mode
08-27 02:25:17.718  2902  3003 D MediaCodec: flushMediametrics
08-27 02:25:17.718  2902  3003 D CCodec  : [c2.android.aac.decoder] buffers are bound to CCodec for this session
08-27 02:25:17.719  2902  3003 D CCodecConfig: no c2 equivalents for log-session-id
08-27 02:25:17.719  2902  3003 D CCodecConfig: no c2 equivalents for flags
08-27 02:25:17.721  2902  3003 D CCodecConfig: config failed => CORRUPTED
08-27 02:25:17.722  2902  3003 D CCodecConfig: c2 config diff is   c2::u32 raw.channel-count.value = 2
08-27 02:25:17.723  2902  3003 W Codec2Client: query -- param skipped: index = 1107298332.
08-27 02:25:17.723  2902  3003 D CCodec  : client requested max input size 710, which is smaller than what component recommended (8192); overriding with component recommendation.
08-27 02:25:17.724  2902  3003 W CCodec  : This behavior is subject to change. It is recommended that app developers double check whether the requested max input size is in reasonable range.
08-27 02:25:17.724  2902  3003 D CCodec  : encoding statistics level = 0
08-27 02:25:17.725  2902  3003 D CCodec  : setup formats input: AMessage(what = 0x00000000) = {
08-27 02:25:17.725  2902  3003 D CCodec  :   int32_t aac-drc-album-mode = 0
08-27 02:25:17.725  2902  3003 D CCodec  :   int32_t aac-drc-boost-level = 127
08-27 02:25:17.725  2902  3003 D CCodec  :   int32_t aac-drc-cut-level = 127
08-27 02:25:17.725  2902  3003 D CCodec  :   int32_t aac-drc-effect-type = 3
08-27 02:25:17.725  2902  3003 D CCodec  :   int32_t aac-encoded-target-level = -1
08-27 02:25:17.725  2902  3003 D CCodec  :   int32_t aac-max-output-channel_count = 8
08-27 02:25:17.725  2902  3003 D CCodec  :   int32_t aac-target-ref-level = 64
08-27 02:25:17.725  2902  3003 D CCodec  :   int32_t bitrate = 64000
08-27 02:25:17.725  2902  3003 D CCodec  :   int32_t channel-count = 2
08-27 02:25:17.725  2902  3003 D CCodec  :   int32_t channel-mask = 0
08-27 02:25:17.725  2902  3003 D CCodec  :   int32_t level = 0
08-27 02:25:17.725  2902  3003 D CCodec  :   int32_t max-input-size = 8192
08-27 02:25:17.725  2902  3003 D CCodec  :   int32_t max-output-channel-count = 8
08-27 02:25:17.725  2902  3003 D CCodec  :   string mime = "audio/mp4a-latm"
08-27 02:25:17.725  2902  3003 D CCodec  :   int32_t profile = 2
08-27 02:25:17.725  2902  3003 D CCodec  :   int32_t sample-rate = 44100
08-27 02:25:17.725  2902  3003 D CCodec  : }
08-27 02:25:17.726  2902  3003 D CCodec  : setup formats output: AMessage(what = 0x00000000) = {
08-27 02:25:17.726  2902  3003 D CCodec  :   int32_t aac-drc-album-mode = 0
08-27 02:25:17.726  2902  3003 D CCodec  :   int32_t aac-drc-boost-level = 127
08-27 02:25:17.726  2902  3003 D CCodec  :   int32_t aac-drc-cut-level = 127
08-27 02:25:17.726  2902  3003 D CCodec  :   int32_t aac-drc-effect-type = 3
08-27 02:25:17.726  2902  3003 D CCodec  :   int32_t aac-drc-output-loudness = -1
08-27 02:25:17.726  2902  3003 D CCodec  :   int32_t aac-encoded-target-level = -1
08-27 02:25:17.726  2902  3003 D CCodec  :   int32_t aac-max-output-channel_count = 8
08-27 02:25:17.726  2902  3003 D CCodec  :   int32_t aac-target-ref-level = 64
08-27 02:25:17.726  2902  3003 D CCodec  :   int32_t channel-count = 2
08-27 02:25:17.726  2902  3003 D CCodec  :   int32_t channel-mask = 0
08-27 02:25:17.726  2902  3003 D CCodec  :   int32_t max-output-channel-count = 8
08-27 02:25:17.726  2902  3003 D CCodec  :   string mime = "audio/raw"
08-27 02:25:17.726  2902  3003 D CCodec  :   int32_t sample-rate = 44100
08-27 02:25:17.726  2902  3003 D CCodec  :   int32_t android._config-pcm-encoding = 2
08-27 02:25:17.726  2902  3003 D CCodec  : }
08-27 02:25:17.728  2902  3003 I CCodecConfig: query failed after returning 20 values (BAD_INDEX)
08-27 02:25:17.730  2902  2984 D MediaCodec: keep callback message for reclaim
08-27 02:25:17.731  2902  3003 W Codec2Client: query -- param skipped: index = 1342179345.
08-27 02:25:17.732  2902  3003 W Codec2Client: query -- param skipped: index = 2415921170.
08-27 02:25:17.732  2902  3003 W Codec2Client: query -- param skipped: index = 1610614798.
08-27 02:25:17.734  2902  3003 D CCodecBufferChannel: [c2.android.aac.decoder#972] Created input block pool with allocatorID 16 => poolID 18 - OK (0)
08-27 02:25:17.736  2902  3003 I CCodecBufferChannel: [c2.android.aac.decoder#972] Created output block pool with allocatorID 16 => poolID 27 - OK
08-27 02:25:17.736  2902  3003 D CCodecBufferChannel: [c2.android.aac.decoder#972] Configured output block pool ids 27 => OK
08-27 02:25:17.739   460  3004 D SimpleC2Component: Using output block pool with poolID 27 => got 27 - 0
08-27 02:25:17.765   460  3004 I C2SoftAacDec: Reconfiguring decoder: 0->44100 Hz, 0->2 channels
08-27 02:25:17.768  2902  2995 D CCodecConfig: c2 config diff is   c2::u32 raw.crop.height = 720
08-27 02:25:17.768  2902  2995 D CCodecConfig:   c2::u32 raw.crop.left = 0
08-27 02:25:17.768  2902  2995 D CCodecConfig:   c2::u32 raw.crop.top = 0
08-27 02:25:17.768  2902  2995 D CCodecConfig:   c2::u32 raw.crop.width = 1280
08-27 02:25:17.798   135   135 I hwservicemanager: getTransport: Cannot find entry android.hardware.graphics.mapper@4.0::IMapper/default in either framework or device VINTF manifest.
08-27 02:25:17.804  2902  3003 D CCodecConfig: c2 config diff is   c2::u32 raw.channel-mask.value = 12
08-27 02:25:17.804  2902  3003 D CCodecBuffers: [c2.android.aac.decoder#972:Output[N]] popFromStashAndRegister: at 1000000000000us, output format changed to AMessage(what = 0x00000000) = {
08-27 02:25:17.804  2902  3003 D CCodecBuffers:   int32_t aac-drc-album-mode = 0
08-27 02:25:17.804  2902  3003 D CCodecBuffers:   int32_t aac-drc-boost-level = 127
08-27 02:25:17.804  2902  3003 D CCodecBuffers:   int32_t aac-drc-cut-level = 127
08-27 02:25:17.804  2902  3003 D CCodecBuffers:   int32_t aac-drc-effect-type = 3
08-27 02:25:17.804  2902  3003 D CCodecBuffers:   int32_t aac-drc-output-loudness = -1
08-27 02:25:17.804  2902  3003 D CCodecBuffers:   int32_t aac-encoded-target-level = -1
08-27 02:25:17.804  2902  3003 D CCodecBuffers:   int32_t aac-max-output-channel_count = 8
08-27 02:25:17.804  2902  3003 D CCodecBuffers:   int32_t aac-target-ref-level = 64
08-27 02:25:17.804  2902  3003 D CCodecBuffers:   int32_t channel-count = 2
08-27 02:25:17.804  2902  3003 D CCodecBuffers:   int32_t channel-mask = 12
08-27 02:25:17.804  2902  3003 D CCodecBuffers:   int32_t max-output-channel-count = 8
08-27 02:25:17.804  2902  3003 D CCodecBuffers:   string mime = "audio/raw"
08-27 02:25:17.804  2902  3003 D CCodecBuffers:   int32_t sample-rate = 44100
08-27 02:25:17.804  2902  3003 D CCodecBuffers:   int32_t android._config-pcm-encoding = 2
08-27 02:25:17.804  2902  3003 D CCodecBuffers: }
08-27 02:25:17.805  2531  2547 D UiDevice: Retrieving node with selector: BySelector [DESC='^.*\QUser Profile\E.*$', FOCUSED='true'].
08-27 02:25:17.836   386  2836 W AudioFlinger: createTrack_l(): mismatch between requested flags (00000008) and output flags (00000002)
08-27 02:25:17.837   386  2836 D AudioFlinger: Client defaulted notificationFrames to 8024 for frameCount 16048
08-27 02:25:17.839   386  2836 D AF::TrackHandle: OpPlayAudio: track:57 usage:1 not muted
08-27 02:25:17.861  2902  2984 I Surface : Surface::setFrameRate is deprecated, setFrameRate hint is dropped as destination is not SurfaceFlinger
08-27 02:25:17.864   386  1739 D audioserver: FGS Logger Transaction failed
08-27 02:25:17.864   386  1739 D audioserver: -129
08-27 02:25:17.873  2531  2547 D UiDevice: Node not found with selector: BySelector [DESC='^.*\QUser Profile\E.*$', FOCUSED='true'].
08-27 02:25:17.974  2531  2547 D UiDevice: Retrieving node with selector: BySelector [DESC='^.*\QUser Profile\E.*$', FOCUSED='true'].
08-27 02:25:17.988  2902  2984 D AudioTrack: getTimestamp_l(17): device stall time corrected using current time 173770382000
08-27 02:25:17.997  2531  2547 D UiDevice: Node not found with selector: BySelector [DESC='^.*\QUser Profile\E.*$', FOCUSED='true'].
08-27 02:25:18.006   386   494 D AudioFlinger: mixer(0x72f533996930) throttle end: throttle time(4)
08-27 02:25:18.089  2902  2921 D EGL_emulation: app_time_stats: avg=38.97ms min=1.44ms max=461.63ms count=22
08-27 02:25:18.098  2531  2547 D UiDevice: Retrieving node with selector: BySelector [DESC='^.*\QUser Profile\E.*$', FOCUSED='true'].
08-27 02:25:18.123  2531  2547 D UiDevice: Node not found with selector: BySelector [DESC='^.*\QUser Profile\E.*$', FOCUSED='true'].
08-27 02:25:18.127  2531  2547 D UiDevice: Pressing keycodes [22] with modifier 0.
08-27 02:25:18.175  2531  2547 D UiDevice: Pressing keycodes [22] with modifier 0.
08-27 02:25:18.208  2531  2547 D UiDevice: Waiting 1000ms for SearchCondition[findObject=BySelector [TEXT='\QCategories\E', FOCUSED='true']].
08-27 02:25:18.209  2531  2547 D UiDevice: Retrieving node with selector: BySelector [TEXT='\QCategories\E', FOCUSED='true'].
08-27 02:25:18.243  2531  2547 D UiDevice: Node not found with selector: BySelector [TEXT='\QCategories\E', FOCUSED='true'].
08-27 02:25:18.345  2531  2547 D UiDevice: Retrieving node with selector: BySelector [TEXT='\QCategories\E', FOCUSED='true'].
08-27 02:25:18.389  2531  2547 D UiDevice: Node not found with selector: BySelector [TEXT='\QCategories\E', FOCUSED='true'].
08-27 02:25:18.421   555   808 W BestClock: java.time.DateTimeException: Missing network time fix
08-27 02:25:18.440   327   359 I netd    : tetherGetStats() -> {[]} <1.35ms>
08-27 02:25:18.448   555   808 W BestClock: java.time.DateTimeException: Missing network time fix
08-27 02:25:18.451   555   810 W BestClock: java.time.DateTimeException: Missing network time fix
08-27 02:25:18.451   327   359 I netd    : bandwidthSetGlobalAlert(2097152) <0.20ms>
08-27 02:25:18.454   555   810 W BestClock: java.time.DateTimeException: Missing network time fix
08-27 02:25:18.460   555   810 W BestClock: java.time.DateTimeException: Missing network time fix
08-27 02:25:18.463   555   810 W BestClock: java.time.DateTimeException: Missing network time fix
08-27 02:25:18.473   555   810 W BestClock: java.time.DateTimeException: Missing network time fix
08-27 02:25:18.476   555   810 W BestClock: java.time.DateTimeException: Missing network time fix
08-27 02:25:18.479   327   359 I netd    : bandwidthRemoveInterfaceQuota(eth0) <1.54ms>
08-27 02:25:18.481   327   359 I netd    : bandwidthSetInterfaceQuota(eth0, 9223372036854775807) <1.17ms>
08-27 02:25:18.485   555   810 W BestClock: java.time.DateTimeException: Missing network time fix
08-27 02:25:18.491  2531  2547 D UiDevice: Retrieving node with selector: BySelector [TEXT='\QCategories\E', FOCUSED='true'].
08-27 02:25:18.495   327   359 I netd    : bandwidthRemoveInterfaceQuota(eth0) <0.63ms>
08-27 02:25:18.497   327   359 I netd    : bandwidthSetInterfaceQuota(eth0, 9223372036854775807) <0.56ms>
08-27 02:25:18.499   555   810 W BestClock: java.time.DateTimeException: Missing network time fix
08-27 02:25:18.503   555   810 W BestClock: java.time.DateTimeException: Missing network time fix
08-27 02:25:18.504   555   810 W BestClock: java.time.DateTimeException: Missing network time fix
08-27 02:25:18.504   555   810 W BestClock: java.time.DateTimeException: Missing network time fix
08-27 02:25:18.509   555   810 W BestClock: java.time.DateTimeException: Missing network time fix
08-27 02:25:18.513   555   886 D NetworkStatsObservers: Unregistering RequestInfo from pid/uid:555/1000(android) for DataUsageRequest [ requestId=6, networkTemplate=NetworkTemplate: matchRule=MOBILE, matchSubscriberIds=[310260...], matchWifiNetworkKeys=[], metered=YES, defaultNetwork=NO, thresholdInBytes=3542579 ] accessLevel:3
08-27 02:25:18.514   555   810 D NetworkStatsObservers: Registering observer for RequestInfo from pid/uid:555/1000(android) for DataUsageRequest [ requestId=7, networkTemplate=NetworkTemplate: matchRule=MOBILE, matchSubscriberIds=[310260...], matchWifiNetworkKeys=[], metered=YES, defaultNetwork=NO, thresholdInBytes=3540073 ] accessLevel:3
08-27 02:25:18.517   555   808 W BestClock: java.time.DateTimeException: Missing network time fix
08-27 02:25:18.535   327   359 I netd    : tetherGetStats() -> {[]} <0.36ms>
08-27 02:25:18.536   555   808 W BestClock: java.time.DateTimeException: Missing network time fix
08-27 02:25:18.537  2531  2547 D UiDevice: Node not found with selector: BySelector [TEXT='\QCategories\E', FOCUSED='true'].
08-27 02:25:18.543   555   810 W BestClock: java.time.DateTimeException: Missing network time fix
08-27 02:25:18.546   555   810 W BestClock: java.time.DateTimeException: Missing network time fix
08-27 02:25:18.640  2531  2547 D UiDevice: Retrieving node with selector: BySelector [TEXT='\QCategories\E', FOCUSED='true'].
08-27 02:25:18.662  2531  2547 D UiDevice: Node not found with selector: BySelector [TEXT='\QCategories\E', FOCUSED='true'].
08-27 02:25:18.700   887   887 D StatusBarIconController: ignoring old pipeline callback because the new wifi icon is enabled
08-27 02:25:18.763  2531  2547 D UiDevice: Retrieving node with selector: BySelector [TEXT='\QCategories\E', FOCUSED='true'].
08-27 02:25:18.802  2531  2547 D UiDevice: Node not found with selector: BySelector [TEXT='\QCategories\E', FOCUSED='true'].
08-27 02:25:18.906  2531  2547 D UiDevice: Retrieving node with selector: BySelector [TEXT='\QCategories\E', FOCUSED='true'].
08-27 02:25:18.944  2531  2547 D UiDevice: Node not found with selector: BySelector [TEXT='\QCategories\E', FOCUSED='true'].
08-27 02:25:19.047  2531  2547 D UiDevice: Retrieving node with selector: BySelector [TEXT='\QCategories\E', FOCUSED='true'].
08-27 02:25:19.081  2531  2547 D UiDevice: Node not found with selector: BySelector [TEXT='\QCategories\E', FOCUSED='true'].
08-27 02:25:19.167  2902  2921 D EGL_emulation: app_time_stats: avg=17.41ms min=1.35ms max=88.65ms count=45
08-27 02:25:19.183  2531  2547 D UiDevice: Retrieving node with selector: BySelector [TEXT='\QCategories\E', FOCUSED='true'].
08-27 02:25:19.185   386   494 D AudioFlinger: mixer(0x72f533996930) throttle end: throttle time(1)
08-27 02:25:19.211  2531  2547 D UiDevice: Node not found with selector: BySelector [TEXT='\QCategories\E', FOCUSED='true'].
08-27 02:25:19.215  2531  2547 D UiDevice: Pressing keycodes [20] with modifier 0.
08-27 02:25:19.243  2531  2547 D UiDevice: Pressing keycodes [23] with modifier 0.
08-27 02:25:19.297  2531  2547 D UiDevice: Pressing keycodes [20] with modifier 0.
08-27 02:25:19.342  2531  2547 D UiDevice: Pressing keycodes [20] with modifier 0.
08-27 02:25:19.395  2531  2547 D UiDevice: Pressing keycodes [20] with modifier 0.
08-27 02:25:19.460  2531  2547 D UiDevice: Pressing keycodes [20] with modifier 0.
08-27 02:25:19.525  2531  2547 D UiDevice: Pressing keycodes [19] with modifier 0.
08-27 02:25:19.575  2531  2547 D UiDevice: Pressing keycodes [19] with modifier 0.
08-27 02:25:19.608  2531  2547 D UiDevice: Pressing keycodes [19] with modifier 0.
08-27 02:25:19.659  2531  2547 D UiDevice: Pressing keycodes [19] with modifier 0.
08-27 02:25:19.710  2531  2547 D UiDevice: Pressing keycodes [23] with modifier 0.
08-27 02:25:19.764  2902  2984 I Surface : Surface::setFrameRate is deprecated, setFrameRate hint is dropped as destination is not SurfaceFlinger
08-27 02:25:19.772  2902  2984 D MediaCodec: keep callback message for reclaim
08-27 02:25:19.779  2531  2547 D UiDevice: Pressing keycodes [20] with modifier 0.
08-27 02:25:19.782  2902  2999 D PipelineWatcher: onInputBufferReleased: frameIndex not found (61); ignored
08-27 02:25:19.783  2902  2999 D CCodecBufferChannel: [c2.goldfish.h264.decoder#750] Ignoring stale input buffer done callback: last flush index = 64, frameIndex = 61
08-27 02:25:19.784  2902  2994 I CCodecConfig: query failed after returning 12 values (BAD_INDEX)
08-27 02:25:19.789   345  3000 D SimpleC2Component: work form old generation: was 1 now 0
08-27 02:25:19.795  2902  2994 W Codec2Client: query -- param skipped: index = 1342179345.
08-27 02:25:19.796  2902  2994 W Codec2Client: query -- param skipped: index = 2415921170.
08-27 02:25:19.797  2902  2994 W Codec2Client: query -- param skipped: index = 1610614798.
08-27 02:25:19.798  2902  2999 D CCodecBufferChannel: [c2.goldfish.h264.decoder#750] Ignoring stale input buffer done callback: last flush index = 64, frameIndex = 60
08-27 02:25:19.801  2902  2995 D CCodecBufferChannel: [c2.goldfish.h264.decoder#750] flushed work; ignored.
08-27 02:25:19.803  2902  2995 D CCodecBufferChannel: [c2.goldfish.h264.decoder#750] Discard frames from previous generation.
08-27 02:25:19.815  2902  3003 D CCodecBuffers: [c2.android.aac.decoder#972:1D-Output.Impl[N]] Client returned a buffer it does not own according to our record: 0
08-27 02:25:19.815  2902  3003 D CCodecBuffers: [c2.android.aac.decoder#972:1D-Output.Impl[N]] Client returned a buffer it does not own according to our record: 1
08-27 02:25:19.816  2902  3003 D CCodecBuffers: [c2.android.aac.decoder#972:1D-Output.Impl[N]] Client returned a buffer it does not own according to our record: 2
08-27 02:25:19.817  2902  2984 D MediaCodec: keep callback message for reclaim
08-27 02:25:19.821  2902  3003 I CCodecConfig: query failed after returning 20 values (BAD_INDEX)
08-27 02:25:19.827  2902  3003 W Codec2Client: query -- param skipped: index = 1342179345.
08-27 02:25:19.831  2902  3003 W Codec2Client: query -- param skipped: index = 2415921170.
08-27 02:25:19.832  2902  3003 W Codec2Client: query -- param skipped: index = 1610614798.
08-27 02:25:19.844   555   808 W BestClock: java.time.DateTimeException: Missing network time fix
08-27 02:25:19.860   327   359 I netd    : tetherGetStats() -> {[]} <0.60ms>
08-27 02:25:19.876  2531  2547 D UiDevice: Pressing keycodes [20] with modifier 0.
08-27 02:25:19.877   555   808 W BestClock: java.time.DateTimeException: Missing network time fix
08-27 02:25:19.879   327  3009 I resolv  : GetAddrInfoHandler::run: {100 100 100 983140 10141 0}
08-27 02:25:19.879   327  3010 I resolv  : res_nmkquery: (QUERY, IN, AAAA)
08-27 02:25:19.881   327  3010 I resolv  : res_nsend: used send_dg 50 terrno: 0
08-27 02:25:19.881   327  3010 I resolv  : doQuery: rcode=0, ancount=0, return value=50
08-27 02:25:19.888   327  3011 I resolv  : res_nmkquery: (QUERY, IN, A)
08-27 02:25:19.893   327  3011 I resolv  : res_nsend: used send_dg 66 terrno: 0
08-27 02:25:19.894   327  3011 I resolv  : doQuery: rcode=0, ancount=1, return value=66
08-27 02:25:19.895  2902  2987 D TrafficStats: tagSocket(135) with statsTag=0xffffffff, statsUid=-1
08-27 02:25:19.902   327   359 I netd    : bandwidthSetGlobalAlert(2097152) <0.10ms>
08-27 02:25:19.906   555   810 W BestClock: java.time.DateTimeException: Missing network time fix
08-27 02:25:19.909   555   810 W BestClock: java.time.DateTimeException: Missing network time fix
08-27 02:25:19.915   386   494 D audioserver: FGS Logger Transaction failed
08-27 02:25:19.915   386   494 D audioserver: -129
08-27 02:25:19.916   555   810 W BestClock: java.time.DateTimeException: Missing network time fix
08-27 02:25:19.918   327   359 I netd    : bandwidthRemoveInterfaceQuota(eth0) <0.73ms>
08-27 02:25:19.920   327   359 I netd    : bandwidthSetInterfaceQuota(eth0, 9223372036854775807) <1.07ms>
08-27 02:25:19.932   555   810 W BestClock: java.time.DateTimeException: Missing network time fix
08-27 02:25:19.937   555   810 W BestClock: java.time.DateTimeException: Missing network time fix
08-27 02:25:19.938   555   810 W BestClock: java.time.DateTimeException: Missing network time fix
08-27 02:25:19.942  2531  2547 D UiDevice: Pressing keycodes [20] with modifier 0.
08-27 02:25:19.945   386   494 D audioserver: FGS Logger Transaction failed
08-27 02:25:19.945   386   494 D audioserver: -129
08-27 02:25:19.992  2531  2547 D UiDevice: Pressing keycodes [20] with modifier 0.
08-27 02:25:20.059  2531  2547 D UiDevice: Pressing keycodes [19] with modifier 0.
08-27 02:25:20.109  2531  2547 D UiDevice: Pressing keycodes [19] with modifier 0.
08-27 02:25:20.162  2531  2547 D UiDevice: Pressing keycodes [19] with modifier 0.
08-27 02:25:20.179  2902  2921 D EGL_emulation: app_time_stats: avg=12.43ms min=1.47ms max=35.66ms count=51
08-27 02:25:20.193  2531  2547 D UiDevice: Pressing keycodes [19] with modifier 0.
08-27 02:25:20.226  2531  2547 D Benchmark: Flushing ART profiles for com.google.jetstream
08-27 02:25:20.444   386  1739 W AudioFlinger: createTrack_l(): mismatch between requested flags (00000008) and output flags (00000002)
08-27 02:25:20.444   386  1739 D AudioFlinger: Client defaulted notificationFrames to 8024 for frameCount 16048
08-27 02:25:20.445   386  1739 D AF::TrackHandle: OpPlayAudio: track:58 usage:1 not muted
08-27 02:25:20.682  2902  2984 I Surface : Surface::setFrameRate is deprecated, setFrameRate hint is dropped as destination is not SurfaceFlinger
08-27 02:25:20.685   386  1739 D audioserver: FGS Logger Transaction failed
08-27 02:25:20.686   386  1739 D audioserver: -129
08-27 02:25:20.703  2902  2984 D AudioTrack: getTimestamp_l(18): device stall time corrected using current time 176484586000
08-27 02:25:21.185  2902  2921 D EGL_emulation: app_time_stats: avg=42.69ms min=2.02ms max=345.07ms count=19
08-27 02:25:22.080   555   808 W BestClock: java.time.DateTimeException: Missing network time fix
08-27 02:25:22.100   327   359 I netd    : tetherGetStats() -> {[]} <0.53ms>
08-27 02:25:22.113   555   808 W BestClock: java.time.DateTimeException: Missing network time fix
08-27 02:25:22.117   327   359 I netd    : bandwidthSetGlobalAlert(2097152) <0.09ms>
08-27 02:25:22.189  2902  2921 D EGL_emulation: app_time_stats: avg=36.39ms min=2.94ms max=62.57ms count=27
08-27 02:25:22.358  2902  2995 D BufferPoolAccessor2.0: bufferpool2 0x726a89e85158 : 5(31457280 size) total buffers - 4(25165824 size) used buffers - 118/123 (recycle/alloc) - 5/125 (fetch/transfer)
08-27 02:25:22.945  2902  3003 D BufferPoolAccessor2.0: bufferpool2 0x726a89e759e8 : 5(40960 size) total buffers - 1(8192 size) used buffers - 223/228 (recycle/alloc) - 5/225 (fetch/transfer)
08-27 02:25:23.110   887   887 D StatusBarIconController: ignoring old pipeline callbacks, because the new mobile icons are enabled
08-27 02:25:23.209   460  3004 D BufferPoolAccessor2.0: bufferpool2 0x792afe54ae48 : 4(16384 size) total buffers - 1(4096 size) used buffers - 227/231 (recycle/alloc) - 5/230 (fetch/transfer)
08-27 02:25:23.211  2902  2921 D EGL_emulation: app_time_stats: avg=37.73ms min=2.10ms max=78.62ms count=27
08-27 02:25:23.496   555   808 W BestClock: java.time.DateTimeException: Missing network time fix
08-27 02:25:23.519   327   359 I netd    : tetherGetStats() -> {[]} <0.56ms>
08-27 02:25:23.528   555   808 W BestClock: java.time.DateTimeException: Missing network time fix
08-27 02:25:23.530   327   359 I netd    : bandwidthSetGlobalAlert(2097152) <0.35ms>
08-27 02:25:23.530   555   810 W BestClock: java.time.DateTimeException: Missing network time fix
08-27 02:25:23.531   555   810 W BestClock: java.time.DateTimeException: Missing network time fix
08-27 02:25:23.535   555   810 W BestClock: java.time.DateTimeException: Missing network time fix
08-27 02:25:23.536   327   359 I netd    : bandwidthRemoveInterfaceQuota(eth0) <0.87ms>
08-27 02:25:23.537   327   359 I netd    : bandwidthSetInterfaceQuota(eth0, 9223372036854775807) <0.69ms>
08-27 02:25:23.538   555   810 W BestClock: java.time.DateTimeException: Missing network time fix
08-27 02:25:23.557   555   810 W BestClock: java.time.DateTimeException: Missing network time fix
08-27 02:25:23.558   555   810 W BestClock: java.time.DateTimeException: Missing network time fix
08-27 02:25:24.228  2902  2921 D EGL_emulation: app_time_stats: avg=36.12ms min=10.71ms max=51.69ms count=28
08-27 02:25:25.227  2531  2547 D Benchmark: Profile Installer - Save Profile
08-27 02:25:25.257   555   570 I ActivityManager: Broadcasting: Intent { act=androidx.profileinstaller.action.SAVE_PROFILE flg=0x400000 cmp=com.google.jetstream/androidx.profileinstaller.ProfileInstallReceiver }
08-27 02:25:25.260  2902  2902 I Process : Sending signal. PID: 2902 SIG: 10
08-27 02:25:25.260  2902  2906 I oogle.jetstream: Thread[2,tid=2906,WaitingInMainSignalCatcherLoop,Thread*=0x726959e0b200,peer=0x130802f8,"Signal Catcher"]: reacting to signal 10
08-27 02:25:25.260  2902  2906 I oogle.jetstream: 
08-27 02:25:25.260  2902  2906 I oogle.jetstream: SIGUSR1 forcing GC (no HPROF) and profile save
08-27 02:25:25.267  2902  2921 D EGL_emulation: app_time_stats: avg=17.89ms min=1.32ms max=59.02ms count=44
08-27 02:25:25.268  2902  2902 D ProfileInstaller: 
08-27 02:25:25.272   555   586 I ActivityManager: Broadcast completed: result=12
08-27 02:25:25.303  2902  2906 I oogle.jetstream: Explicit concurrent copying GC freed 17210(708KB) AllocSpace objects, 0(0B) LOS objects, 49% free, 21MB/43MB, paused 527us,69us total 42.278ms
08-27 02:25:26.278  2531  2547 D Benchmark: Killing process com.google.jetstream
08-27 02:25:26.278  2531  2547 D UiDevice: Executing shell command: am force-stop com.google.jetstream
08-27 02:25:26.294  2902  2921 D EGL_emulation: app_time_stats: avg=36.57ms min=10.78ms max=55.15ms count=28
08-27 02:25:26.299   345  3000 E hw-IPCThreadState: *** BAD COMMAND 29202 received from Binder driver
08-27 02:25:26.299   345  3000 D C2BqBuffer: cannot dequeue buffer 0
08-27 02:25:26.299   345  3000 E C2GoldfishAvcDec: fetchGraphicBlock for Output failed with status 22
08-27 02:25:26.301   345  3000 E hw-IPCThreadState: *** BAD COMMAND 29202 received from Binder driver
08-27 02:25:26.301   345  3000 W Codec2-types: registerSender -- returned error: 4.
08-27 02:25:26.301   345  3000 E Codec2-types: Failed to send buffer with BufferPool. Error: 4.
08-27 02:25:26.301   345  3000 E Codec2-types: Invalid block data in C2ConstLinearBlock.
08-27 02:25:26.301   345  3000 E Codec2-types: Invalid C2BufferData::linearBlocks. (Destination index = 0.)
08-27 02:25:26.301   345  3000 E Codec2-types: Invalid C2Buffer::data.
08-27 02:25:26.302   345  3000 E Codec2-types: Invalid C2FrameData::buffers[0].
08-27 02:25:26.302   345  3000 E Codec2-types: Invalid C2Work::input.
08-27 02:25:26.302   345  3000 E Codec2-Component: Component::Listener::onWorkDone_nb -- received corrupted work items.
08-27 02:25:26.308   455  2401 I ResourceManagerMetrics: pushConcurrentUsageReport: Concurrent Codec Usage Report for the Process[pid(2902): uid(10141)] is Peak { AudioDec[ SW: 1 ] VideoDec[ SW: 1 ]  HW: 1 ] } Peak Pixels: 921600
08-27 02:25:26.324   390   390 I BpBinder: onLastStrongRef automatically unlinking death recipients: 
08-27 02:25:26.336   345   345 I Codec2-Component: Client died ! notify and release the component !!
08-27 02:25:26.364   328   328 I Zygote  : Process 2902 exited due to signal 9 (Killed)
08-27 02:25:26.368   345   345 I GoldfishComponentStore: in ~ComponentModule
08-27 02:25:26.369   345   345 I GoldfishComponentStore: unloading dll
08-27 02:25:26.370   460   483 I Codec2-Component@1.2: Client died ! notify and release the component !!
08-27 02:25:26.371   460   483 D BufferPoolAccessor2.0: Destruction - bufferpool2 0x792afe54ae48 cached: 0/0M, 0/0% in use; allocs: 363, 99% recycled; transfers: 363, 98% unfetched
08-27 02:25:26.373   555  2499 W InputManager-JNI: Input channel object '2df825e com.google.jetstream/com.google.jetstream.MainActivity (client)' was disposed without first being removed with the input manager!
08-27 02:25:26.376   555   652 I ImeTracker: com.google.jetstream:6de398be: onRequestHide at ORIGIN_SERVER_HIDE_INPUT reason HIDE_REMOVE_CLIENT
08-27 02:25:26.377   555   652 I ImeTracker: com.google.jetstream:6de398be: onCancelled at PHASE_SERVER_SHOULD_HIDE
08-27 02:25:26.380   455  2401 E mediaserver: unlinkToDeath: removed reference to death recipient but unlink failed: DEAD_OBJECT
08-27 02:25:26.385   455  2467 E mediaserver: unlinkToDeath: removed reference to death recipient but unlink failed: DEAD_OBJECT
08-27 02:25:26.387   455  2467 E IPCThreadState: attemptIncStrongHandle(3): Not supported
08-27 02:25:26.388   455  2401 E IPCThreadState: attemptIncStrongHandle(2): Not supported
08-27 02:25:26.410  1546  1759 W MediaProvider: isAppCloneUserPair for user 0: false
08-27 02:25:26.466  1107  1107 D CarrierSvcBindHelper: onHandleForceStop: [com.google.jetstream]
08-27 02:25:26.468  1107  1107 D CarrierSvcBindHelper: No carrier app for: 0
08-27 02:25:26.479   555   589 W system_server: Long monitor contention with owner binder:555_1 (570) at void com.android.server.am.ActivityManagerService.forceStopPackage(java.lang.String, int, int)(ActivityManagerService.java:3853) waiters=1 in void com.android.server.am.ProcessRecord.updateProcessInfo(boolean, boolean, boolean) for 159ms
08-27 02:25:26.499  1150  1629 E OpenGLRenderer: Unable to match the desired swap behavior.
08-27 02:25:26.513  2592  2592 I artd    : Running profman: /apex/com.android.art/bin/art_exec --drop-capabilities --keep-fds=7:8 -- /apex/com.android.art/bin/profman --reference-profile-file-fd=7 --apk-fd=8
08-27 02:25:26.513  2592  2592 I artd    : Opened FDs: 7:/data/misc/profiles/ref/com.google.jetstream/primary.prof 8:/data/app/~~1og0BK07Ld9ygNlAy6ffhQ==/com.google.jetstream-YliBwmp2zFpeBa33ibE1Sg==/base.apk 
08-27 02:25:26.523   555   555 W system_server: Long monitor contention with owner appscheduling.default (653) at void com.android.server.job.controllers.QuotaController$QcHandler.handleMessage(android.os.Message)(QuotaController.java:2797) waiters=0 in void com.android.server.job.JobSchedulerService$3.onReceive(android.content.Context, android.content.Intent) for 107ms
08-27 02:25:26.555  2592  2592 I artd    : profman returned code 2
08-27 02:25:26.561  2592  2592 I artd    : Running profman: /apex/com.android.art/bin/art_exec --drop-capabilities --keep-fds=7:8:9 -- /apex/com.android.art/bin/profman --profile-file-fd=7 --reference-profile-file-fd=8 --apk-fd=9
08-27 02:25:26.561  2592  2592 I artd    : Opened FDs: 7:/data/misc/profiles/cur/0/com.google.jetstream/primary.prof 8:/data/misc/profiles/ref/com.google.jetstream/primary.prof.FxBXBL.tmp 9:/data/app/~~1og0BK07Ld9ygNlAy6ffhQ==/com.google.jetstream-YliBwmp2zFpeBa33ibE1Sg==/base.apk 
08-27 02:25:26.573   386   494 D audioserver: FGS Logger Transaction failed
08-27 02:25:26.574   386   494 D audioserver: -129
08-27 02:25:26.591  2592  2592 I artd    : profman returned code 2
08-27 02:25:26.602  2592  2592 I artd    : Running dex2oat: /apex/com.android.art/bin/art_exec --drop-capabilities --set-task-profile=Dex2OatBootComplete --set-priority=background --keep-fds=7:8:9:10:11:12:13 -- /apex/com.android.art/bin/dex2oat64 --zip-fd=7 --zip-location=/data/app/~~1og0BK07Ld9ygNlAy6ffhQ==/com.google.jetstream-YliBwmp2zFpeBa33ibE1Sg==/base.apk --oat-fd=8 --oat-location=/data/app/~~1og0BK07Ld9ygNlAy6ffhQ==/com.google.jetstream-YliBwmp2zFpeBa33ibE1Sg==/oat/x86_64/base.odex --output-vdex-fd=9 --app-image-fd=10 --image-format=lz4 --swap-fd=11 --class-loader-context=PCL[] --classpath-dir=/data/app/~~1og0BK07Ld9ygNlAy6ffhQ==/com.google.jetstream-YliBwmp2zFpeBa33ibE1Sg== --input-vdex-fd=12 --profile-file-fd=13 --instruction-set=x86_64 --instruction-set-features=default --instruction-set-variant=x86_64 --compiler-filter=speed-profile --compilation-reason=cmdline --compact-dex-level=none --max-image-block-size=524288 --resolve-startup-const-strings=true --generate-mini-debug-info --runtime-arg -Xtarget-sdk-version:35 --runtime-arg -Xhidden-api-policy:enabled --runtime-arg -Xms64m --runtime-arg -Xmx512m --comments=app-version-name:1.0,app-version-code:1,art-version:342090000
08-27 02:25:26.602  2592  2592 I artd    : Opened FDs: 7:/data/app/~~1og0BK07Ld9ygNlAy6ffhQ==/com.google.jetstream-YliBwmp2zFpeBa33ibE1Sg==/base.apk 8:/data/app/~~1og0BK07Ld9ygNlAy6ffhQ==/com.google.jetstream-YliBwmp2zFpeBa33ibE1Sg==/oat/x86_64/base.odex.A66mBI.tmp 9:/data/app/~~1og0BK07Ld9ygNlAy6ffhQ==/com.google.jetstream-YliBwmp2zFpeBa33ibE1Sg==/oat/x86_64/base.vdex.1otwSh.tmp 10:/data/app/~~1og0BK07Ld9ygNlAy6ffhQ==/com.google.jetstream-YliBwmp2zFpeBa33ibE1Sg==/oat/x86_64/base.art.kdQBPc.tmp 11:/data/app/~~1og0BK07Ld9ygNlAy6ffhQ==/com.google.jetstream-YliBwmp2zFpeBa33ibE1Sg==/oat/x86_64/base.odex.swap.niavXf.tmp 12:/data/app/~~1og0BK07Ld9ygNlAy6ffhQ==/com.google.jetstream-YliBwmp2zFpeBa33ibE1Sg==/oat/x86_64/base.vdex 13:/data/misc/profiles/ref/com.google.jetstream/primary.prof 
08-27 02:25:26.606   386   494 D audioserver: FGS Logger Transaction failed
08-27 02:25:26.607   386   494 D audioserver: -129
08-27 02:25:26.684  3040  3040 W dex2oat64: Unexpected CPU variant for x86: x86_64.
08-27 02:25:26.684  3040  3040 W dex2oat64: Known variants: atom, sandybridge, silvermont, goldmont, goldmont-plus, tremont, kabylake, default
08-27 02:25:26.688  3040  3040 W dex2oat64: Mismatch between dex2oat instruction set features to use (ISA: X86_64 Feature string: -ssse3,-sse4.1,-sse4.2,-avx,-avx2,-popcnt) and those from CPP defines (ISA: X86_64 Feature string: ssse3,sse4.1,sse4.2,-avx,-avx2,popcnt) for the command line:
08-27 02:25:26.688  3040  3040 W dex2oat64: /apex/com.android.art/bin/dex2oat64 --zip-fd=7 --zip-location=/data/app/~~1og0BK07Ld9ygNlAy6ffhQ==/com.google.jetstream-YliBwmp2zFpeBa33ibE1Sg==/base.apk --oat-fd=8 --oat-location=/data/app/~~1og0BK07Ld9ygNlAy6ffhQ==/com.google.jetstream-YliBwmp2zFpeBa33ibE1Sg==/oat/x86_64/base.odex --output-vdex-fd=9 --app-image-fd=10 --image-format=lz4 --swap-fd=11 --class-loader-context=PCL[] --classpath-dir=/data/app/~~1og0BK07Ld9ygNlAy6ffhQ==/com.google.jetstream-YliBwmp2zFpeBa33ibE1Sg== --input-vdex-fd=12 --profile-file-fd=13 --instruction-set=x86_64 --instruction-set-features=default --instruction-set-variant=x86_64 --compiler-filter=speed-profile --compilation-reason=cmdline --compact-dex-level=none --max-image-block-size=524288 --resolve-startup-const-strings=true --generate-mini-debug-info --runtime-arg -Xtarget-sdk-version:35 --runtime-arg -Xhidden-api-policy:enabled --runtime-arg -Xms64m --runtime-arg -Xmx512m --comments=app-version-name:1.0,app-version-code:1,art-version:342090000
08-27 02:25:26.701  3040  3040 I dex2oat64: /apex/com.android.art/bin/dex2oat64 --output-vdex-fd=9 --class-loader-context=PCL[] --classpath-dir=/data/app/~~1og0BK07Ld9ygNlAy6ffhQ==/com.google.jetstream-YliBwmp2zFpeBa33ibE1Sg== --input-vdex-fd=12 --profile-file-fd=13 --compiler-filter=speed-profile --compilation-reason=cmdline --compact-dex-level=none --max-image-block-size=524288 --resolve-startup-const-strings=true --generate-mini-debug-info --comments=app-version-name:1.0,app-version-code:1,art-version:342090000
08-27 02:25:26.715   555  1974 I ImeTracker: com.android.launcher3:65bfef69: onRequestHide at ORIGIN_SERVER_HIDE_INPUT reason HIDE_UNSPECIFIED_WINDOW
08-27 02:25:26.715   555  1974 I ImeTracker: com.android.launcher3:65bfef69: onCancelled at PHASE_SERVER_SHOULD_HIDE
08-27 02:25:26.721  3040  3040 I dex2oat64: Using CollectorTypeCC GC.
08-27 02:25:26.954   555   571 I Process : Sending signal. PID: 2902 SIG: 9
08-27 02:25:26.973  3040  3040 I dex2oat64: Large app, accepted running with swap.
08-27 02:25:26.991   390   390 E BpTransactionCompletedListener: Failed to transact (-32)
08-27 02:25:27.270   555   566 I system_server: NativeAlloc concurrent copying GC freed 360127(15MB) AllocSpace objects, 43(860KB) LOS objects, 49% free, 17MB/35MB, paused 875us,114us total 477.328ms
08-27 02:25:27.271   555   567 W JavaBinder: BinderProxy is being destroyed but the application did not call unlinkToDeath to unlink all of its death recipients beforehand.  Releasing leaked death recipient: com.android.server.am.ActivityManagerService$14
08-27 02:25:27.273   555   567 I BpBinder: onLastStrongRef automatically unlinking death recipients: 
08-27 02:25:29.375   333  2811 D android.hardware.audio@7.1-impl.ranchu: threadLoop: entering standby, frames: 1043392
08-27 02:25:30.824   887   887 D StatusBarIconController: ignoring old pipeline callback because the new wifi icon is enabled
08-27 02:25:31.782   460   885 D BufferPoolAccessor2.0: evictor expired: 1, evicted: 0
08-27 02:25:33.104   887   887 D StatusBarIconController: ignoring old pipeline callbacks, because the new mobile icons are enabled
08-27 02:25:37.176  3040  3040 I dex2oat64: Explicit concurrent copying GC freed 95118(14MB) AllocSpace objects, 0(0B) LOS objects, 49% free, 1543KB/3087KB, paused 380us,52us total 8.235ms
08-27 02:25:37.403  3040  3040 I dex2oat64: dex2oat took 10.721s (15.667s cpu) (threads: 2) arena alloc=7859KB (8048312B) java alloc=1543KB (1580832B) native alloc=7509KB (7689280B) free=9556KB (9785872B) swap=16MB (16777216B)
08-27 02:25:37.415  2592  2592 I artd    : dex2oat returned code 0
08-27 02:25:37.420   555   652 I ArtService: Dexopt result: [packageName = com.google.jetstream] DexContainerFileDexoptResult{dexContainerFile=/data/app/~~1og0BK07Ld9ygNlAy6ffhQ==/com.google.jetstream-YliBwmp2zFpeBa33ibE1Sg==/base.apk, primaryAbi=true, abi=x86_64, actualCompilerFilter=speed-profile, status=PERFORMED, dex2oatWallTimeMillis=10817, dex2oatCpuTimeMillis=15700, sizeBytes=10792248, sizeBeforeBytes=10792248}
08-27 02:25:37.455  1546  1755 W MediaProvider: isAppCloneUserPair for user 0: false
08-27 02:25:37.486  2592  2592 I artd    : Running profman: /apex/com.android.art/bin/art_exec --drop-capabilities --keep-fds=7:8 -- /apex/com.android.art/bin/profman --reference-profile-file-fd=7 --apk-fd=8
08-27 02:25:37.486  2592  2592 I artd    : Opened FDs: 7:/data/misc/profiles/ref/com.google.jetstream/primary.prof 8:/data/app/~~1og0BK07Ld9ygNlAy6ffhQ==/com.google.jetstream-YliBwmp2zFpeBa33ibE1Sg==/base.apk 
08-27 02:25:37.503  2592  2592 I artd    : profman returned code 2
08-27 02:25:37.503  2592  2592 I artd    : Running profman: /apex/com.android.art/bin/art_exec --drop-capabilities --keep-fds=7:8:9:10 -- /apex/com.android.art/bin/profman --profile-file-fd=7 --profile-file-fd=8 --dump-output-to-fd=9 --apk-fd=10 --dump-classes-and-methods
08-27 02:25:37.503  2592  2592 I artd    : Opened FDs: 7:/data/misc/profiles/ref/com.google.jetstream/primary.prof 8:/data/misc/profiles/cur/0/com.google.jetstream/primary.prof 9:/data/misc/profiles/ref/com.google.jetstream/primary.prof.DjSqzw.tmp 10:/data/app/~~1og0BK07Ld9ygNlAy6ffhQ==/com.google.jetstream-YliBwmp2zFpeBa33ibE1Sg==/base.apk 
08-27 02:25:37.602  2592  2592 I artd    : profman returned code 0
08-27 02:25:37.637  1546  1759 W MediaProvider: isAppCloneUserPair for user 0: false
08-27 02:25:37.745  1546  2893 I MediaProvider: Deleted 0 0 0 0 0 0 0 items on external_primary due to com.google.jetstream.benchmark
08-27 02:25:38.042  2531  2547 D Benchmark: Unstable profiles during iteration 2
08-27 02:25:38.043  2531  2547 D Benchmark: Killing package com.google.jetstream
08-27 02:25:38.043  2531  2547 D Benchmark: Killing process com.google.jetstream
08-27 02:25:38.043  2531  2547 D UiDevice: Executing shell command: am force-stop com.google.jetstream
08-27 02:25:38.059  2531  2547 D Benchmark: Compile iteration (3) for com.google.jetstream
08-27 02:25:38.073  1107  1107 D CarrierSvcBindHelper: onHandleForceStop: [com.google.jetstream]
08-27 02:25:38.075  1107  1107 D CarrierSvcBindHelper: No carrier app for: 0
08-27 02:25:38.087  2531  2547 D Benchmark: Starting activity with command: am start  -W "intent:#Intent;action=android.intent.action.MAIN;category=android.intent.category.LAUNCHER;launchFlags=0x10008000;package=com.google.jetstream;component=com.google.jetstream/.MainActivity;end"
08-27 02:25:38.090  1546  2309 W MediaProvider: isAppCloneUserPair for user 0: false
08-27 02:25:38.136   887   946 D SplashScreenView: Build android.window.SplashScreenView{a183d49 V.E...... ......ID 0,0-0,0}
08-27 02:25:38.136   887   946 D SplashScreenView: Icon: view: android.widget.ImageView{e74864e V.ED..... ......I. 0,0-0,0 #10204f0 android:id/splashscreen_icon_view} drawable: com.android.wm.shell.startingsurface.SplashscreenIconDrawableFactory$ImmobileIconDrawable@6dd236f size: 384
08-27 02:25:38.136   887   946 D SplashScreenView: Branding: view: android.view.View{3ce187c G.ED..... ......I. 0,0-0,0 #10204ef android:id/splashscreen_branding_view} drawable: null size w: 0 h: 0
08-27 02:25:38.147   328   328 D Zygote  : Forked child process 3095
08-27 02:25:38.172   887   959 E OpenGLRenderer: Unable to match the desired swap behavior.
08-27 02:25:38.174   390   390 I BpBinder: onLastStrongRef automatically unlinking death recipients: 
08-27 02:25:38.190  3095  3095 I oogle.jetstream: Using CollectorTypeCC GC.
