08-27 02:24:43.560  2661  2796 W CCodec  : This behavior is subject to change. It is recommended that app developers double check whether the requested max input size is in reasonable range.
08-27 02:24:43.560  2661  2796 D CCodec  : encoding statistics level = 0
08-27 02:24:43.560  2661  2796 D CCodec  : setup formats input: AMessage(what = 0x00000000) = {
08-27 02:24:43.560  2661  2796 D CCodec  :   int32_t height = 720
08-27 02:24:43.560  2661  2796 D CCodec  :   int32_t level = 65536
08-27 02:24:43.560  2661  2796 D CCodec  :   int32_t max-input-size = 6291456
08-27 02:24:43.560  2661  2796 D CCodec  :   string mime = "video/avc"
08-27 02:24:43.560  2661  2796 D CCodec  :   int32_t profile = 65536
08-27 02:24:43.560  2661  2796 D CCodec  :   int32_t width = 1280
08-27 02:24:43.560  2661  2796 D CCodec  :   Rect crop(0, 0, 1279, 719)
08-27 02:24:43.560  2661  2796 D CCodec  : }
08-27 02:24:43.560  2661  2796 D CCodec  : setup formats output: AMessage(what = 0x00000000) = {
08-27 02:24:43.560  2661  2796 D CCodec  :   int32_t android._color-format = 2135033992
08-27 02:24:43.560  2661  2796 D CCodec  :   int32_t android._video-scaling = 1
08-27 02:24:43.560  2661  2796 D CCodec  :   int32_t rotation-degrees = 0
08-27 02:24:43.560  2661  2796 D CCodec  :   int32_t color-standard = 1
08-27 02:24:43.560  2661  2796 D CCodec  :   int32_t color-range = 2
08-27 02:24:43.560  2661  2796 D CCodec  :   int32_t color-transfer = 3
08-27 02:24:43.560  2661  2796 D CCodec  :   int32_t sar-height = 1
08-27 02:24:43.560  2661  2796 D CCodec  :   int32_t sar-width = 1
08-27 02:24:43.560  2661  2796 D CCodec  :   Rect crop(0, 0, 1279, 719)
08-27 02:24:43.560  2661  2796 D CCodec  :   int32_t width = 1280
08-27 02:24:43.560  2661  2796 D CCodec  :   int32_t height = 720
08-27 02:24:43.560  2661  2796 D CCodec  :   int32_t max-height = 720
08-27 02:24:43.560  2661  2796 D CCodec  :   int32_t max-width = 1280
08-27 02:24:43.560  2661  2796 D CCodec  :   string mime = "video/raw"
08-27 02:24:43.560  2661  2796 D CCodec  :   int32_t android._dataspace = 260
08-27 02:24:43.560  2661  2796 D CCodec  :   int32_t color-format = 2130708361
08-27 02:24:43.560  2661  2796 D CCodec  : }
08-27 02:24:43.561  2661  2796 I CCodecConfig: query failed after returning 12 values (BAD_INDEX)
08-27 02:24:43.563  2661  2786 D MediaCodec: keep callback message for reclaim
08-27 02:24:43.565   345  2801 D C2GoldfishAvcDec: calling onInit
08-27 02:24:43.566  2661  2796 W Codec2Client: query -- param skipped: index = 1342179345.
08-27 02:24:43.566  2661  2796 W Codec2Client: query -- param skipped: index = 2415921170.
08-27 02:24:43.566  2661  2796 W Codec2Client: query -- param skipped: index = 1610614798.
08-27 02:24:43.568  2661  2796 W Codec2Client: query -- param skipped: index = 2684356609.
08-27 02:24:43.569  2661  2796 D C2Store : Using DMABUF Heaps
08-27 02:24:43.574  2661  2796 D CCodecBufferChannel: [c2.goldfish.h264.decoder#107] Created input block pool with allocatorID 16 => poolID 17 - OK (0)
08-27 02:24:43.574  2661  2796 D CCodecBufferChannel: [c2.goldfish.h264.decoder#107] Query output surface allocator returned 0 params => BAD_INDEX (6)
08-27 02:24:43.577  2661  2796 I CCodecBufferChannel: [c2.goldfish.h264.decoder#107] Created output block pool with allocatorID 18 => poolID 17 - OK
08-27 02:24:43.577  2661  2796 D CCodecBufferChannel: [c2.goldfish.h264.decoder#107] Configured output block pool ids 17 => OK
08-27 02:24:43.577  2661  2796 D Codec2-OutputBufferQueue: remote graphic buffer migration 0/0
08-27 02:24:43.578  2661  2796 D Codec2Client: setOutputSurface -- failed to set consumer usage (6/BAD_INDEX)
08-27 02:24:43.578  2661  2796 D Codec2Client: setOutputSurface -- generation=2724865 consumer usage=0x900
08-27 02:24:43.605   135   135 I hwservicemanager: getTransport: Cannot find entry android.hardware.graphics.mapper@4.0::IMapper/default in either framework or device VINTF manifest.
08-27 02:24:43.605   345   345 I Gralloc4: mapper 4.x is not supported
08-27 02:24:43.633  2531  2547 D UiDevice: Retrieving node with selector: BySelector [DESC='^.*\QUser Profile\E.*$', FOCUSED='true'].
08-27 02:24:43.658  2531  2547 D UiDevice: Node not found with selector: BySelector [DESC='^.*\QUser Profile\E.*$', FOCUSED='true'].
08-27 02:24:43.771  2531  2547 D UiDevice: Retrieving node with selector: BySelector [DESC='^.*\QUser Profile\E.*$', FOCUSED='true'].
08-27 02:24:43.781   345   345 D C2BqBuffer: local generation change 2724865 , bqId: 11428907974657 migrated buffers # 0
08-27 02:24:43.783  2661  2796 D Codec2Client: Surface configure completed
08-27 02:24:43.793  2661  2796 I DMABUFHEAPS: Using DMA-BUF heap named: system
08-27 02:24:43.813  2531  2547 D UiDevice: Node not found with selector: BySelector [DESC='^.*\QUser Profile\E.*$', FOCUSED='true'].
08-27 02:24:43.914  2531  2547 D UiDevice: Retrieving node with selector: BySelector [DESC='^.*\QUser Profile\E.*$', FOCUSED='true'].
08-27 02:24:43.935  2531  2547 D UiDevice: Node not found with selector: BySelector [DESC='^.*\QUser Profile\E.*$', FOCUSED='true'].
08-27 02:24:44.037  2531  2547 D UiDevice: Retrieving node with selector: BySelector [DESC='^.*\QUser Profile\E.*$', FOCUSED='true'].
08-27 02:24:44.057  2531  2547 D UiDevice: Node not found with selector: BySelector [DESC='^.*\QUser Profile\E.*$', FOCUSED='true'].
08-27 02:24:44.158  2531  2547 D UiDevice: Retrieving node with selector: BySelector [DESC='^.*\QUser Profile\E.*$', FOCUSED='true'].
08-27 02:24:44.172  2531  2547 D UiDevice: Node not found with selector: BySelector [DESC='^.*\QUser Profile\E.*$', FOCUSED='true'].
08-27 02:24:44.173  2531  2547 D UiDevice: Pressing keycodes [22] with modifier 0.
08-27 02:24:44.221  2661  2683 D EGL_emulation: app_time_stats: avg=47.97ms min=8.95ms max=709.39ms count=22
08-27 02:24:44.243  2531  2547 D UiDevice: Pressing keycodes [22] with modifier 0.
08-27 02:24:44.251   455  2395 W ResourceManagerService: Ignoring request to add new resource entry with value <= 0
08-27 02:24:44.263  2661  2786 I DMCodecAdapterFactory: Creating an asynchronous MediaCodec adapter for track type audio
08-27 02:24:44.263   345   345 D C2Store : Using DMABUF Heaps
08-27 02:24:44.268   345  2801 D SimpleC2Component: Using output block pool with poolID 17 => got 17 - 0
08-27 02:24:44.270  2661  2804 D CCodec  : allocate(c2.android.aac.decoder)
08-27 02:24:44.272   345  2801 I android.hardware.media.c2@1.0-service-goldfish: successfully allocated 33558528 bytes in goldfish_address_block
08-27 02:24:44.272   345  2801 I android.hardware.media.c2@1.0-service-goldfish: guest address is 0x743a22858000
08-27 02:24:44.273   345  2801 I android.hardware.media.c2@1.0-service-goldfish: successfully pinged host to allocate memory
08-27 02:24:44.439  2661  2804 I CCodec  : setting up 'default' as default (vendor) store
08-27 02:24:44.443   345  2801 D android.hardware.media.c2@1.0-service-goldfish: isMinigbmFromProperty:codecs: minigbm query prop value is: ranchu
08-27 02:24:44.443   345  2801 D android.hardware.media.c2@1.0-service-goldfish: isMinigbmFromProperty:codecs: Is not using minigbm, in goldfish mode.
08-27 02:24:44.466  2661  2800 D CCodecBufferChannel: [c2.goldfish.h264.decoder#107] Ignoring stale input buffer done callback: last flush index = 0, frameIndex = 0
08-27 02:24:44.504  2531  2547 D UiDevice: Waiting 1000ms for SearchCondition[findObject=BySelector [TEXT='\QCategories\E', FOCUSED='true']].
08-27 02:24:44.505  2531  2547 D UiDevice: Retrieving node with selector: BySelector [TEXT='\QCategories\E', FOCUSED='true'].
08-27 02:24:44.534  2531  2547 D UiDevice: Node not found with selector: BySelector [TEXT='\QCategories\E', FOCUSED='true'].
08-27 02:24:44.637  2531  2547 D UiDevice: Retrieving node with selector: BySelector [TEXT='\QCategories\E', FOCUSED='true'].
08-27 02:24:44.738  2661  2804 I CCodec  : Created component [c2.android.aac.decoder]
08-27 02:24:44.740  2661  2804 D CCodecConfig: read media type: audio/mp4a-latm
08-27 02:24:44.743  2531  2547 D UiDevice: Node not found with selector: BySelector [TEXT='\QCategories\E', FOCUSED='true'].
08-27 02:24:44.749  2661  2804 D ReflectedParamUpdater: extent() != 1 for single value type: algo.buffers.max-count.values
08-27 02:24:44.750  2661  2804 D ReflectedParamUpdater: extent() != 1 for single value type: output.subscribed-indices.values
08-27 02:24:44.750  2661  2804 D ReflectedParamUpdater: extent() != 1 for single value type: input.buffers.allocator-ids.values
08-27 02:24:44.751  2661  2804 D ReflectedParamUpdater: extent() != 1 for single value type: output.buffers.allocator-ids.values
08-27 02:24:44.751  2661  2804 D ReflectedParamUpdater: extent() != 1 for single value type: algo.buffers.allocator-ids.values
08-27 02:24:44.751  2661  2804 D ReflectedParamUpdater: extent() != 1 for single value type: output.buffers.pool-ids.values
08-27 02:24:44.752  2661  2804 D ReflectedParamUpdater: extent() != 1 for single value type: algo.buffers.pool-ids.values
08-27 02:24:44.763  2661  2804 I CCodecConfig: query failed after returning 20 values (BAD_INDEX)
08-27 02:24:44.763  2661  2804 D CCodecConfig: c2 config diff is Dict {
08-27 02:24:44.763  2661  2804 D CCodecConfig:   c2::u32 coded.aac-packaging.value = 0
08-27 02:24:44.763  2661  2804 D CCodecConfig:   c2::u32 coded.bitrate.value = 64000
08-27 02:24:44.763  2661  2804 D CCodecConfig:   c2::u32 coded.pl.level = 0
08-27 02:24:44.763  2661  2804 D CCodecConfig:   c2::u32 coded.pl.profile = 8192
08-27 02:24:44.763  2661  2804 D CCodecConfig:   c2::i32 coding.drc.album-mode.value = 0
08-27 02:24:44.763  2661  2804 D CCodecConfig:   c2::float coding.drc.attenuation-factor.value = 1
08-27 02:24:44.763  2661  2804 D CCodecConfig:   c2::float coding.drc.boost-factor.value = 1
08-27 02:24:44.763  2661  2804 D CCodecConfig:   c2::i32 coding.drc.compression-mode.value = 3
08-27 02:24:44.763  2661  2804 D CCodecConfig:   c2::i32 coding.drc.effect-type.value = 3
08-27 02:24:44.763  2661  2804 D CCodecConfig:   c2::float coding.drc.encoded-level.value = 0.25
08-27 02:24:44.763  2661  2804 D CCodecConfig:   c2::float coding.drc.reference-level.value = -16
08-27 02:24:44.763  2661  2804 D CCodecConfig:   c2::u32 input.buffers.max-size.value = 8192
08-27 02:24:44.763  2661  2804 D CCodecConfig:   c2::u32 input.delay.value = 0
08-27 02:24:44.763  2661  2804 D CCodecConfig:   string input.media-type.value = "audio/mp4a-latm"
08-27 02:24:44.763  2661  2804 D CCodecConfig:   c2::u32 output.delay.value = 2
08-27 02:24:44.763  2661  2804 D CCodecConfig:   c2::float output.drc.output-loudness.value = 0.25
08-27 02:24:44.763  2661  2804 D CCodecConfig:   string output.media-type.value = "audio/raw"
08-27 02:24:44.763  2661  2804 D CCodecConfig:   c2::u32 raw.channel-count.value = 1
08-27 02:24:44.763  2661  2804 D CCodecConfig:   c2::u32 raw.channel-mask.value = 0
08-27 02:24:44.763  2661  2804 D CCodecConfig:   c2::u32 raw.max-channel-count.value = 8
08-27 02:24:44.763  2661  2804 D CCodecConfig:   c2::u32 raw.sample-rate.value = 44100
08-27 02:24:44.763  2661  2804 D CCodecConfig: }
08-27 02:24:44.767  2661  2804 I MediaCodec: MediaCodec will operate in async mode
08-27 02:24:44.768  2661  2804 D MediaCodec: flushMediametrics
08-27 02:24:44.769  2661  2804 D CCodec  : [c2.android.aac.decoder] buffers are bound to CCodec for this session
08-27 02:24:44.770  2661  2804 D CCodecConfig: no c2 equivalents for log-session-id
08-27 02:24:44.771  2661  2804 D CCodecConfig: no c2 equivalents for flags
08-27 02:24:44.771  2661  2804 D CCodecConfig: config failed => CORRUPTED
08-27 02:24:44.772  2661  2804 D CCodecConfig: c2 config diff is   c2::u32 raw.channel-count.value = 2
08-27 02:24:44.773  2661  2804 W Codec2Client: query -- param skipped: index = 1107298332.
08-27 02:24:44.776  2661  2804 D CCodec  : client requested max input size 710, which is smaller than what component recommended (8192); overriding with component recommendation.
08-27 02:24:44.776  2661  2804 W CCodec  : This behavior is subject to change. It is recommended that app developers double check whether the requested max input size is in reasonable range.
08-27 02:24:44.777  2661  2804 D CCodec  : encoding statistics level = 0
08-27 02:24:44.778  2661  2804 D CCodec  : setup formats input: AMessage(what = 0x00000000) = {
08-27 02:24:44.778  2661  2804 D CCodec  :   int32_t aac-drc-album-mode = 0
08-27 02:24:44.778  2661  2804 D CCodec  :   int32_t aac-drc-boost-level = 127
08-27 02:24:44.778  2661  2804 D CCodec  :   int32_t aac-drc-cut-level = 127
08-27 02:24:44.778  2661  2804 D CCodec  :   int32_t aac-drc-effect-type = 3
08-27 02:24:44.778  2661  2804 D CCodec  :   int32_t aac-encoded-target-level = -1
08-27 02:24:44.778  2661  2804 D CCodec  :   int32_t aac-max-output-channel_count = 8
08-27 02:24:44.778  2661  2804 D CCodec  :   int32_t aac-target-ref-level = 64
08-27 02:24:44.778  2661  2804 D CCodec  :   int32_t bitrate = 64000
08-27 02:24:44.778  2661  2804 D CCodec  :   int32_t channel-count = 2
08-27 02:24:44.778  2661  2804 D CCodec  :   int32_t channel-mask = 0
08-27 02:24:44.778  2661  2804 D CCodec  :   int32_t level = 0
08-27 02:24:44.778  2661  2804 D CCodec  :   int32_t max-input-size = 8192
08-27 02:24:44.778  2661  2804 D CCodec  :   int32_t max-output-channel-count = 8
08-27 02:24:44.778  2661  2804 D CCodec  :   string mime = "audio/mp4a-latm"
08-27 02:24:44.778  2661  2804 D CCodec  :   int32_t profile = 2
08-27 02:24:44.778  2661  2804 D CCodec  :   int32_t sample-rate = 44100
08-27 02:24:44.778  2661  2804 D CCodec  : }
08-27 02:24:44.778  2661  2804 D CCodec  : setup formats output: AMessage(what = 0x00000000) = {
08-27 02:24:44.778  2661  2804 D CCodec  :   int32_t aac-drc-album-mode = 0
08-27 02:24:44.778  2661  2804 D CCodec  :   int32_t aac-drc-boost-level = 127
08-27 02:24:44.778  2661  2804 D CCodec  :   int32_t aac-drc-cut-level = 127
08-27 02:24:44.778  2661  2804 D CCodec  :   int32_t aac-drc-effect-type = 3
08-27 02:24:44.778  2661  2804 D CCodec  :   int32_t aac-drc-output-loudness = -1
08-27 02:24:44.778  2661  2804 D CCodec  :   int32_t aac-encoded-target-level = -1
08-27 02:24:44.778  2661  2804 D CCodec  :   int32_t aac-max-output-channel_count = 8
08-27 02:24:44.778  2661  2804 D CCodec  :   int32_t aac-target-ref-level = 64
08-27 02:24:44.778  2661  2804 D CCodec  :   int32_t channel-count = 2
08-27 02:24:44.778  2661  2804 D CCodec  :   int32_t channel-mask = 0
08-27 02:24:44.778  2661  2804 D CCodec  :   int32_t max-output-channel-count = 8
08-27 02:24:44.778  2661  2804 D CCodec  :   string mime = "audio/raw"
08-27 02:24:44.778  2661  2804 D CCodec  :   int32_t sample-rate = 44100
08-27 02:24:44.778  2661  2804 D CCodec  :   int32_t android._config-pcm-encoding = 2
08-27 02:24:44.778  2661  2804 D CCodec  : }
08-27 02:24:44.779  2661  2804 I CCodecConfig: query failed after returning 20 values (BAD_INDEX)
08-27 02:24:44.780  2661  2786 D MediaCodec: keep callback message for reclaim
08-27 02:24:44.800  2661  2804 W Codec2Client: query -- param skipped: index = 1342179345.
08-27 02:24:44.800  2661  2804 W Codec2Client: query -- param skipped: index = 2415921170.
08-27 02:24:44.800  2661  2804 W Codec2Client: query -- param skipped: index = 1610614798.
08-27 02:24:44.801  2661  2804 D CCodecBufferChannel: [c2.android.aac.decoder#455] Created input block pool with allocatorID 16 => poolID 18 - OK (0)
08-27 02:24:44.813   555   670 D BufferPoolAccessor2.0: bufferpool2 0x726a89e30888 : 0(0 size) total buffers - 0(0 size) used buffers - 2/7 (recycle/alloc) - 5/18 (fetch/transfer)
08-27 02:24:44.813   555   670 D BufferPoolAccessor2.0: Destruction - bufferpool2 0x726a89e30888 cached: 0/0M, 0/0% in use; allocs: 7, 29% recycled; transfers: 18, 72% unfetched
08-27 02:24:44.814   555   670 D BufferPoolAccessor2.0: bufferpool2 0x726a89e2e138 : 0(0 size) total buffers - 0(0 size) used buffers - 2/7 (recycle/alloc) - 5/26 (fetch/transfer)
08-27 02:24:44.815   555   670 D BufferPoolAccessor2.0: Destruction - bufferpool2 0x726a89e2e138 cached: 0/0M, 0/0% in use; allocs: 7, 29% recycled; transfers: 26, 81% unfetched
08-27 02:24:44.815   555   670 D BufferPoolAccessor2.0: bufferpool2 0x726a89e2e828 : 0(0 size) total buffers - 0(0 size) used buffers - 2/7 (recycle/alloc) - 5/24 (fetch/transfer)
08-27 02:24:44.815   555   670 D BufferPoolAccessor2.0: Destruction - bufferpool2 0x726a89e2e828 cached: 0/0M, 0/0% in use; allocs: 7, 29% recycled; transfers: 24, 79% unfetched
08-27 02:24:44.816   555   670 D BufferPoolAccessor2.0: bufferpool2 0x726a89e2da48 : 0(0 size) total buffers - 0(0 size) used buffers - 2/7 (recycle/alloc) - 5/34 (fetch/transfer)
08-27 02:24:44.816   555   670 D BufferPoolAccessor2.0: Destruction - bufferpool2 0x726a89e2da48 cached: 0/0M, 0/0% in use; allocs: 7, 29% recycled; transfers: 34, 85% unfetched
08-27 02:24:44.817   555   670 D BufferPoolAccessor2.0: bufferpool2 0x726a89e2ea78 : 0(0 size) total buffers - 0(0 size) used buffers - 2/7 (recycle/alloc) - 5/34 (fetch/transfer)
08-27 02:24:44.817   555   670 D BufferPoolAccessor2.0: Destruction - bufferpool2 0x726a89e2ea78 cached: 0/0M, 0/0% in use; allocs: 7, 29% recycled; transfers: 34, 85% unfetched
08-27 02:24:44.820   555   970 D BufferPoolAccessor2.0: bufferpool2 0x726a89e2ceb8 : 0(0 size) total buffers - 0(0 size) used buffers - 2/7 (recycle/alloc) - 5/24 (fetch/transfer)
08-27 02:24:44.820   555   970 D BufferPoolAccessor2.0: Destruction - bufferpool2 0x726a89e2ceb8 cached: 0/0M, 0/0% in use; allocs: 7, 29% recycled; transfers: 24, 79% unfetched
08-27 02:24:44.820  2661  2804 I CCodecBufferChannel: [c2.android.aac.decoder#455] Created output block pool with allocatorID 16 => poolID 26 - OK
08-27 02:24:44.820  2661  2804 D CCodecBufferChannel: [c2.android.aac.decoder#455] Configured output block pool ids 26 => OK
08-27 02:24:44.820   887  1241 D BufferPoolAccessor2.0: bufferpool2 0x726a89e0c668 : 0(0 size) total buffers - 0(0 size) used buffers - 1/7 (recycle/alloc) - 6/36 (fetch/transfer)
08-27 02:24:44.822   887  1241 D BufferPoolAccessor2.0: Destruction - bufferpool2 0x726a89e0c668 cached: 0/0M, 0/0% in use; allocs: 7, 14% recycled; transfers: 36, 83% unfetched
08-27 02:24:44.825   887  1241 D BufferPoolAccessor2.0: bufferpool2 0x726a89e0d8e8 : 0(0 size) total buffers - 0(0 size) used buffers - 1/7 (recycle/alloc) - 6/38 (fetch/transfer)
08-27 02:24:44.826   887  1241 D BufferPoolAccessor2.0: Destruction - bufferpool2 0x726a89e0d8e8 cached: 0/0M, 0/0% in use; allocs: 7, 14% recycled; transfers: 38, 84% unfetched
08-27 02:24:44.827   887  1241 D BufferPoolAccessor2.0: bufferpool2 0x726a89e12788 : 0(0 size) total buffers - 0(0 size) used buffers - 2/7 (recycle/alloc) - 5/18 (fetch/transfer)
08-27 02:24:44.828   887  1241 D BufferPoolAccessor2.0: Destruction - bufferpool2 0x726a89e12788 cached: 0/0M, 0/0% in use; allocs: 7, 29% recycled; transfers: 18, 72% unfetched
08-27 02:24:44.831   460  2805 D SimpleC2Component: Using output block pool with poolID 26 => got 26 - 0
08-27 02:24:44.887  2531  2547 D UiDevice: Retrieving node with selector: BySelector [TEXT='\QCategories\E', FOCUSED='true'].
08-27 02:24:44.925   460  2805 I C2SoftAacDec: Reconfiguring decoder: 0->44100 Hz, 0->2 channels
08-27 02:24:44.952  2531  2547 D UiDevice: Node not found with selector: BySelector [TEXT='\QCategories\E', FOCUSED='true'].
08-27 02:24:44.999   555   808 W BestClock: java.time.DateTimeException: Missing network time fix
08-27 02:24:45.012  2661  2796 D CCodecConfig: c2 config diff is   c2::u32 raw.crop.height = 720
08-27 02:24:45.012  2661  2796 D CCodecConfig:   c2::u32 raw.crop.left = 0
08-27 02:24:45.012  2661  2796 D CCodecConfig:   c2::u32 raw.crop.top = 0
08-27 02:24:45.012  2661  2796 D CCodecConfig:   c2::u32 raw.crop.width = 1280
08-27 02:24:45.018  2661  2804 D CCodecConfig: c2 config diff is   c2::u32 raw.channel-mask.value = 12
08-27 02:24:45.018  2661  2804 D CCodecBuffers: [c2.android.aac.decoder#455:Output[N]] popFromStashAndRegister: at 1000000000000us, output format changed to AMessage(what = 0x00000000) = {
08-27 02:24:45.018  2661  2804 D CCodecBuffers:   int32_t aac-drc-album-mode = 0
08-27 02:24:45.018  2661  2804 D CCodecBuffers:   int32_t aac-drc-boost-level = 127
08-27 02:24:45.018  2661  2804 D CCodecBuffers:   int32_t aac-drc-cut-level = 127
08-27 02:24:45.018  2661  2804 D CCodecBuffers:   int32_t aac-drc-effect-type = 3
08-27 02:24:45.018  2661  2804 D CCodecBuffers:   int32_t aac-drc-output-loudness = -1
08-27 02:24:45.018  2661  2804 D CCodecBuffers:   int32_t aac-encoded-target-level = -1
08-27 02:24:45.018  2661  2804 D CCodecBuffers:   int32_t aac-max-output-channel_count = 8
08-27 02:24:45.018  2661  2804 D CCodecBuffers:   int32_t aac-target-ref-level = 64
08-27 02:24:45.018  2661  2804 D CCodecBuffers:   int32_t channel-count = 2
08-27 02:24:45.018  2661  2804 D CCodecBuffers:   int32_t channel-mask = 12
08-27 02:24:45.018  2661  2804 D CCodecBuffers:   int32_t max-output-channel-count = 8
08-27 02:24:45.018  2661  2804 D CCodecBuffers:   string mime = "audio/raw"
08-27 02:24:45.018  2661  2804 D CCodecBuffers:   int32_t sample-rate = 44100
08-27 02:24:45.018  2661  2804 D CCodecBuffers:   int32_t android._config-pcm-encoding = 2
08-27 02:24:45.018  2661  2804 D CCodecBuffers: }
08-27 02:24:45.019   327   359 I netd    : tetherGetStats() -> {[]} <2.78ms>
08-27 02:24:45.041   135   135 I hwservicemanager: getTransport: Cannot find entry android.hardware.graphics.mapper@4.0::IMapper/default in either framework or device VINTF manifest.
08-27 02:24:45.048   555   808 W BestClock: java.time.DateTimeException: Missing network time fix
08-27 02:24:45.051   327   359 I netd    : bandwidthSetGlobalAlert(2097152) <0.84ms>
08-27 02:24:45.052   555   810 W BestClock: java.time.DateTimeException: Missing network time fix
08-27 02:24:45.053   555   810 W BestClock: java.time.DateTimeException: Missing network time fix
08-27 02:24:45.053   555   810 W BestClock: java.time.DateTimeException: Missing network time fix
08-27 02:24:45.055   327   359 I netd    : bandwidthRemoveInterfaceQuota(eth0) <1.11ms>
08-27 02:24:45.064  2531  2547 D UiDevice: Retrieving node with selector: BySelector [TEXT='\QCategories\E', FOCUSED='true'].
08-27 02:24:45.067   327   359 I netd    : bandwidthSetInterfaceQuota(eth0, 9223372036854775807) <0.78ms>
08-27 02:24:45.069   555   810 W BestClock: java.time.DateTimeException: Missing network time fix
08-27 02:24:45.093   386  2141 W AudioFlinger: createTrack_l(): mismatch between requested flags (00000008) and output flags (00000002)
08-27 02:24:45.095   386  2141 D AudioFlinger: Client defaulted notificationFrames to 8024 for frameCount 16048
08-27 02:24:45.102   386  2141 D AF::TrackHandle: OpPlayAudio: track:55 usage:1 not muted
08-27 02:24:45.105   555   810 W BestClock: java.time.DateTimeException: Missing network time fix
08-27 02:24:45.110  2531  2547 D UiDevice: Node not found with selector: BySelector [TEXT='\QCategories\E', FOCUSED='true'].
08-27 02:24:45.113   555   810 W BestClock: java.time.DateTimeException: Missing network time fix
08-27 02:24:45.114   555   810 W BestClock: java.time.DateTimeException: Missing network time fix
08-27 02:24:45.115   555   810 W BestClock: java.time.DateTimeException: Missing network time fix
08-27 02:24:45.115   555   810 D NetworkStatsObservers: Registering observer for RequestInfo from pid/uid:555/1000(android) for DataUsageRequest [ requestId=6, networkTemplate=NetworkTemplate: matchRule=MOBILE, matchSubscriberIds=[310260...], matchWifiNetworkKeys=[], metered=YES, defaultNetwork=NO, thresholdInBytes=3542579 ] accessLevel:3
08-27 02:24:45.116   555   886 D NetworkStatsObservers: Unregistering RequestInfo from pid/uid:555/1000(android) for DataUsageRequest [ requestId=5, networkTemplate=NetworkTemplate: matchRule=MOBILE, matchSubscriberIds=[310260...], matchWifiNetworkKeys=[], metered=YES, defaultNetwork=NO, thresholdInBytes=3576080 ] accessLevel:3
08-27 02:24:45.119   555   808 W BestClock: java.time.DateTimeException: Missing network time fix
08-27 02:24:45.137   327   359 I netd    : tetherGetStats() -> {[]} <0.98ms>
08-27 02:24:45.139   555   808 W BestClock: java.time.DateTimeException: Missing network time fix
08-27 02:24:45.141  2661  2786 I Surface : Surface::setFrameRate is deprecated, setFrameRate hint is dropped as destination is not SurfaceFlinger
08-27 02:24:45.170   386   643 D audioserver: FGS Logger Transaction failed
08-27 02:24:45.170   386   643 D audioserver: -129
08-27 02:24:45.218  2531  2547 D UiDevice: Retrieving node with selector: BySelector [TEXT='\QCategories\E', FOCUSED='true'].
08-27 02:24:45.311  2531  2547 D UiDevice: Node not found with selector: BySelector [TEXT='\QCategories\E', FOCUSED='true'].
08-27 02:24:45.322  2661  2786 D AudioTrack: getTimestamp_l(15): device stall time corrected using current time 141104119400
08-27 02:24:45.367  2661  2683 D EGL_emulation: app_time_stats: avg=41.32ms min=3.60ms max=294.19ms count=27
08-27 02:24:45.406   386   494 D AudioFlinger: mixer(0x72f533996930) throttle end: throttle time(35)
08-27 02:24:45.411  2531  2547 D UiDevice: Retrieving node with selector: BySelector [TEXT='\QCategories\E', FOCUSED='true'].
08-27 02:24:45.424  2531  2547 D UiDevice: Node not found with selector: BySelector [TEXT='\QCategories\E', FOCUSED='true'].
08-27 02:24:45.526  2531  2547 D UiDevice: Retrieving node with selector: BySelector [TEXT='\QCategories\E', FOCUSED='true'].
08-27 02:24:45.554  2531  2547 D UiDevice: Node not found with selector: BySelector [TEXT='\QCategories\E', FOCUSED='true'].
08-27 02:24:45.566  2531  2547 D UiDevice: Pressing keycodes [20] with modifier 0.
08-27 02:24:45.572   327  2813 I resolv  : GetAddrInfoHandler::run: {100 983140 100 983140 1000 1}
08-27 02:24:45.576   327  2815 I resolv  : res_nmkquery: (QUERY, IN, A)
08-27 02:24:45.577   327  2814 I resolv  : res_nmkquery: (QUERY, IN, AAAA)
08-27 02:24:45.580   327  2815 I resolv  : res_nsend: used send_dg 98 terrno: 0
08-27 02:24:45.581   327  2815 I resolv  : doQuery: rcode=0, ancount=4, return value=98
08-27 02:24:45.582   327  2814 I resolv  : res_nsend: used send_dg 34 terrno: 0
08-27 02:24:45.582   327  2814 I resolv  : doQuery: rcode=0, ancount=0, return value=34
08-27 02:24:45.584   555   844 D TrafficStats: tagSocket(390) with statsTag=0xffffff41, statsUid=-1
08-27 02:24:45.594  2531  2547 D UiDevice: Pressing keycodes [23] with modifier 0.
08-27 02:24:45.628  2531  2547 D UiDevice: Pressing keycodes [20] with modifier 0.
08-27 02:24:45.659  2531  2547 D UiDevice: Pressing keycodes [20] with modifier 0.
08-27 02:24:45.760  2531  2547 D UiDevice: Pressing keycodes [20] with modifier 0.
08-27 02:24:45.945   386   494 D AudioFlinger: mixer(0x72f533996930) throttle end: throttle time(73)
08-27 02:24:45.958  2531  2547 D UiDevice: Pressing keycodes [20] with modifier 0.
08-27 02:24:45.999   555  1178 D WifiNl80211Manager: Scan result ready event
08-27 02:24:45.999   555  1178 D WifiNative: Scan result ready event
08-27 02:24:46.042  2531  2547 D UiDevice: Pressing keycodes [19] with modifier 0.
08-27 02:24:46.230  2531  2547 D UiDevice: Pressing keycodes [19] with modifier 0.
08-27 02:24:46.295  2531  2547 D UiDevice: Pressing keycodes [19] with modifier 0.
08-27 02:24:46.360  2531  2547 D UiDevice: Pressing keycodes [19] with modifier 0.
08-27 02:24:46.371  2661  2683 D EGL_emulation: app_time_stats: avg=31.86ms min=7.95ms max=104.11ms count=26
08-27 02:24:46.393  2531  2547 D UiDevice: Pressing keycodes [23] with modifier 0.
08-27 02:24:46.421  2661  2786 I Surface : Surface::setFrameRate is deprecated, setFrameRate hint is dropped as destination is not SurfaceFlinger
08-27 02:24:46.427  2661  2786 D MediaCodec: keep callback message for reclaim
08-27 02:24:46.430  2661  2795 I CCodecConfig: query failed after returning 12 values (BAD_INDEX)
08-27 02:24:46.430   345  2801 D SimpleC2Component: work form old generation: was 1 now 0
08-27 02:24:46.431  2661  2800 D CCodecBufferChannel: [c2.goldfish.h264.decoder#107] Ignoring stale input buffer done callback: last flush index = 48, frameIndex = 45
08-27 02:24:46.433  2661  2796 D CCodecBufferChannel: [c2.goldfish.h264.decoder#107] flushed work; ignored.
08-27 02:24:46.433  2661  2796 D CCodecBufferChannel: [c2.goldfish.h264.decoder#107] Discard frames from previous generation.
08-27 02:24:46.435  2661  2795 W Codec2Client: query -- param skipped: index = 1342179345.
08-27 02:24:46.436  2661  2795 W Codec2Client: query -- param skipped: index = 2415921170.
08-27 02:24:46.437  2661  2795 W Codec2Client: query -- param skipped: index = 1610614798.
08-27 02:24:46.438  2661  2804 D CCodecBuffers: [c2.android.aac.decoder#455:1D-Output.Impl[N]] Client returned a buffer it does not own according to our record: 0
08-27 02:24:46.438  2661  2804 D CCodecBuffers: [c2.android.aac.decoder#455:1D-Output.Impl[N]] Client returned a buffer it does not own according to our record: 1
08-27 02:24:46.439  2661  2786 D MediaCodec: keep callback message for reclaim
08-27 02:24:46.440  2661  2804 I CCodecConfig: query failed after returning 20 values (BAD_INDEX)
08-27 02:24:46.442  2531  2547 D UiDevice: Pressing keycodes [20] with modifier 0.
08-27 02:24:46.445  2661  2804 W Codec2Client: query -- param skipped: index = 1342179345.
08-27 02:24:46.446  2661  2804 W Codec2Client: query -- param skipped: index = 2415921170.
08-27 02:24:46.447  2661  2804 W Codec2Client: query -- param skipped: index = 1610614798.
08-27 02:24:46.450   327  2817 I resolv  : GetAddrInfoHandler::run: {100 100 100 983140 10141 0}
08-27 02:24:46.464   327  2819 I resolv  : res_nmkquery: (QUERY, IN, A)
08-27 02:24:46.464   327  2818 I resolv  : res_nmkquery: (QUERY, IN, AAAA)
08-27 02:24:46.465   327  2818 I resolv  : res_nsend: used send_dg 50 terrno: 0
08-27 02:24:46.466   327  2818 I resolv  : doQuery: rcode=0, ancount=0, return value=50
08-27 02:24:46.467   327  2819 I resolv  : res_nsend: used send_dg 66 terrno: 0
08-27 02:24:46.467   327  2819 I resolv  : doQuery: rcode=0, ancount=1, return value=66
08-27 02:24:46.468  2661  2788 D TrafficStats: tagSocket(157) with statsTag=0xffffffff, statsUid=-1
08-27 02:24:46.480  2531  2547 D UiDevice: Pressing keycodes [20] with modifier 0.
08-27 02:24:46.511  2531  2547 D UiDevice: Pressing keycodes [20] with modifier 0.
08-27 02:24:46.544  2531  2547 D UiDevice: Pressing keycodes [20] with modifier 0.
08-27 02:24:46.594   386   494 D audioserver: FGS Logger Transaction failed
08-27 02:24:46.594   386   494 D audioserver: -129
08-27 02:24:46.598  2531  2547 D UiDevice: Pressing keycodes [19] with modifier 0.
08-27 02:24:46.614   386   494 D audioserver: FGS Logger Transaction failed
08-27 02:24:46.615   386   494 D audioserver: -129
08-27 02:24:46.626  2531  2547 D UiDevice: Pressing keycodes [19] with modifier 0.
08-27 02:24:46.658  2531  2547 D UiDevice: Pressing keycodes [19] with modifier 0.
08-27 02:24:46.694  2531  2547 D UiDevice: Pressing keycodes [19] with modifier 0.
08-27 02:24:46.727  2531  2547 D Benchmark: Flushing ART profiles for com.google.jetstream
08-27 02:24:47.080  2661  2800 D CCodecBufferChannel: [c2.goldfish.h264.decoder#107] Ignoring stale input buffer done callback: last flush index = 48, frameIndex = 48
08-27 02:24:47.093   386   401 W AudioFlinger: createTrack_l(): mismatch between requested flags (00000008) and output flags (00000002)
08-27 02:24:47.095   386   401 D AudioFlinger: Client defaulted notificationFrames to 8024 for frameCount 16048
08-27 02:24:47.098   386   401 D AF::TrackHandle: OpPlayAudio: track:56 usage:1 not muted
08-27 02:24:47.123   555   808 W BestClock: java.time.DateTimeException: Missing network time fix
08-27 02:24:47.148   327   359 I netd    : tetherGetStats() -> {[]} <5.10ms>
08-27 02:24:47.155   555   808 W BestClock: java.time.DateTimeException: Missing network time fix
08-27 02:24:47.158   327   359 I netd    : bandwidthSetGlobalAlert(2097152) <0.07ms>
08-27 02:24:47.159   555   810 W BestClock: java.time.DateTimeException: Missing network time fix
08-27 02:24:47.159   555   810 W BestClock: java.time.DateTimeException: Missing network time fix
08-27 02:24:47.161   555   810 W BestClock: java.time.DateTimeException: Missing network time fix
08-27 02:24:47.162   327   359 I netd    : bandwidthRemoveInterfaceQuota(eth0) <0.57ms>
08-27 02:24:47.163   327   359 I netd    : bandwidthSetInterfaceQuota(eth0, 9223372036854775807) <0.56ms>
08-27 02:24:47.172   555   810 W BestClock: java.time.DateTimeException: Missing network time fix
08-27 02:24:47.183   555   810 W BestClock: java.time.DateTimeException: Missing network time fix
08-27 02:24:47.191   555   810 W BestClock: java.time.DateTimeException: Missing network time fix
08-27 02:24:47.379  2661  2786 I Surface : Surface::setFrameRate is deprecated, setFrameRate hint is dropped as destination is not SurfaceFlinger
08-27 02:24:47.381   386   401 D audioserver: FGS Logger Transaction failed
08-27 02:24:47.381   386   401 D audioserver: -129
08-27 02:24:47.388  2661  2786 D AudioTrack: getTimestamp_l(16): device stall time corrected using current time 143170763800
08-27 02:24:47.460  2661  2683 D EGL_emulation: app_time_stats: avg=31.01ms min=9.99ms max=337.17ms count=35
08-27 02:24:48.489  2661  2683 D EGL_emulation: app_time_stats: avg=40.88ms min=19.00ms max=62.92ms count=25
08-27 02:24:48.571   386   494 D AudioFlinger: mixer(0x72f533996930) throttle end: throttle time(9)
08-27 02:24:48.867   386   494 D AudioFlinger: mixer(0x72f533996930) throttle end: throttle time(4)
08-27 02:24:49.013  2661  2800 D BufferPoolAccessor2.0: bufferpool2 0x726a89e6fb18 : 5(31457280 size) total buffers - 5(31457280 size) used buffers - 102/108 (recycle/alloc) - 6/108 (fetch/transfer)
08-27 02:24:49.110   555   808 W BestClock: java.time.DateTimeException: Missing network time fix
08-27 02:24:49.123   327   359 I netd    : tetherGetStats() -> {[]} <0.50ms>
08-27 02:24:49.128   555   808 W BestClock: java.time.DateTimeException: Missing network time fix
08-27 02:24:49.134   327   359 I netd    : bandwidthSetGlobalAlert(2097152) <0.07ms>
08-27 02:24:49.524  2661  2683 D EGL_emulation: app_time_stats: avg=34.57ms min=3.15ms max=64.54ms count=29
08-27 02:24:49.849  2661  2804 D BufferPoolAccessor2.0: bufferpool2 0x726a89e81788 : 5(40960 size) total buffers - 1(8192 size) used buffers - 202/207 (recycle/alloc) - 5/205 (fetch/transfer)
08-27 02:24:49.856   555   921 D BufferPoolAccessor2.0: evictor expired: 6, evicted: 0
08-27 02:24:49.857   887  1240 D BufferPoolAccessor2.0: evictor expired: 3, evicted: 0
08-27 02:24:49.860   460  2805 D BufferPoolAccessor2.0: bufferpool2 0x792afe54c7b8 : 4(16384 size) total buffers - 1(4096 size) used buffers - 196/200 (recycle/alloc) - 5/199 (fetch/transfer)
08-27 02:24:50.070   386   494 D AF::Track: interceptBuffer: took 881us to intercept 0 tracks
08-27 02:24:50.561  2661  2683 D EGL_emulation: app_time_stats: avg=37.80ms min=2.57ms max=52.40ms count=27
08-27 02:24:50.606   555   844 D SntpClient: request time failed: java.net.SocketTimeoutException: Poll timed out
08-27 02:24:50.607   555   844 D TrafficStats: tagSocket(390) with statsTag=0xffffff41, statsUid=-1
08-27 02:24:50.627   555   808 W BestClock: java.time.DateTimeException: Missing network time fix
08-27 02:24:50.647   327   359 I netd    : tetherGetStats() -> {[]} <0.48ms>
08-27 02:24:50.652   555   808 W BestClock: java.time.DateTimeException: Missing network time fix
08-27 02:24:50.655   555   810 W BestClock: java.time.DateTimeException: Missing network time fix
08-27 02:24:50.656   327   359 I netd    : bandwidthSetGlobalAlert(2097152) <0.08ms>
08-27 02:24:50.656   555   810 W BestClock: java.time.DateTimeException: Missing network time fix
08-27 02:24:50.659   555   810 W BestClock: java.time.DateTimeException: Missing network time fix
08-27 02:24:50.660   327   359 I netd    : bandwidthRemoveInterfaceQuota(eth0) <0.80ms>
08-27 02:24:50.662   327   359 I netd    : bandwidthSetInterfaceQuota(eth0, 9223372036854775807) <0.51ms>
08-27 02:24:50.663   555   810 W BestClock: java.time.DateTimeException: Missing network time fix
08-27 02:24:50.667   555   810 W BestClock: java.time.DateTimeException: Missing network time fix
08-27 02:24:50.670   555   810 W BestClock: java.time.DateTimeException: Missing network time fix
08-27 02:24:51.595  2661  2683 D EGL_emulation: app_time_stats: avg=22.39ms min=6.03ms max=57.56ms count=45
08-27 02:24:51.728  2531  2547 D Benchmark: Profile Installer - Save Profile
08-27 02:24:51.847   555  1178 I ActivityManager: Broadcasting: Intent { act=androidx.profileinstaller.action.SAVE_PROFILE flg=0x400000 cmp=com.google.jetstream/androidx.profileinstaller.ProfileInstallReceiver }
08-27 02:24:51.852  2661  2661 I Process : Sending signal. PID: 2661 SIG: 10
08-27 02:24:51.852  2661  2661 D ProfileInstaller: 
08-27 02:24:51.852  2661  2664 I oogle.jetstream: Thread[2,tid=2664,WaitingInMainSignalCatcherLoop,Thread*=0x726959e0b200,peer=0x15400000,"Signal Catcher"]: reacting to signal 10
08-27 02:24:51.852  2661  2664 I oogle.jetstream: 
08-27 02:24:51.852  2661  2664 I oogle.jetstream: SIGUSR1 forcing GC (no HPROF) and profile save
08-27 02:24:51.852   555   586 I ActivityManager: Broadcast completed: result=12
08-27 02:24:51.876  2661  2664 I oogle.jetstream: Explicit concurrent copying GC freed 15412(687KB) AllocSpace objects, 3(48KB) LOS objects, 50% free, 22MB/45MB, paused 420us,61us total 23.970ms
08-27 02:24:52.097   555   808 W BestClock: java.time.DateTimeException: Missing network time fix
08-27 02:24:52.115   327   359 I netd    : tetherGetStats() -> {[]} <0.49ms>
08-27 02:24:52.120   555   808 W BestClock: java.time.DateTimeException: Missing network time fix
08-27 02:24:52.121   327   359 I netd    : bandwidthSetGlobalAlert(2097152) <0.09ms>
08-27 02:24:52.642  2661  2683 D EGL_emulation: app_time_stats: avg=38.67ms min=11.48ms max=91.06ms count=27
08-27 02:24:52.860  2531  2547 D Benchmark: Killing process com.google.jetstream
08-27 02:24:52.860  2531  2547 D UiDevice: Executing shell command: am force-stop com.google.jetstream
08-27 02:24:52.891   345  2801 E hw-IPCThreadState: *** BAD COMMAND 29202 received from Binder driver
08-27 02:24:52.891   345  2801 D C2BqBuffer: cannot dequeue buffer 0
08-27 02:24:52.891   345  2801 E C2GoldfishAvcDec: fetchGraphicBlock for Output failed with status 22
08-27 02:24:52.893   345  2801 E hw-IPCThreadState: *** BAD COMMAND 29202 received from Binder driver
08-27 02:24:52.894   345  2801 W Codec2-types: registerSender -- returned error: 4.
08-27 02:24:52.894   345  2801 E Codec2-types: Failed to send buffer with BufferPool. Error: 4.
08-27 02:24:52.894   345  2801 E Codec2-types: Invalid block data in C2ConstLinearBlock.
08-27 02:24:52.894   345  2801 E Codec2-types: Invalid C2BufferData::linearBlocks. (Destination index = 0.)
08-27 02:24:52.894   345  2801 E Codec2-types: Invalid C2Buffer::data.
08-27 02:24:52.894   345  2801 E Codec2-types: Invalid C2FrameData::buffers[0].
08-27 02:24:52.894   345  2801 E Codec2-types: Invalid C2Work::input.
08-27 02:24:52.894   345  2801 E Codec2-Component: Component::Listener::onWorkDone_nb -- received corrupted work items.
08-27 02:24:52.896   455  2401 I ResourceManagerMetrics: pushConcurrentUsageReport: Concurrent Codec Usage Report for the Process[pid(2661): uid(10141)] is Peak { AudioDec[ SW: 1 ] VideoDec[ SW: 1 ]  HW: 1 ] } Peak Pixels: 921600
08-27 02:24:52.924   390   390 I BpBinder: onLastStrongRef automatically unlinking death recipients: 
08-27 02:24:52.929   345   345 I Codec2-Component: Client died ! notify and release the component !!
08-27 02:24:52.951   328   328 I Zygote  : Process 2661 exited due to signal 9 (Killed)
08-27 02:24:52.955   345   345 I GoldfishComponentStore: in ~ComponentModule
08-27 02:24:52.955   455  2401 E mediaserver: unlinkToDeath: removed reference to death recipient but unlink failed: DEAD_OBJECT
08-27 02:24:52.955   455  2401 E IPCThreadState: attemptIncStrongHandle(3): Not supported
08-27 02:24:52.956   345   345 I GoldfishComponentStore: unloading dll
08-27 02:24:52.958   460  2806 D BufferPoolConnection: connection 1977441159069 closed on death
08-27 02:24:52.960   555  2499 W InputManager-JNI: Input channel object 'f02358 com.google.jetstream/com.google.jetstream.MainActivity (client)' was disposed without first being removed with the input manager!
08-27 02:24:52.961   455  2401 E mediaserver: unlinkToDeath: removed reference to death recipient but unlink failed: DEAD_OBJECT
08-27 02:24:52.962   455  2401 E IPCThreadState: attemptIncStrongHandle(2): Not supported
08-27 02:24:52.962   555   977 I ImeTracker: com.google.jetstream:e5f607da: onRequestHide at ORIGIN_SERVER_HIDE_INPUT reason HIDE_REMOVE_CLIENT
08-27 02:24:52.962   555   977 I ImeTracker: com.google.jetstream:e5f607da: onCancelled at PHASE_SERVER_SHOULD_HIDE
08-27 02:24:52.964   460   483 I Codec2-Component@1.2: Client died ! notify and release the component !!
08-27 02:24:52.966   460  2806 D BufferPoolAccessor2.0: Destruction - bufferpool2 0x792afe54c7b8 cached: 0/0M, 0/0% in use; allocs: 329, 99% recycled; transfers: 329, 98% unfetched
08-27 02:24:53.024  1107  1107 D CarrierSvcBindHelper: onHandleForceStop: [com.google.jetstream]
08-27 02:24:53.031  1107  1107 D CarrierSvcBindHelper: No carrier app for: 0
08-27 02:24:53.051  1150  1629 E OpenGLRenderer: Unable to match the desired swap behavior.
08-27 02:24:53.083  1546  1755 W MediaProvider: isAppCloneUserPair for user 0: false
08-27 02:24:53.129   386   494 D audioserver: FGS Logger Transaction failed
08-27 02:24:53.131   887   887 D StatusBarIconController: ignoring old pipeline callbacks, because the new mobile icons are enabled
08-27 02:24:53.131   386   494 D audioserver: -129
08-27 02:24:53.151   386   494 D audioserver: FGS Logger Transaction failed
08-27 02:24:53.151   386   494 D audioserver: -129
08-27 02:24:53.156   555  2835 I ImeTracker: com.android.launcher3:66a0abd4: onRequestHide at ORIGIN_SERVER_HIDE_INPUT reason HIDE_UNSPECIFIED_WINDOW
08-27 02:24:53.159   555  2835 I ImeTracker: com.android.launcher3:66a0abd4: onCancelled at PHASE_SERVER_SHOULD_HIDE
08-27 02:24:53.159  2592  2592 I artd    : Running profman: /apex/com.android.art/bin/art_exec --drop-capabilities --keep-fds=7:8:9 -- /apex/com.android.art/bin/profman --profile-file-fd=7 --reference-profile-file-fd=8 --apk-fd=9
08-27 02:24:53.159  2592  2592 I artd    : Opened FDs: 7:/data/misc/profiles/cur/0/com.google.jetstream/primary.prof 8:/data/misc/profiles/ref/com.google.jetstream/primary.prof.T336Az.tmp 9:/data/app/~~1og0BK07Ld9ygNlAy6ffhQ==/com.google.jetstream-YliBwmp2zFpeBa33ibE1Sg==/base.apk 
08-27 02:24:53.204  2592  2592 I artd    : profman returned code 1
08-27 02:24:53.214  2592  2592 I artd    : Running dex2oat: /apex/com.android.art/bin/art_exec --drop-capabilities --set-task-profile=Dex2OatBootComplete --set-priority=background --keep-fds=7:8:9:10:11:12:13 -- /apex/com.android.art/bin/dex2oat64 --zip-fd=7 --zip-location=/data/app/~~1og0BK07Ld9ygNlAy6ffhQ==/com.google.jetstream-YliBwmp2zFpeBa33ibE1Sg==/base.apk --oat-fd=8 --oat-location=/data/app/~~1og0BK07Ld9ygNlAy6ffhQ==/com.google.jetstream-YliBwmp2zFpeBa33ibE1Sg==/oat/x86_64/base.odex --output-vdex-fd=9 --app-image-fd=10 --image-format=lz4 --swap-fd=11 --class-loader-context=PCL[] --classpath-dir=/data/app/~~1og0BK07Ld9ygNlAy6ffhQ==/com.google.jetstream-YliBwmp2zFpeBa33ibE1Sg== --input-vdex-fd=12 --profile-file-fd=13 --instruction-set=x86_64 --instruction-set-features=default --instruction-set-variant=x86_64 --compiler-filter=speed-profile --compilation-reason=cmdline --compact-dex-level=none --max-image-block-size=524288 --resolve-startup-const-strings=true --generate-mini-debug-info --runtime-arg -Xtarget-sdk-version:35 --runtime-arg -Xhidden-api-policy:enabled --runtime-arg -Xms64m --runtime-arg -Xmx512m --comments=app-version-name:1.0,app-version-code:1,art-version:342090000
08-27 02:24:53.214  2592  2592 I artd    : Opened FDs: 7:/data/app/~~1og0BK07Ld9ygNlAy6ffhQ==/com.google.jetstream-YliBwmp2zFpeBa33ibE1Sg==/base.apk 8:/data/app/~~1og0BK07Ld9ygNlAy6ffhQ==/com.google.jetstream-YliBwmp2zFpeBa33ibE1Sg==/oat/x86_64/base.odex.TrmLZ3.tmp 9:/data/app/~~1og0BK07Ld9ygNlAy6ffhQ==/com.google.jetstream-YliBwmp2zFpeBa33ibE1Sg==/oat/x86_64/base.vdex.QgskQv.tmp 10:/data/app/~~1og0BK07Ld9ygNlAy6ffhQ==/com.google.jetstream-YliBwmp2zFpeBa33ibE1Sg==/oat/x86_64/base.art.G3HvLd.tmp 11:/data/app/~~1og0BK07Ld9ygNlAy6ffhQ==/com.google.jetstream-YliBwmp2zFpeBa33ibE1Sg==/oat/x86_64/base.odex.swap.vzJWnw.tmp 12:/data/app/~~1og0BK07Ld9ygNlAy6ffhQ==/com.google.jetstream-YliBwmp2zFpeBa33ibE1Sg==/oat/x86_64/base.vdex 13:/data/misc/profiles/ref/com.google.jetstream/primary.prof.T336Az.tmp 
08-27 02:24:53.268  2846  2846 W dex2oat64: Unexpected CPU variant for x86: x86_64.
08-27 02:24:53.268  2846  2846 W dex2oat64: Known variants: atom, sandybridge, silvermont, goldmont, goldmont-plus, tremont, kabylake, default
08-27 02:24:53.270  2846  2846 W dex2oat64: Mismatch between dex2oat instruction set features to use (ISA: X86_64 Feature string: -ssse3,-sse4.1,-sse4.2,-avx,-avx2,-popcnt) and those from CPP defines (ISA: X86_64 Feature string: ssse3,sse4.1,sse4.2,-avx,-avx2,popcnt) for the command line:
08-27 02:24:53.270  2846  2846 W dex2oat64: /apex/com.android.art/bin/dex2oat64 --zip-fd=7 --zip-location=/data/app/~~1og0BK07Ld9ygNlAy6ffhQ==/com.google.jetstream-YliBwmp2zFpeBa33ibE1Sg==/base.apk --oat-fd=8 --oat-location=/data/app/~~1og0BK07Ld9ygNlAy6ffhQ==/com.google.jetstream-YliBwmp2zFpeBa33ibE1Sg==/oat/x86_64/base.odex --output-vdex-fd=9 --app-image-fd=10 --image-format=lz4 --swap-fd=11 --class-loader-context=PCL[] --classpath-dir=/data/app/~~1og0BK07Ld9ygNlAy6ffhQ==/com.google.jetstream-YliBwmp2zFpeBa33ibE1Sg== --input-vdex-fd=12 --profile-file-fd=13 --instruction-set=x86_64 --instruction-set-features=default --instruction-set-variant=x86_64 --compiler-filter=speed-profile --compilation-reason=cmdline --compact-dex-level=none --max-image-block-size=524288 --resolve-startup-const-strings=true --generate-mini-debug-info --runtime-arg -Xtarget-sdk-version:35 --runtime-arg -Xhidden-api-policy:enabled --runtime-arg -Xms64m --runtime-arg -Xmx512m --comments=app-version-name:1.0,app-version-code:1,art-version:342090000
08-27 02:24:53.276  2846  2846 I dex2oat64: /apex/com.android.art/bin/dex2oat64 --output-vdex-fd=9 --class-loader-context=PCL[] --classpath-dir=/data/app/~~1og0BK07Ld9ygNlAy6ffhQ==/com.google.jetstream-YliBwmp2zFpeBa33ibE1Sg== --input-vdex-fd=12 --profile-file-fd=13 --compiler-filter=speed-profile --compilation-reason=cmdline --compact-dex-level=none --max-image-block-size=524288 --resolve-startup-const-strings=true --generate-mini-debug-info --comments=app-version-name:1.0,app-version-code:1,art-version:342090000
08-27 02:24:53.283  2846  2846 I dex2oat64: Using CollectorTypeCC GC.
08-27 02:24:53.364  2846  2846 I dex2oat64: Large app, accepted running with swap.
08-27 02:24:53.394   555  1178 I Process : Sending signal. PID: 2661 SIG: 9
08-27 02:24:53.459   390   390 E BpTransactionCompletedListener: Failed to transact (-32)
08-27 02:24:53.476   555  2849 W OpenGLRenderer: Failed to choose config with EGL_SWAP_BEHAVIOR_PRESERVED, retrying without...
08-27 02:24:53.477   555  2849 W OpenGLRenderer: Failed to initialize 101010-2 format, error = EGL_SUCCESS
08-27 02:24:55.615   555   844 D SntpClient: request time failed: java.net.SocketTimeoutException: Poll timed out
08-27 02:24:55.615   555   844 D TrafficStats: tagSocket(390) with statsTag=0xffffff41, statsUid=-1
08-27 02:24:55.966   333  2811 D android.hardware.audio@7.1-impl.ranchu: threadLoop: entering standby, frames: 509184
08-27 02:24:57.652   887   887 D StatusBarIconController: ignoring old pipeline callback because the new wifi icon is enabled
08-27 02:24:57.861   460   885 D BufferPoolAccessor2.0: evictor expired: 1, evicted: 0
08-27 02:24:59.883  2846  2846 I dex2oat64: Explicit concurrent copying GC freed 95117(14MB) AllocSpace objects, 0(0B) LOS objects, 49% free, 1543KB/3087KB, paused 490us,52us total 14.282ms
08-27 02:25:00.037   887   959 D EGL_emulation: app_time_stats: avg=36892.77ms min=36892.77ms max=36892.77ms count=1
08-27 02:25:00.221  2846  2846 I dex2oat64: dex2oat took 6.954s (12.397s cpu) (threads: 2) arena alloc=6651KB (6810912B) java alloc=1543KB (1580832B) native alloc=7509KB (7689440B) free=9536KB (9764912B) swap=16MB (16777216B)
08-27 02:25:00.232  2592  2592 I artd    : dex2oat returned code 0
08-27 02:25:00.234   555   978 I ArtService: Dexopt result: [packageName = com.google.jetstream] DexContainerFileDexoptResult{dexContainerFile=/data/app/~~1og0BK07Ld9ygNlAy6ffhQ==/com.google.jetstream-YliBwmp2zFpeBa33ibE1Sg==/base.apk, primaryAbi=true, abi=x86_64, actualCompilerFilter=speed-profile, status=PERFORMED, dex2oatWallTimeMillis=7023, dex2oatCpuTimeMillis=12420, sizeBytes=10792248, sizeBeforeBytes=850984}
08-27 02:25:00.270  1546  2309 W MediaProvider: isAppCloneUserPair for user 0: false
08-27 02:25:00.309  2592  2592 I artd    : Running profman: /apex/com.android.art/bin/art_exec --drop-capabilities --keep-fds=7:8 -- /apex/com.android.art/bin/profman --reference-profile-file-fd=7 --apk-fd=8
08-27 02:25:00.309  2592  2592 I artd    : Opened FDs: 7:/data/misc/profiles/ref/com.google.jetstream/primary.prof 8:/data/app/~~1og0BK07Ld9ygNlAy6ffhQ==/com.google.jetstream-YliBwmp2zFpeBa33ibE1Sg==/base.apk 
08-27 02:25:00.332  2592  2592 I artd    : profman returned code 2
08-27 02:25:00.333  2592  2592 I artd    : Running profman: /apex/com.android.art/bin/art_exec --drop-capabilities --keep-fds=7:8:9 -- /apex/com.android.art/bin/profman --profile-file-fd=7 --dump-output-to-fd=8 --apk-fd=9 --dump-classes-and-methods
