08-27 02:25:43.117  2531  2547 W ByMatcher: Skipping null child (1 of 7)
08-27 02:25:43.119  2531  2547 W ByMatcher: Skipping null child (2 of 7)
08-27 02:25:43.121  2531  2547 W ByMatcher: Node returned null child: android.view.accessibility.AccessibilityNodeInfo@8d00; boundsInParent: Rect(0, 0 - 0, 0); boundsInScreen: Rect(0, 617 - 1920, 1080); boundsInWindow: Rect(0, 617 - 1920, 1080); packageName: com.google.jetstream; className: android.view.View; text: null; error: null; maxTextLength: -1; stateDescription: null; contentDescription: null; tooltipText: null; containerTitle: null; viewIdResName: null; uniqueId: null; checkable: false; checked: false; focusable: false; focused: false; selected: false; clickable: false; longClickable: false; contextClickable: false; enabled: true; password: false; scrollable: true; importantForAccessibility: true; visible: true; actions: [AccessibilityAction: ACTION_SCROLL_RIGHT - null, AccessibilityAction: ACTION_ACCESSIBILITY_FOCUS - null, AccessibilityAction: ACTION_SCROLL_FORWARD - null]; isTextSelectable: false
08-27 02:25:43.121  2531  2547 W ByMatcher: Skipping null child (1 of 12)
08-27 02:25:43.123  2531  2547 W ByMatcher: Skipping null child (3 of 12)
08-27 02:25:43.128  2531  2547 W ByMatcher: Skipping null child (5 of 12)
08-27 02:25:43.132  2531  2547 W ByMatcher: Skipping null child (7 of 12)
08-27 02:25:43.133  2531  2547 W ByMatcher: Skipping null child (9 of 12)
08-27 02:25:43.134  2531  2547 W ByMatcher: Skipping null child (11 of 12)
08-27 02:25:43.136   887   959 D EGL_emulation: app_time_stats: avg=40003.58ms min=40003.58ms max=40003.58ms count=1
08-27 02:25:43.138  2531  2547 W ByMatcher: Node returned null child: android.view.accessibility.AccessibilityNodeInfo@bf7f; boundsInParent: Rect(0, 0 - 0, 0); boundsInScreen: Rect(132, 48 - 1788, 449); boundsInWindow: Rect(132, 48 - 1788, 449); packageName: com.google.jetstream; className: android.view.View; text: null; error: null; maxTextLength: -1; stateDescription: null; contentDescription: Movies Carousel; tooltipText: null; containerTitle: null; viewIdResName: null; uniqueId: null; checkable: false; checked: false; focusable: true; focused: true; selected: false; clickable: false; longClickable: false; contextClickable: false; enabled: true; password: false; scrollable: true; importantForAccessibility: true; visible: true; actions: [AccessibilityAction: ACTION_CLEAR_FOCUS - null, AccessibilityAction: ACTION_NEXT_AT_MOVEMENT_GRANULARITY - null, AccessibilityAction: ACTION_PREVIOUS_AT_MOVEMENT_GRANULARITY - null, AccessibilityAction: ACTION_SCROLL_LEFT - null, AccessibilityAction: ACTION_SCROLL_RIGHT - null, AccessibilityAction: ACTION_ACCESSIBILITY_FOCUS - null, AccessibilityAction: ACTION_SET_SELECTION - null, AccessibilityAction: ACTION_SCROLL_FORWARD - null, AccessibilityAction: ACTION_SCROLL_BACKWARD - null]; isTextSelectable: false
08-27 02:25:43.139  2531  2547 W ByMatcher: Skipping null child (1 of 7)
08-27 02:25:43.143  2531  2547 W ByMatcher: Skipping null child (2 of 7)
08-27 02:25:43.146  2531  2547 W ByMatcher: Node returned null child: android.view.accessibility.AccessibilityNodeInfo@8d00; boundsInParent: Rect(0, 0 - 0, 0); boundsInScreen: Rect(0, 617 - 1920, 1080); boundsInWindow: Rect(0, 617 - 1920, 1080); packageName: com.google.jetstream; className: android.view.View; text: null; error: null; maxTextLength: -1; stateDescription: null; contentDescription: null; tooltipText: null; containerTitle: null; viewIdResName: null; uniqueId: null; checkable: false; checked: false; focusable: false; focused: false; selected: false; clickable: false; longClickable: false; contextClickable: false; enabled: true; password: false; scrollable: true; importantForAccessibility: true; visible: true; actions: [AccessibilityAction: ACTION_SCROLL_RIGHT - null, AccessibilityAction: ACTION_ACCESSIBILITY_FOCUS - null, AccessibilityAction: ACTION_SCROLL_FORWARD - null]; isTextSelectable: false
08-27 02:25:43.146  2531  2547 W ByMatcher: Skipping null child (1 of 12)
08-27 02:25:43.148  2531  2547 W ByMatcher: Skipping null child (3 of 12)
08-27 02:25:43.149  2531  2547 W ByMatcher: Skipping null child (5 of 12)
08-27 02:25:43.151  2531  2547 W ByMatcher: Skipping null child (7 of 12)
08-27 02:25:43.152  2531  2547 W ByMatcher: Skipping null child (9 of 12)
08-27 02:25:43.153  2531  2547 W ByMatcher: Skipping null child (11 of 12)
08-27 02:25:43.156  2531  2547 D UiDevice: Node not found with selector: BySelector [TEXT='\QMovies\E', FOCUSED='true'].
08-27 02:25:43.257  2531  2547 D UiDevice: Retrieving node with selector: BySelector [TEXT='\QMovies\E', FOCUSED='true'].
08-27 02:25:43.376  3095  3114 D EGL_emulation: app_time_stats: avg=14.64ms min=1.50ms max=36.99ms count=58
08-27 02:25:43.622  2531  2547 W ByMatcher: Node returned null child: android.view.accessibility.AccessibilityNodeInfo@bf7f; boundsInParent: Rect(0, 0 - 0, 0); boundsInScreen: Rect(132, 48 - 1788, 449); boundsInWindow: Rect(132, 48 - 1788, 449); packageName: com.google.jetstream; className: android.view.View; text: null; error: null; maxTextLength: -1; stateDescription: null; contentDescription: Movies Carousel; tooltipText: null; containerTitle: null; viewIdResName: null; uniqueId: null; checkable: false; checked: false; focusable: true; focused: true; selected: false; clickable: false; longClickable: false; contextClickable: false; enabled: true; password: false; scrollable: true; importantForAccessibility: true; visible: true; actions: [AccessibilityAction: ACTION_CLEAR_FOCUS - null, AccessibilityAction: ACTION_NEXT_AT_MOVEMENT_GRANULARITY - null, AccessibilityAction: ACTION_PREVIOUS_AT_MOVEMENT_GRANULARITY - null, AccessibilityAction: ACTION_SCROLL_LEFT - null, AccessibilityAction: ACTION_SCROLL_RIGHT - null, AccessibilityAction: ACTION_ACCESSIBILITY_FOCUS - null, AccessibilityAction: ACTION_SET_SELECTION - null, AccessibilityAction: ACTION_SCROLL_FORWARD - null, AccessibilityAction: ACTION_SCROLL_BACKWARD - null]; isTextSelectable: false
08-27 02:25:43.622  2531  2547 W ByMatcher: Skipping null child (1 of 7)
08-27 02:25:43.626  2531  2547 W ByMatcher: Skipping null child (2 of 7)
08-27 02:25:43.630  2531  2547 W ByMatcher: Node returned null child: android.view.accessibility.AccessibilityNodeInfo@8d00; boundsInParent: Rect(0, 0 - 0, 0); boundsInScreen: Rect(0, 617 - 1920, 1080); boundsInWindow: Rect(0, 617 - 1920, 1080); packageName: com.google.jetstream; className: android.view.View; text: null; error: null; maxTextLength: -1; stateDescription: null; contentDescription: null; tooltipText: null; containerTitle: null; viewIdResName: null; uniqueId: null; checkable: false; checked: false; focusable: false; focused: false; selected: false; clickable: false; longClickable: false; contextClickable: false; enabled: true; password: false; scrollable: true; importantForAccessibility: true; visible: true; actions: [AccessibilityAction: ACTION_SCROLL_RIGHT - null, AccessibilityAction: ACTION_ACCESSIBILITY_FOCUS - null, AccessibilityAction: ACTION_SCROLL_FORWARD - null]; isTextSelectable: false
08-27 02:25:43.631  2531  2547 W ByMatcher: Skipping null child (1 of 12)
08-27 02:25:43.633  2531  2547 W ByMatcher: Skipping null child (3 of 12)
08-27 02:25:43.635  2531  2547 W ByMatcher: Skipping null child (5 of 12)
08-27 02:25:43.636  2531  2547 W ByMatcher: Skipping null child (7 of 12)
08-27 02:25:43.637  2531  2547 W ByMatcher: Skipping null child (9 of 12)
08-27 02:25:43.638  2531  2547 W ByMatcher: Skipping null child (11 of 12)
08-27 02:25:43.644  2531  2547 W ByMatcher: Node returned null child: android.view.accessibility.AccessibilityNodeInfo@bf7f; boundsInParent: Rect(0, 0 - 0, 0); boundsInScreen: Rect(132, 48 - 1788, 449); boundsInWindow: Rect(132, 48 - 1788, 449); packageName: com.google.jetstream; className: android.view.View; text: null; error: null; maxTextLength: -1; stateDescription: null; contentDescription: Movies Carousel; tooltipText: null; containerTitle: null; viewIdResName: null; uniqueId: null; checkable: false; checked: false; focusable: true; focused: true; selected: false; clickable: false; longClickable: false; contextClickable: false; enabled: true; password: false; scrollable: true; importantForAccessibility: true; visible: true; actions: [AccessibilityAction: ACTION_CLEAR_FOCUS - null, AccessibilityAction: ACTION_NEXT_AT_MOVEMENT_GRANULARITY - null, AccessibilityAction: ACTION_PREVIOUS_AT_MOVEMENT_GRANULARITY - null, AccessibilityAction: ACTION_SCROLL_LEFT - null, AccessibilityAction: ACTION_SCROLL_RIGHT - null, AccessibilityAction: ACTION_ACCESSIBILITY_FOCUS - null, AccessibilityAction: ACTION_SET_SELECTION - null, AccessibilityAction: ACTION_SCROLL_FORWARD - null, AccessibilityAction: ACTION_SCROLL_BACKWARD - null]; isTextSelectable: false
08-27 02:25:43.645  2531  2547 W ByMatcher: Skipping null child (1 of 7)
08-27 02:25:43.646  2531  2547 W ByMatcher: Skipping null child (2 of 7)
08-27 02:25:43.648  2531  2547 W ByMatcher: Node returned null child: android.view.accessibility.AccessibilityNodeInfo@8d00; boundsInParent: Rect(0, 0 - 0, 0); boundsInScreen: Rect(0, 617 - 1920, 1080); boundsInWindow: Rect(0, 617 - 1920, 1080); packageName: com.google.jetstream; className: android.view.View; text: null; error: null; maxTextLength: -1; stateDescription: null; contentDescription: null; tooltipText: null; containerTitle: null; viewIdResName: null; uniqueId: null; checkable: false; checked: false; focusable: false; focused: false; selected: false; clickable: false; longClickable: false; contextClickable: false; enabled: true; password: false; scrollable: true; importantForAccessibility: true; visible: true; actions: [AccessibilityAction: ACTION_SCROLL_RIGHT - null, AccessibilityAction: ACTION_ACCESSIBILITY_FOCUS - null, AccessibilityAction: ACTION_SCROLL_FORWARD - null]; isTextSelectable: false
08-27 02:25:43.648  2531  2547 W ByMatcher: Skipping null child (1 of 12)
08-27 02:25:43.649  2531  2547 W ByMatcher: Skipping null child (3 of 12)
08-27 02:25:43.650  2531  2547 W ByMatcher: Skipping null child (5 of 12)
08-27 02:25:43.652  2531  2547 W ByMatcher: Skipping null child (7 of 12)
08-27 02:25:43.653  2531  2547 W ByMatcher: Skipping null child (9 of 12)
08-27 02:25:43.654  2531  2547 W ByMatcher: Skipping null child (11 of 12)
08-27 02:25:43.656  2531  2547 D UiDevice: Node not found with selector: BySelector [TEXT='\QMovies\E', FOCUSED='true'].
08-27 02:25:43.757  2531  2547 D UiDevice: Retrieving node with selector: BySelector [TEXT='\QMovies\E', FOCUSED='true'].
08-27 02:25:43.765  2531  2547 W ByMatcher: Node returned null child: android.view.accessibility.AccessibilityNodeInfo@bf7f; boundsInParent: Rect(0, 0 - 0, 0); boundsInScreen: Rect(132, 48 - 1788, 449); boundsInWindow: Rect(132, 48 - 1788, 449); packageName: com.google.jetstream; className: android.view.View; text: null; error: null; maxTextLength: -1; stateDescription: null; contentDescription: Movies Carousel; tooltipText: null; containerTitle: null; viewIdResName: null; uniqueId: null; checkable: false; checked: false; focusable: true; focused: true; selected: false; clickable: false; longClickable: false; contextClickable: false; enabled: true; password: false; scrollable: true; importantForAccessibility: true; visible: true; actions: [AccessibilityAction: ACTION_CLEAR_FOCUS - null, AccessibilityAction: ACTION_NEXT_AT_MOVEMENT_GRANULARITY - null, AccessibilityAction: ACTION_PREVIOUS_AT_MOVEMENT_GRANULARITY - null, AccessibilityAction: ACTION_SCROLL_LEFT - null, AccessibilityAction: ACTION_SCROLL_RIGHT - null, AccessibilityAction: ACTION_ACCESSIBILITY_FOCUS - null, AccessibilityAction: ACTION_SET_SELECTION - null, AccessibilityAction: ACTION_SCROLL_FORWARD - null, AccessibilityAction: ACTION_SCROLL_BACKWARD - null]; isTextSelectable: false
08-27 02:25:43.765  2531  2547 W ByMatcher: Skipping null child (1 of 7)
08-27 02:25:43.766  2531  2547 W ByMatcher: Skipping null child (2 of 7)
08-27 02:25:43.768  2531  2547 W ByMatcher: Node returned null child: android.view.accessibility.AccessibilityNodeInfo@8d00; boundsInParent: Rect(0, 0 - 0, 0); boundsInScreen: Rect(0, 617 - 1920, 1080); boundsInWindow: Rect(0, 617 - 1920, 1080); packageName: com.google.jetstream; className: android.view.View; text: null; error: null; maxTextLength: -1; stateDescription: null; contentDescription: null; tooltipText: null; containerTitle: null; viewIdResName: null; uniqueId: null; checkable: false; checked: false; focusable: false; focused: false; selected: false; clickable: false; longClickable: false; contextClickable: false; enabled: true; password: false; scrollable: true; importantForAccessibility: true; visible: true; actions: [AccessibilityAction: ACTION_SCROLL_RIGHT - null, AccessibilityAction: ACTION_ACCESSIBILITY_FOCUS - null, AccessibilityAction: ACTION_SCROLL_FORWARD - null]; isTextSelectable: false
08-27 02:25:43.768  2531  2547 W ByMatcher: Skipping null child (1 of 12)
08-27 02:25:43.770  2531  2547 W ByMatcher: Skipping null child (3 of 12)
08-27 02:25:43.771  2531  2547 W ByMatcher: Skipping null child (5 of 12)
08-27 02:25:43.772  2531  2547 W ByMatcher: Skipping null child (7 of 12)
08-27 02:25:43.774  2531  2547 W ByMatcher: Skipping null child (9 of 12)
08-27 02:25:43.778  2531  2547 W ByMatcher: Skipping null child (11 of 12)
08-27 02:25:43.782  2531  2547 W ByMatcher: Node returned null child: android.view.accessibility.AccessibilityNodeInfo@bf7f; boundsInParent: Rect(0, 0 - 0, 0); boundsInScreen: Rect(132, 48 - 1788, 449); boundsInWindow: Rect(132, 48 - 1788, 449); packageName: com.google.jetstream; className: android.view.View; text: null; error: null; maxTextLength: -1; stateDescription: null; contentDescription: Movies Carousel; tooltipText: null; containerTitle: null; viewIdResName: null; uniqueId: null; checkable: false; checked: false; focusable: true; focused: true; selected: false; clickable: false; longClickable: false; contextClickable: false; enabled: true; password: false; scrollable: true; importantForAccessibility: true; visible: true; actions: [AccessibilityAction: ACTION_CLEAR_FOCUS - null, AccessibilityAction: ACTION_NEXT_AT_MOVEMENT_GRANULARITY - null, AccessibilityAction: ACTION_PREVIOUS_AT_MOVEMENT_GRANULARITY - null, AccessibilityAction: ACTION_SCROLL_LEFT - null, AccessibilityAction: ACTION_SCROLL_RIGHT - null, AccessibilityAction: ACTION_ACCESSIBILITY_FOCUS - null, AccessibilityAction: ACTION_SET_SELECTION - null, AccessibilityAction: ACTION_SCROLL_FORWARD - null, AccessibilityAction: ACTION_SCROLL_BACKWARD - null]; isTextSelectable: false
08-27 02:25:43.782  2531  2547 W ByMatcher: Skipping null child (1 of 7)
08-27 02:25:43.783  2531  2547 W ByMatcher: Skipping null child (2 of 7)
08-27 02:25:43.785  2531  2547 W ByMatcher: Node returned null child: android.view.accessibility.AccessibilityNodeInfo@8d00; boundsInParent: Rect(0, 0 - 0, 0); boundsInScreen: Rect(0, 617 - 1920, 1080); boundsInWindow: Rect(0, 617 - 1920, 1080); packageName: com.google.jetstream; className: android.view.View; text: null; error: null; maxTextLength: -1; stateDescription: null; contentDescription: null; tooltipText: null; containerTitle: null; viewIdResName: null; uniqueId: null; checkable: false; checked: false; focusable: false; focused: false; selected: false; clickable: false; longClickable: false; contextClickable: false; enabled: true; password: false; scrollable: true; importantForAccessibility: true; visible: true; actions: [AccessibilityAction: ACTION_SCROLL_RIGHT - null, AccessibilityAction: ACTION_ACCESSIBILITY_FOCUS - null, AccessibilityAction: ACTION_SCROLL_FORWARD - null]; isTextSelectable: false
08-27 02:25:43.785  2531  2547 W ByMatcher: Skipping null child (1 of 12)
08-27 02:25:43.787  2531  2547 W ByMatcher: Skipping null child (3 of 12)
08-27 02:25:43.788  2531  2547 W ByMatcher: Skipping null child (5 of 12)
08-27 02:25:43.789  2531  2547 W ByMatcher: Skipping null child (7 of 12)
08-27 02:25:43.793  2531  2547 W ByMatcher: Skipping null child (9 of 12)
08-27 02:25:43.794  2531  2547 W ByMatcher: Skipping null child (11 of 12)
08-27 02:25:43.796  2531  2547 D UiDevice: Node not found with selector: BySelector [TEXT='\QMovies\E', FOCUSED='true'].
08-27 02:25:43.797  2531  2547 D UiDevice: Pressing keycodes [20] with modifier 0.
08-27 02:25:43.828  2531  2547 D UiDevice: Pressing keycodes [22] with modifier 0.
08-27 02:25:43.860  2531  2547 D UiDevice: Pressing keycodes [22] with modifier 0.
08-27 02:25:43.873  3095  3172 D ProfileInstaller: Skipping profile installation for com.google.jetstream
08-27 02:25:43.893  2531  2547 D UiDevice: Pressing keycodes [22] with modifier 0.
08-27 02:25:43.927  2531  2547 D UiDevice: Pressing keycodes [22] with modifier 0.
08-27 02:25:43.960  2531  2547 D UiDevice: Pressing keycodes [21] with modifier 0.
08-27 02:25:43.993  2531  2547 D UiDevice: Pressing keycodes [21] with modifier 0.
08-27 02:25:44.027  2531  2547 D UiDevice: Pressing keycodes [21] with modifier 0.
08-27 02:25:44.079  2531  2547 D UiDevice: Pressing keycodes [21] with modifier 0.
08-27 02:25:44.111  2531  2547 D UiDevice: Pressing keycodes [20] with modifier 0.
08-27 02:25:44.144  2531  2547 D UiDevice: Pressing keycodes [22] with modifier 0.
08-27 02:25:44.177  2531  2547 D UiDevice: Pressing keycodes [22] with modifier 0.
08-27 02:25:44.210  2531  2547 D UiDevice: Pressing keycodes [22] with modifier 0.
08-27 02:25:44.243  2531  2547 D UiDevice: Pressing keycodes [22] with modifier 0.
08-27 02:25:44.277  2531  2547 D UiDevice: Pressing keycodes [21] with modifier 0.
08-27 02:25:44.309  2531  2547 D UiDevice: Pressing keycodes [21] with modifier 0.
08-27 02:25:44.343  2531  2547 D UiDevice: Pressing keycodes [21] with modifier 0.
08-27 02:25:44.376  2531  2547 D UiDevice: Pressing keycodes [21] with modifier 0.
08-27 02:25:44.383  3095  3114 D EGL_emulation: app_time_stats: avg=18.23ms min=11.51ms max=49.79ms count=55
08-27 02:25:44.413  2531  2547 D UiDevice: Pressing keycodes [19] with modifier 0.
08-27 02:25:44.443  2531  2547 D UiDevice: Pressing keycodes [22] with modifier 0.
08-27 02:25:44.477  2531  2547 D UiDevice: Pressing keycodes [19] with modifier 0.
08-27 02:25:44.510  2531  2547 D UiDevice: Pressing keycodes [22] with modifier 0.
08-27 02:25:44.544  2531  2547 D UiDevice: Waiting 1000ms for SearchCondition[findObject=BySelector [TEXT='\QShows\E', FOCUSED='true']].
08-27 02:25:44.544  2531  2547 D UiDevice: Retrieving node with selector: BySelector [TEXT='\QShows\E', FOCUSED='true'].
08-27 02:25:44.660  2531  2547 W ByMatcher: Node returned null child: android.view.accessibility.AccessibilityNodeInfo@cb3e; boundsInParent: Rect(0, 0 - 0, 0); boundsInScreen: Rect(132, 48 - 1788, 434); boundsInWindow: Rect(132, 48 - 1788, 434); packageName: com.google.jetstream; className: android.view.View; text: null; error: null; maxTextLength: -1; stateDescription: null; contentDescription: Movies Carousel; tooltipText: null; containerTitle: null; viewIdResName: null; uniqueId: null; checkable: false; checked: false; focusable: true; focused: true; selected: false; clickable: false; longClickable: false; contextClickable: false; enabled: true; password: false; scrollable: true; importantForAccessibility: true; visible: true; actions: [AccessibilityAction: ACTION_CLEAR_FOCUS - null, AccessibilityAction: ACTION_NEXT_AT_MOVEMENT_GRANULARITY - null, AccessibilityAction: ACTION_PREVIOUS_AT_MOVEMENT_GRANULARITY - null, AccessibilityAction: ACTION_SCROLL_LEFT - null, AccessibilityAction: ACTION_SCROLL_RIGHT - null, AccessibilityAction: ACTION_ACCESSIBILITY_FOCUS - null, AccessibilityAction: ACTION_SET_SELECTION - null, AccessibilityAction: ACTION_SCROLL_FORWARD - null, AccessibilityAction: ACTION_SCROLL_BACKWARD - null]; isTextSelectable: false
08-27 02:25:44.660  2531  2547 W ByMatcher: Skipping null child (1 of 7)
08-27 02:25:44.677  2531  2547 W ByMatcher: Skipping null child (2 of 7)
08-27 02:25:44.947  2531  2547 D UiDevice: Node not found with selector: BySelector [TEXT='\QShows\E', FOCUSED='true'].
08-27 02:25:45.048  2531  2547 D UiDevice: Retrieving node with selector: BySelector [TEXT='\QShows\E', FOCUSED='true'].
08-27 02:25:45.063  2531  2547 D UiDevice: Node not found with selector: BySelector [TEXT='\QShows\E', FOCUSED='true'].
08-27 02:25:45.173  2531  2547 D UiDevice: Retrieving node with selector: BySelector [TEXT='\QShows\E', FOCUSED='true'].
08-27 02:25:45.197  2531  2547 D UiDevice: Node not found with selector: BySelector [TEXT='\QShows\E', FOCUSED='true'].
08-27 02:25:45.302  2531  2547 D UiDevice: Retrieving node with selector: BySelector [TEXT='\QShows\E', FOCUSED='true'].
08-27 02:25:45.346  2531  2547 D UiDevice: Node not found with selector: BySelector [TEXT='\QShows\E', FOCUSED='true'].
08-27 02:25:45.394  3095  3114 D EGL_emulation: app_time_stats: avg=16.76ms min=6.50ms max=42.76ms count=60
08-27 02:25:45.448  2531  2547 D UiDevice: Retrieving node with selector: BySelector [TEXT='\QShows\E', FOCUSED='true'].
08-27 02:25:45.463  2531  2547 D UiDevice: Node not found with selector: BySelector [TEXT='\QShows\E', FOCUSED='true'].
08-27 02:25:45.564  2531  2547 D UiDevice: Retrieving node with selector: BySelector [TEXT='\QShows\E', FOCUSED='true'].
08-27 02:25:45.582  2531  2547 D UiDevice: Node not found with selector: BySelector [TEXT='\QShows\E', FOCUSED='true'].
08-27 02:25:45.584  2531  2547 D UiDevice: Pressing keycodes [20] with modifier 0.
08-27 02:25:45.611  2531  2547 D UiDevice: Pressing keycodes [22] with modifier 0.
08-27 02:25:45.647  2531  2547 D UiDevice: Pressing keycodes [22] with modifier 0.
08-27 02:25:45.678  2531  2547 D UiDevice: Pressing keycodes [22] with modifier 0.
08-27 02:25:45.708  2531  2547 D UiDevice: Pressing keycodes [22] with modifier 0.
08-27 02:25:45.747  2531  2547 D UiDevice: Pressing keycodes [21] with modifier 0.
08-27 02:25:45.776  2531  2547 D UiDevice: Pressing keycodes [21] with modifier 0.
08-27 02:25:45.810  2531  2547 D UiDevice: Pressing keycodes [21] with modifier 0.
08-27 02:25:45.843  2531  2547 D UiDevice: Pressing keycodes [21] with modifier 0.
08-27 02:25:45.877  2531  2547 D UiDevice: Pressing keycodes [20] with modifier 0.
08-27 02:25:45.909  2531  2547 D UiDevice: Pressing keycodes [22] with modifier 0.
08-27 02:25:45.942  2531  2547 D UiDevice: Pressing keycodes [22] with modifier 0.
08-27 02:25:45.978  2531  2547 D UiDevice: Pressing keycodes [22] with modifier 0.
08-27 02:25:46.010  2531  2547 D UiDevice: Pressing keycodes [22] with modifier 0.
08-27 02:25:46.050  2531  2547 D UiDevice: Pressing keycodes [21] with modifier 0.
08-27 02:25:46.076  2531  2547 D UiDevice: Pressing keycodes [21] with modifier 0.
08-27 02:25:46.109  2531  2547 D UiDevice: Pressing keycodes [21] with modifier 0.
08-27 02:25:46.143  2531  2547 D UiDevice: Pressing keycodes [21] with modifier 0.
08-27 02:25:46.176  2531  2547 D UiDevice: Pressing keycodes [19] with modifier 0.
08-27 02:25:46.210  2531  2547 D UiDevice: Pressing keycodes [19] with modifier 0.
08-27 02:25:46.244  2531  2547 D UiDevice: Pressing keycodes [22] with modifier 0.
08-27 02:25:46.276  2531  2547 D UiDevice: Waiting 1000ms for SearchCondition[findObject=BySelector [TEXT='\QFavourites\E', FOCUSED='true']].
08-27 02:25:46.276  2531  2547 D UiDevice: Retrieving node with selector: BySelector [TEXT='\QFavourites\E', FOCUSED='true'].
08-27 02:25:46.304  2531  2547 D UiDevice: Node not found with selector: BySelector [TEXT='\QFavourites\E', FOCUSED='true'].
08-27 02:25:46.395  3095  3114 D EGL_emulation: app_time_stats: avg=17.45ms min=10.31ms max=49.84ms count=57
08-27 02:25:46.405  2531  2547 D UiDevice: Retrieving node with selector: BySelector [TEXT='\QFavourites\E', FOCUSED='true'].
08-27 02:25:46.432  2531  2547 D UiDevice: Node not found with selector: BySelector [TEXT='\QFavourites\E', FOCUSED='true'].
08-27 02:25:46.534  2531  2547 D UiDevice: Retrieving node with selector: BySelector [TEXT='\QFavourites\E', FOCUSED='true'].
08-27 02:25:46.705  2531  2547 D UiDevice: Node not found with selector: BySelector [TEXT='\QFavourites\E', FOCUSED='true'].
08-27 02:25:46.806  2531  2547 D UiDevice: Retrieving node with selector: BySelector [TEXT='\QFavourites\E', FOCUSED='true'].
08-27 02:25:46.821  2531  2547 D UiDevice: Node not found with selector: BySelector [TEXT='\QFavourites\E', FOCUSED='true'].
08-27 02:25:46.921  2531  2547 D UiDevice: Retrieving node with selector: BySelector [TEXT='\QFavourites\E', FOCUSED='true'].
08-27 02:25:46.933  2531  2547 D UiDevice: Node not found with selector: BySelector [TEXT='\QFavourites\E', FOCUSED='true'].
08-27 02:25:47.035  2531  2547 D UiDevice: Retrieving node with selector: BySelector [TEXT='\QFavourites\E', FOCUSED='true'].
08-27 02:25:47.047  2531  2547 D UiDevice: Node not found with selector: BySelector [TEXT='\QFavourites\E', FOCUSED='true'].
08-27 02:25:47.148  2531  2547 D UiDevice: Retrieving node with selector: BySelector [TEXT='\QFavourites\E', FOCUSED='true'].
08-27 02:25:47.159  2531  2547 D UiDevice: Node not found with selector: BySelector [TEXT='\QFavourites\E', FOCUSED='true'].
08-27 02:25:47.261  2531  2547 D UiDevice: Retrieving node with selector: BySelector [TEXT='\QFavourites\E', FOCUSED='true'].
08-27 02:25:47.273  2531  2547 D UiDevice: Node not found with selector: BySelector [TEXT='\QFavourites\E', FOCUSED='true'].
08-27 02:25:47.374  2531  2547 D UiDevice: Retrieving node with selector: BySelector [TEXT='\QFavourites\E', FOCUSED='true'].
08-27 02:25:47.386  2531  2547 D UiDevice: Node not found with selector: BySelector [TEXT='\QFavourites\E', FOCUSED='true'].
08-27 02:25:47.387  2531  2547 D UiDevice: Pressing keycodes [20] with modifier 0.
08-27 02:25:47.410  2531  2547 D UiDevice: Pressing keycodes [22] with modifier 0.
08-27 02:25:47.411  3095  3114 D EGL_emulation: app_time_stats: avg=53.38ms min=11.96ms max=715.93ms count=19
08-27 02:25:47.447  2531  2547 D UiDevice: Waiting 1000ms for SearchCondition[findObject=BySelector [TEXT='\QTV Shows\E', FOCUSED='true']].
08-27 02:25:47.448  2531  2547 D UiDevice: Retrieving node with selector: BySelector [TEXT='\QTV Shows\E', FOCUSED='true'].
08-27 02:25:47.472  2531  2547 D UiDevice: Node not found with selector: BySelector [TEXT='\QTV Shows\E', FOCUSED='true'].
08-27 02:25:47.574  2531  2547 D UiDevice: Retrieving node with selector: BySelector [TEXT='\QTV Shows\E', FOCUSED='true'].
08-27 02:25:47.604  2531  2547 D UiDevice: Node not found with selector: BySelector [TEXT='\QTV Shows\E', FOCUSED='true'].
08-27 02:25:47.705  2531  2547 D UiDevice: Retrieving node with selector: BySelector [TEXT='\QTV Shows\E', FOCUSED='true'].
08-27 02:25:47.737  2531  2547 D UiDevice: Node not found with selector: BySelector [TEXT='\QTV Shows\E', FOCUSED='true'].
08-27 02:25:47.838  2531  2547 D UiDevice: Retrieving node with selector: BySelector [TEXT='\QTV Shows\E', FOCUSED='true'].
08-27 02:25:47.849  2531  2547 D UiDevice: Node not found with selector: BySelector [TEXT='\QTV Shows\E', FOCUSED='true'].
08-27 02:25:47.951  2531  2547 D UiDevice: Retrieving node with selector: BySelector [TEXT='\QTV Shows\E', FOCUSED='true'].
08-27 02:25:47.964  2531  2547 D UiDevice: Node not found with selector: BySelector [TEXT='\QTV Shows\E', FOCUSED='true'].
08-27 02:25:48.066  2531  2547 D UiDevice: Retrieving node with selector: BySelector [TEXT='\QTV Shows\E', FOCUSED='true'].
08-27 02:25:48.078  2531  2547 D UiDevice: Node not found with selector: BySelector [TEXT='\QTV Shows\E', FOCUSED='true'].
08-27 02:25:48.180  2531  2547 D UiDevice: Retrieving node with selector: BySelector [TEXT='\QTV Shows\E', FOCUSED='true'].
08-27 02:25:48.192  2531  2547 D UiDevice: Node not found with selector: BySelector [TEXT='\QTV Shows\E', FOCUSED='true'].
08-27 02:25:48.293  2531  2547 D UiDevice: Retrieving node with selector: BySelector [TEXT='\QTV Shows\E', FOCUSED='true'].
08-27 02:25:48.304  2531  2547 D UiDevice: Node not found with selector: BySelector [TEXT='\QTV Shows\E', FOCUSED='true'].
08-27 02:25:48.405  2531  2547 D UiDevice: Retrieving node with selector: BySelector [TEXT='\QTV Shows\E', FOCUSED='true'].
08-27 02:25:48.417  2531  2547 D UiDevice: Node not found with selector: BySelector [TEXT='\QTV Shows\E', FOCUSED='true'].
08-27 02:25:48.519  2531  2547 D UiDevice: Retrieving node with selector: BySelector [TEXT='\QTV Shows\E', FOCUSED='true'].
08-27 02:25:48.530  2531  2547 D UiDevice: Node not found with selector: BySelector [TEXT='\QTV Shows\E', FOCUSED='true'].
08-27 02:25:48.531  2531  2547 D UiDevice: Pressing keycodes [23] with modifier 0.
08-27 02:25:48.558  3095  3095 W WindowOnBackDispatcher: OnBackInvokedCallback is not enabled for the application.
08-27 02:25:48.558  3095  3095 W WindowOnBackDispatcher: Set 'android:enableOnBackInvokedCallback="true"' in the application manifest.
08-27 02:25:48.561  2531  2547 D UiDevice: Pressing keycodes [20] with modifier 0.
08-27 02:25:48.579  3095  3114 D EGL_emulation: app_time_stats: avg=50.70ms min=14.08ms max=801.96ms count=23
08-27 02:25:48.595  2531  2547 D UiDevice: Pressing keycodes [20] with modifier 0.
08-27 02:25:48.660  2531  2547 D UiDevice: Pressing keycodes [22] with modifier 0.
08-27 02:25:48.694  2531  2547 D UiDevice: Pressing keycodes [19] with modifier 0.
08-27 02:25:48.727  2531  2547 D UiDevice: Pressing keycodes [19] with modifier 0.
08-27 02:25:48.758  2531  2547 D UiDevice: Pressing keycodes [19] with modifier 0.
08-27 02:25:48.791  2531  2547 D UiDevice: Pressing keycodes [22] with modifier 0.
08-27 02:25:48.825  2531  2547 D UiDevice: Waiting 1000ms for SearchCondition[findObject=BySelector [DESC='^.*\QDashboard Search\E.*$', FOCUSED='true']].
08-27 02:25:48.825  2531  2547 D UiDevice: Retrieving node with selector: BySelector [DESC='^.*\QDashboard Search\E.*$', FOCUSED='true'].
08-27 02:25:49.031  2531  2547 D UiDevice: Node not found with selector: BySelector [DESC='^.*\QDashboard Search\E.*$', FOCUSED='true'].
08-27 02:25:49.131  2531  2547 D UiDevice: Retrieving node with selector: BySelector [DESC='^.*\QDashboard Search\E.*$', FOCUSED='true'].
08-27 02:25:49.154  2531  2547 D UiDevice: Node not found with selector: BySelector [DESC='^.*\QDashboard Search\E.*$', FOCUSED='true'].
08-27 02:25:49.256  2531  2547 D UiDevice: Retrieving node with selector: BySelector [DESC='^.*\QDashboard Search\E.*$', FOCUSED='true'].
08-27 02:25:49.269  2531  2547 D UiDevice: Node not found with selector: BySelector [DESC='^.*\QDashboard Search\E.*$', FOCUSED='true'].
08-27 02:25:49.370  2531  2547 D UiDevice: Retrieving node with selector: BySelector [DESC='^.*\QDashboard Search\E.*$', FOCUSED='true'].
08-27 02:25:49.593  3095  3114 D EGL_emulation: app_time_stats: avg=9.16ms min=1.63ms max=65.69ms count=57
08-27 02:25:49.803  2531  2547 D UiDevice: Node not found with selector: BySelector [DESC='^.*\QDashboard Search\E.*$', FOCUSED='true'].
08-27 02:25:49.905  2531  2547 D UiDevice: Retrieving node with selector: BySelector [DESC='^.*\QDashboard Search\E.*$', FOCUSED='true'].
08-27 02:25:49.916  2531  2547 D UiDevice: Node not found with selector: BySelector [DESC='^.*\QDashboard Search\E.*$', FOCUSED='true'].
08-27 02:25:49.916  2531  2547 D UiDevice: Pressing keycodes [20] with modifier 0.
08-27 02:25:49.955  2531  2547 D UiDevice: Pressing keycodes [20] with modifier 0.
08-27 02:25:49.977  2531  2547 D UiDevice: Pressing keycodes [22] with modifier 0.
08-27 02:25:50.011  2531  2547 D UiDevice: Pressing keycodes [22] with modifier 0.
08-27 02:25:50.043  2531  2547 D UiDevice: Pressing keycodes [22] with modifier 0.
08-27 02:25:50.077  2531  2547 D UiDevice: Pressing keycodes [22] with modifier 0.
08-27 02:25:50.110  2531  2547 D UiDevice: Pressing keycodes [22] with modifier 0.
08-27 02:25:50.143  2531  2547 D UiDevice: Pressing keycodes [22] with modifier 0.
08-27 02:25:50.177  2531  2547 D UiDevice: Pressing keycodes [22] with modifier 0.
08-27 02:25:50.209  2531  2547 D UiDevice: Pressing keycodes [22] with modifier 0.
08-27 02:25:50.242  2531  2547 D UiDevice: Pressing keycodes [22] with modifier 0.
08-27 02:25:50.276  2531  2547 D UiDevice: Pressing keycodes [22] with modifier 0.
08-27 02:25:50.310  2531  2547 D UiDevice: Pressing keycodes [21] with modifier 0.
08-27 02:25:50.343  2531  2547 D UiDevice: Pressing keycodes [21] with modifier 0.
08-27 02:25:50.377  2531  2547 D UiDevice: Pressing keycodes [21] with modifier 0.
08-27 02:25:50.408  2531  2547 D UiDevice: Pressing keycodes [21] with modifier 0.
08-27 02:25:50.444  2531  2547 D UiDevice: Pressing keycodes [21] with modifier 0.
08-27 02:25:50.480  2531  2547 D UiDevice: Pressing keycodes [21] with modifier 0.
08-27 02:25:50.510  2531  2547 D UiDevice: Pressing keycodes [21] with modifier 0.
08-27 02:25:50.543  2531  2547 D UiDevice: Pressing keycodes [21] with modifier 0.
08-27 02:25:50.577  2531  2547 D UiDevice: Pressing keycodes [21] with modifier 0.
08-27 02:25:50.610  2531  2547 D UiDevice: Pressing keycodes [21] with modifier 0.
08-27 02:25:50.643  2531  2547 D UiDevice: Pressing keycodes [19] with modifier 0.
08-27 02:25:50.676  3095  3114 D EGL_emulation: app_time_stats: avg=29.98ms min=8.11ms max=327.53ms count=36
08-27 02:25:50.676  2531  2547 D UiDevice: Pressing keycodes [19] with modifier 0.
08-27 02:25:50.710  2531  2547 D UiDevice: Pressing keycodes [21] with modifier 0.
08-27 02:25:50.745  2531  2547 D UiDevice: Pressing keycodes [21] with modifier 0.
08-27 02:25:50.777  2531  2547 D UiDevice: Pressing keycodes [21] with modifier 0.
08-27 02:25:50.810  2531  2547 D UiDevice: Pressing keycodes [21] with modifier 0.
08-27 02:25:50.842  2531  2547 D UiDevice: Pressing keycodes [21] with modifier 0.
08-27 02:25:50.877  2531  2547 D UiDevice: Pressing keycodes [21] with modifier 0.
08-27 02:25:50.910  2531  2547 D UiDevice: Waiting 1000ms for SearchCondition[findObject=BySelector [DESC='^.*\QUser Profile\E.*$', FOCUSED='true']].
08-27 02:25:50.910  2531  2547 D UiDevice: Retrieving node with selector: BySelector [DESC='^.*\QUser Profile\E.*$', FOCUSED='true'].
08-27 02:25:50.984  2531  2547 D UiDevice: Node not found with selector: BySelector [DESC='^.*\QUser Profile\E.*$', FOCUSED='true'].
08-27 02:25:51.086  2531  2547 D UiDevice: Retrieving node with selector: BySelector [DESC='^.*\QUser Profile\E.*$', FOCUSED='true'].
08-27 02:25:51.096  2531  2547 D UiDevice: Node not found with selector: BySelector [DESC='^.*\QUser Profile\E.*$', FOCUSED='true'].
08-27 02:25:51.198  2531  2547 D UiDevice: Retrieving node with selector: BySelector [DESC='^.*\QUser Profile\E.*$', FOCUSED='true'].
08-27 02:25:51.209  2531  2547 D UiDevice: Node not found with selector: BySelector [DESC='^.*\QUser Profile\E.*$', FOCUSED='true'].
08-27 02:25:51.310  2531  2547 D UiDevice: Retrieving node with selector: BySelector [DESC='^.*\QUser Profile\E.*$', FOCUSED='true'].
08-27 02:25:51.321  2531  2547 D UiDevice: Node not found with selector: BySelector [DESC='^.*\QUser Profile\E.*$', FOCUSED='true'].
08-27 02:25:51.422  2531  2547 D UiDevice: Retrieving node with selector: BySelector [DESC='^.*\QUser Profile\E.*$', FOCUSED='true'].
08-27 02:25:51.433  2531  2547 D UiDevice: Node not found with selector: BySelector [DESC='^.*\QUser Profile\E.*$', FOCUSED='true'].
08-27 02:25:51.534  2531  2547 D UiDevice: Retrieving node with selector: BySelector [DESC='^.*\QUser Profile\E.*$', FOCUSED='true'].
08-27 02:25:51.545  2531  2547 D UiDevice: Node not found with selector: BySelector [DESC='^.*\QUser Profile\E.*$', FOCUSED='true'].
08-27 02:25:51.646  2531  2547 D UiDevice: Retrieving node with selector: BySelector [DESC='^.*\QUser Profile\E.*$', FOCUSED='true'].
08-27 02:25:51.656  2531  2547 D UiDevice: Node not found with selector: BySelector [DESC='^.*\QUser Profile\E.*$', FOCUSED='true'].
08-27 02:25:51.757  2531  2547 D UiDevice: Retrieving node with selector: BySelector [DESC='^.*\QUser Profile\E.*$', FOCUSED='true'].
08-27 02:25:51.768  2531  2547 D UiDevice: Node not found with selector: BySelector [DESC='^.*\QUser Profile\E.*$', FOCUSED='true'].
08-27 02:25:51.869  2531  2547 D UiDevice: Retrieving node with selector: BySelector [DESC='^.*\QUser Profile\E.*$', FOCUSED='true'].
08-27 02:25:51.882  2531  2547 D UiDevice: Node not found with selector: BySelector [DESC='^.*\QUser Profile\E.*$', FOCUSED='true'].
08-27 02:25:51.982  2531  2547 D UiDevice: Retrieving node with selector: BySelector [DESC='^.*\QUser Profile\E.*$', FOCUSED='true'].
08-27 02:25:51.993  2531  2547 D UiDevice: Node not found with selector: BySelector [DESC='^.*\QUser Profile\E.*$', FOCUSED='true'].
08-27 02:25:51.994  2531  2547 D UiDevice: Pressing keycodes [23] with modifier 0.
08-27 02:25:52.027  2531  2547 D UiDevice: Pressing keycodes [20] with modifier 0.
08-27 02:25:52.045  3095  3114 D EGL_emulation: app_time_stats: avg=65.12ms min=12.06ms max=1017.83ms count=21
08-27 02:25:52.058  2531  2547 D UiDevice: Pressing keycodes [20] with modifier 0.
08-27 02:25:52.071  3095  3095 I ExoPlayerImpl: Init af72b51 [AndroidXMedia3/1.6.0-beta01] [emu64x, Android SDK built for x86_64, unknown, 34]
08-27 02:25:52.119  3095  3176 I Surface : Surface::setFrameRate is deprecated, setFrameRate hint is dropped as destination is not SurfaceFlinger
08-27 02:25:52.147   327  3180 I resolv  : GetAddrInfoHandler::run: {100 100 100 983140 10141 0}
08-27 02:25:52.150   327  3181 I resolv  : res_nmkquery: (QUERY, IN, AAAA)
08-27 02:25:52.155   327  3181 I resolv  : res_nsend: used send_dg 50 terrno: 0
08-27 02:25:52.155   327  3181 I resolv  : doQuery: rcode=0, ancount=0, return value=50
08-27 02:25:52.155   327  3182 I resolv  : res_nmkquery: (QUERY, IN, A)
08-27 02:25:52.160   327  3182 I resolv  : res_nsend: used send_dg 66 terrno: 0
08-27 02:25:52.161   327  3182 I resolv  : doQuery: rcode=0, ancount=1, return value=66
08-27 02:25:52.163  3095  3179 D TrafficStats: tagSocket(94) with statsTag=0xffffffff, statsUid=-1
08-27 02:25:52.727  2531  2547 D UiDevice: Pressing keycodes [20] with modifier 0.
08-27 02:25:52.758  2531  2547 D UiDevice: Pressing keycodes [20] with modifier 0.
08-27 02:25:52.792  2531  2547 D UiDevice: Pressing keycodes [20] with modifier 0.
08-27 02:25:52.825  2531  2547 D UiDevice: Pressing keycodes [19] with modifier 0.
08-27 02:25:52.860  2531  2547 D UiDevice: Pressing keycodes [19] with modifier 0.
08-27 02:25:52.893  2531  2547 D UiDevice: Pressing keycodes [19] with modifier 0.
08-27 02:25:52.927  2531  2547 D UiDevice: Pressing keycodes [19] with modifier 0.
08-27 02:25:52.959  2531  2547 D UiDevice: Pressing keycodes [19] with modifier 0.
08-27 02:25:52.993  2531  2547 D UiDevice: Pressing keycodes [19] with modifier 0.
08-27 02:25:53.026  2531  2547 D UiDevice: Waiting 1000ms for SearchCondition[findObject=BySelector [DESC='^.*\QUser Profile\E.*$', FOCUSED='true']].
08-27 02:25:53.026  2531  2547 D UiDevice: Retrieving node with selector: BySelector [DESC='^.*\QUser Profile\E.*$', FOCUSED='true'].
08-27 02:25:53.061  3095  3114 D EGL_emulation: app_time_stats: avg=9.44ms min=1.11ms max=82.45ms count=52
08-27 02:25:53.064  3095  3179 D MetadataUtil: Skipped unknown metadata entry: gsst
08-27 02:25:53.064  3095  3179 D MetadataUtil: Skipped unknown metadata entry: gstd
08-27 02:25:53.064  3095  3179 D MetadataUtil: Skipped unknown metadata entry: gssd
08-27 02:25:53.065  3095  3179 D MetadataUtil: Skipped unknown metadata entry: gspu
08-27 02:25:53.065  3095  3179 D MetadataUtil: Skipped unknown metadata entry: gspm
08-27 02:25:53.065  3095  3179 D MetadataUtil: Skipped unknown metadata entry: gshh
08-27 02:25:53.087  2531  2547 D UiDevice: Node not found with selector: BySelector [DESC='^.*\QUser Profile\E.*$', FOCUSED='true'].
08-27 02:25:53.103   887   887 D StatusBarIconController: ignoring old pipeline callbacks, because the new mobile icons are enabled
08-27 02:25:53.144  3095  3176 I DMCodecAdapterFactory: Creating an asynchronous MediaCodec adapter for track type video
08-27 02:25:53.150  3095  3187 D CCodec  : allocate(c2.goldfish.h264.decoder)
08-27 02:25:53.151  3095  3187 I Codec2Client: Available Codec2 services: "default" "software"
08-27 02:25:53.153  3095  3187 I CCodec  : setting up 'default' as default (vendor) store
08-27 02:25:53.155   345  3026 I GoldfishComponentStore: in init
08-27 02:25:53.155   345  3026 I GoldfishComponentStore: loading dll of path libcodec2_goldfish_avcdec.so
08-27 02:25:53.156   345  3026 I GoldfishComponentStore: Create()
08-27 02:25:53.156   345  3026 I GoldfishComponentStore: created interface
08-27 02:25:53.157   345  3026 I GoldfishComponentStore: created component
08-27 02:25:53.163  3095  3187 I CCodec  : Created component [c2.goldfish.h264.decoder]
08-27 02:25:53.164  3095  3187 D CCodecConfig: read media type: video/avc
08-27 02:25:53.167  3095  3187 D ReflectedParamUpdater: extent() != 1 for single value type: algo.buffers.max-count.values
08-27 02:25:53.169  3095  3187 D ReflectedParamUpdater: extent() != 1 for single value type: output.subscribed-indices.values
08-27 02:25:53.169  3095  3187 D ReflectedParamUpdater: extent() != 1 for single value type: input.buffers.allocator-ids.values
08-27 02:25:53.170  3095  3187 D ReflectedParamUpdater: extent() != 1 for single value type: output.buffers.allocator-ids.values
08-27 02:25:53.170  3095  3187 D ReflectedParamUpdater: extent() != 1 for single value type: algo.buffers.allocator-ids.values
08-27 02:25:53.171  3095  3187 D ReflectedParamUpdater: extent() != 1 for single value type: output.buffers.pool-ids.values
08-27 02:25:53.171  3095  3187 D ReflectedParamUpdater: extent() != 1 for single value type: algo.buffers.pool-ids.values
08-27 02:25:53.173  3095  3187 D ReflectedParamUpdater: ignored struct field coded.color-format.locations
08-27 02:25:53.177  3095  3187 D CCodecConfig: ignoring local param raw.size (0xd2001800) as it is already supported
08-27 02:25:53.177  3095  3187 D CCodecConfig: ignoring local param default.color (0x5200180b) as it is already supported
08-27 02:25:53.177  3095  3187 D ReflectedParamUpdater: ignored struct field raw.hdr-static-info.mastering
08-27 02:25:53.178  3095  3187 I CCodecConfig: query failed after returning 12 values (BAD_INDEX)
08-27 02:25:53.178  3095  3187 D CCodecConfig: c2 config diff is Dict {
08-27 02:25:53.178  3095  3187 D CCodecConfig:   c2::u32 coded.pl.level = 20496
08-27 02:25:53.178  3095  3187 D CCodecConfig:   c2::u32 coded.pl.profile = 20481
08-27 02:25:53.178  3095  3187 D CCodecConfig:   c2::u32 coded.vui.color.matrix = 0
08-27 02:25:53.178  3095  3187 D CCodecConfig:   c2::u32 coded.vui.color.primaries = 0
08-27 02:25:53.178  3095  3187 D CCodecConfig:   c2::u32 coded.vui.color.range = 2
08-27 02:25:53.178  3095  3187 D CCodecConfig:   c2::u32 coded.vui.color.transfer = 0
08-27 02:25:53.178  3095  3187 D CCodecConfig:   c2::u32 default.color.matrix = 0
08-27 02:25:53.178  3095  3187 D CCodecConfig:   c2::u32 default.color.primaries = 0
08-27 02:25:53.178  3095  3187 D CCodecConfig:   c2::u32 default.color.range = 0
08-27 02:25:53.178  3095  3187 D CCodecConfig:   c2::u32 default.color.transfer = 0
08-27 02:25:53.178  3095  3187 D CCodecConfig:   c2::u32 input.buffers.max-size.value = 6291456
08-27 02:25:53.178  3095  3187 D CCodecConfig:   c2::u32 input.delay.value = 0
08-27 02:25:53.178  3095  3187 D CCodecConfig:   string input.media-type.value = "video/avc"
08-27 02:25:53.178  3095  3187 D CCodecConfig:   c2::u32 output.delay.value = 8
08-27 02:25:53.178  3095  3187 D CCodecConfig:   string output.media-type.value = "video/raw"
08-27 02:25:53.178  3095  3187 D CCodecConfig:   c2::u32 raw.color.matrix = 0
08-27 02:25:53.178  3095  3187 D CCodecConfig:   c2::u32 raw.color.primaries = 0
08-27 02:25:53.178  3095  3187 D CCodecConfig:   c2::u32 raw.color.range = 2
08-27 02:25:53.178  3095  3187 D CCodecConfig:   c2::u32 raw.color.transfer = 0
08-27 02:25:53.178  3095  3187 D CCodecConfig:   c2::u32 raw.max-size.height = 240
08-27 02:25:53.178  3095  3187 D CCodecConfig:   c2::u32 raw.max-size.width = 320
08-27 02:25:53.178  3095  3187 D CCodecConfig:   c2::u32 raw.pixel-format.value = 35
08-27 02:25:53.178  3095  3187 D CCodecConfig:   c2::i32 raw.rotation.flip = 0
08-27 02:25:53.178  3095  3187 D CCodecConfig:   c2::i32 raw.rotation.value = 0
08-27 02:25:53.178  3095  3187 D CCodecConfig:   c2::u32 raw.sar.height = 1
08-27 02:25:53.178  3095  3187 D CCodecConfig:   c2::u32 raw.sar.width = 1
08-27 02:25:53.178  3095  3187 D CCodecConfig:   c2::u32 raw.size.height = 240
08-27 02:25:53.178  3095  3187 D CCodecConfig:   c2::u32 raw.size.width = 320
08-27 02:25:53.178  3095  3187 D CCodecConfig:   c2:
08-27 02:25:53.179  3095  3187 W ColorUtils: expected specified color aspects (2:0:0:0)
08-27 02:25:53.182  3095  3186 I MediaCodec: MediaCodec will operate in async mode
08-27 02:25:53.184  3095  3186 D MediaCodec: flushMediametrics
08-27 02:25:53.184  3095  3186 D SurfaceUtils: connecting to surface 0x726a49e09f10, reason connectToSurface
08-27 02:25:53.184  3095  3186 I MediaCodec: [c2.goldfish.h264.decoder] setting surface generation to 3169281
08-27 02:25:53.184  3095  3186 D SurfaceUtils: disconnecting from surface 0x726a49e09f10, reason connectToSurface(reconnect)
08-27 02:25:53.184  3095  3186 D SurfaceUtils: connecting to surface 0x726a49e09f10, reason connectToSurface(reconnect)
08-27 02:25:53.185  3095  3187 D CCodec  : [c2.goldfish.h264.decoder] buffers are bound to CCodec for this session
08-27 02:25:53.185  3095  3187 D CCodecConfig: no c2 equivalents for csd-1
08-27 02:25:53.185  3095  3187 D CCodecConfig: no c2 equivalents for log-session-id
08-27 02:25:53.185  3095  3187 D CCodecConfig: no c2 equivalents for native-window
08-27 02:25:53.185  3095  3187 D CCodecConfig: no c2 equivalents for flags
08-27 02:25:53.186  3095  3187 D CCodecConfig: config failed => CORRUPTED
08-27 02:25:53.186  3095  3187 D CCodecConfig: c2 config diff is   c2::u32 raw.max-size.height = 720
08-27 02:25:53.186  3095  3187 D CCodecConfig:   c2::u32 raw.max-size.width = 1280
08-27 02:25:53.186  3095  3187 D CCodecConfig:   c2::u32 raw.size.height = 720
08-27 02:25:53.186  3095  3187 D CCodecConfig:   c2::u32 raw.size.width = 1280
08-27 02:25:53.186  3095  3187 W Codec2Client: query -- param skipped: index = 1107298332.
08-27 02:25:53.186  3095  3187 D CCodec  : client requested max input size 595237, which is smaller than what component recommended (6291456); overriding with component recommendation.
08-27 02:25:53.186  3095  3187 W CCodec  : This behavior is subject to change. It is recommended that app developers double check whether the requested max input size is in reasonable range.
08-27 02:25:53.187  3095  3187 D CCodec  : encoding statistics level = 0
08-27 02:25:53.187  3095  3187 D CCodec  : setup formats input: AMessage(what = 0x00000000) = {
08-27 02:25:53.187  3095  3187 D CCodec  :   int32_t height = 720
08-27 02:25:53.187  3095  3187 D CCodec  :   int32_t level = 65536
08-27 02:25:53.187  3095  3187 D CCodec  :   int32_t max-input-size = 6291456
08-27 02:25:53.187  3095  3187 D CCodec  :   string mime = "video/avc"
08-27 02:25:53.187  3095  3187 D CCodec  :   int32_t profile = 65536
08-27 02:25:53.187  3095  3187 D CCodec  :   int32_t width = 1280
08-27 02:25:53.187  3095  3187 D CCodec  :   Rect crop(0, 0, 1279, 719)
08-27 02:25:53.187  3095  3187 D CCodec  : }
08-27 02:25:53.187  3095  3187 D CCodec  : setup formats output: AMessage(what = 0x00000000) = {
08-27 02:25:53.187  3095  3187 D CCodec  :   int32_t android._color-format = 2135033992
08-27 02:25:53.187  3095  3187 D CCodec  :   int32_t android._video-scaling = 1
08-27 02:25:53.187  3095  3187 D CCodec  :   int32_t rotation-degrees = 0
08-27 02:25:53.187  3095  3187 D CCodec  :   int32_t color-standard = 1
08-27 02:25:53.187  3095  3187 D CCodec  :   int32_t color-range = 2
08-27 02:25:53.187  3095  3187 D CCodec  :   int32_t color-transfer = 3
08-27 02:25:53.187  3095  3187 D CCodec  :   int32_t sar-height = 1
08-27 02:25:53.187  3095  3187 D CCodec  :   int32_t sar-width = 1
08-27 02:25:53.187  3095  3187 D CCodec  :   Rect crop(0, 0, 1279, 719)
08-27 02:25:53.187  3095  3187 D CCodec  :   int32_t width = 1280
08-27 02:25:53.187  3095  3187 D CCodec  :   int32_t height = 720
08-27 02:25:53.187  3095  3187 D CCodec  :   int32_t max-height = 720
08-27 02:25:53.187  3095  3187 D CCodec  :   int32_t max-width = 1280
08-27 02:25:53.187  3095  3187 D CCodec  :   string mime = "video/raw"
08-27 02:25:53.187  3095  3187 D CCodec  :   int32_t android._dataspace = 260
08-27 02:25:53.187  3095  3187 D CCodec  :   int32_t color-format = 2130708361
08-27 02:25:53.187  3095  3187 D CCodec  : }
08-27 02:25:53.187  3095  3187 I CCodecConfig: query failed after returning 12 values (BAD_INDEX)
08-27 02:25:53.188  2531  2547 D UiDevice: Retrieving node with selector: BySelector [DESC='^.*\QUser Profile\E.*$', FOCUSED='true'].
08-27 02:25:53.197  3095  3176 D MediaCodec: keep callback message for reclaim
08-27 02:25:53.198   345  3192 D C2GoldfishAvcDec: calling onInit
08-27 02:25:53.198  3095  3187 W Codec2Client: query -- param skipped: index = 1342179345.
08-27 02:25:53.198  3095  3187 W Codec2Client: query -- param skipped: index = 2415921170.
08-27 02:25:53.198  3095  3187 W Codec2Client: query -- param skipped: index = 1610614798.
08-27 02:25:53.199  2531  2547 D UiDevice: Node not found with selector: BySelector [DESC='^.*\QUser Profile\E.*$', FOCUSED='true'].
08-27 02:25:53.199  3095  3187 W Codec2Client: query -- param skipped: index = 2684356609.
08-27 02:25:53.199  3095  3187 D C2Store : Using DMABUF Heaps
08-27 02:25:53.200  3095  3187 D CCodecBufferChannel: [c2.goldfish.h264.decoder#450] Created input block pool with allocatorID 16 => poolID 17 - OK (0)
08-27 02:25:53.201  3095  3187 D CCodecBufferChannel: [c2.goldfish.h264.decoder#450] Query output surface allocator returned 0 params => BAD_INDEX (6)
